Component: ARM Compiler 5.06 update 7 (build 960) Tool: armlink [4d3601]

==============================================================================

Section Cross References

    main.o(i.main) refers to delay.o(i.Deley_Init) for Deley_Init
    main.o(i.main) refers to usart.o(i.Usart2_Init) for Usart2_Init
    main.o(i.main) refers to usart.o(i.Usart0_Init) for Usart0_Init
    main.o(i.main) refers to iic.o(i.IIC_Init) for IIC_Init
    main.o(i.main) refers to w25q64.o(i.W25Q64_Init) for W25Q64_Init
    main.o(i.main) refers to m24c02.o(i.M24C02_ReadOTAInfo) for M24C02_ReadOTAInfo
    main.o(i.main) refers to 4g.o(i.GM_4G_Init) for GM_4G_Init
    main.o(i.main) refers to usart.o(i.U0_MyPrintf) for U0_MyPrintf
    main.o(i.main) refers to 4g.o(i.U2_Event) for U2_Event
    main.o(i.main) refers to usart.o(.bss) for U2_ControlBlock
    system_gd32f10x.o(i.SystemInit) refers to system_gd32f10x.o(i.system_clock_config) for system_clock_config
    system_gd32f10x.o(i.SystemInit) refers to gd32f10x_misc.o(i.nvic_vector_table_set) for nvic_vector_table_set
    system_gd32f10x.o(i.system_clock_config) refers to system_gd32f10x.o(i.system_clock_108m_hxtal) for system_clock_108m_hxtal
    startup_gd32f10x_md.o(STACK) refers (Special) to heapauxi.o(.text) for __use_two_region_memory
    startup_gd32f10x_md.o(HEAP) refers (Special) to heapauxi.o(.text) for __use_two_region_memory
    startup_gd32f10x_md.o(RESET) refers (Special) to heapauxi.o(.text) for __use_two_region_memory
    startup_gd32f10x_md.o(RESET) refers to startup_gd32f10x_md.o(STACK) for __initial_sp
    startup_gd32f10x_md.o(RESET) refers to startup_gd32f10x_md.o(.text) for Reset_Handler
    startup_gd32f10x_md.o(RESET) refers to gd32f10x_it.o(i.NMI_Handler) for NMI_Handler
    startup_gd32f10x_md.o(RESET) refers to gd32f10x_it.o(i.HardFault_Handler) for HardFault_Handler
    startup_gd32f10x_md.o(RESET) refers to gd32f10x_it.o(i.MemManage_Handler) for MemManage_Handler
    startup_gd32f10x_md.o(RESET) refers to gd32f10x_it.o(i.BusFault_Handler) for BusFault_Handler
    startup_gd32f10x_md.o(RESET) refers to gd32f10x_it.o(i.UsageFault_Handler) for UsageFault_Handler
    startup_gd32f10x_md.o(RESET) refers to gd32f10x_it.o(i.SVC_Handler) for SVC_Handler
    startup_gd32f10x_md.o(RESET) refers to gd32f10x_it.o(i.DebugMon_Handler) for DebugMon_Handler
    startup_gd32f10x_md.o(RESET) refers to gd32f10x_it.o(i.PendSV_Handler) for PendSV_Handler
    startup_gd32f10x_md.o(RESET) refers to gd32f10x_it.o(i.SysTick_Handler) for SysTick_Handler
    startup_gd32f10x_md.o(RESET) refers to gd32f10x_it.o(i.EXTI0_IRQHandler) for EXTI0_IRQHandler
    startup_gd32f10x_md.o(RESET) refers to gd32f10x_it.o(i.USART2_IRQHandler) for USART2_IRQHandler
    startup_gd32f10x_md.o(.text) refers (Special) to heapauxi.o(.text) for __use_two_region_memory
    startup_gd32f10x_md.o(.text) refers to system_gd32f10x.o(i.SystemInit) for SystemInit
    startup_gd32f10x_md.o(.text) refers to __main.o(!!!main) for __main
    startup_gd32f10x_md.o(.text) refers to startup_gd32f10x_md.o(HEAP) for Heap_Mem
    startup_gd32f10x_md.o(.text) refers to startup_gd32f10x_md.o(STACK) for Stack_Mem
    gd32f10x_it.o(i.EXTI0_IRQHandler) refers to gd32f10x_exti.o(i.exti_interrupt_flag_get) for exti_interrupt_flag_get
    gd32f10x_it.o(i.EXTI0_IRQHandler) refers to gd32f10x_exti.o(i.exti_interrupt_flag_clear) for exti_interrupt_flag_clear
    gd32f10x_it.o(i.EXTI0_IRQHandler) refers to gd32f10x_gpio.o(i.gpio_input_bit_get) for gpio_input_bit_get
    gd32f10x_it.o(i.EXTI0_IRQHandler) refers to usart.o(i.U0_MyPrintf) for U0_MyPrintf
    gd32f10x_it.o(i.USART2_IRQHandler) refers to gd32f10x_usart.o(i.usart_interrupt_flag_get) for usart_interrupt_flag_get
    gd32f10x_it.o(i.USART2_IRQHandler) refers to gd32f10x_usart.o(i.usart_flag_get) for usart_flag_get
    gd32f10x_it.o(i.USART2_IRQHandler) refers to gd32f10x_usart.o(i.usart_data_receive) for usart_data_receive
    gd32f10x_it.o(i.USART2_IRQHandler) refers to gd32f10x_dma.o(i.dma_transfer_number_get) for dma_transfer_number_get
    gd32f10x_it.o(i.USART2_IRQHandler) refers to gd32f10x_dma.o(i.dma_channel_disable) for dma_channel_disable
    gd32f10x_it.o(i.USART2_IRQHandler) refers to gd32f10x_dma.o(i.dma_transfer_number_config) for dma_transfer_number_config
    gd32f10x_it.o(i.USART2_IRQHandler) refers to gd32f10x_dma.o(i.dma_memory_address_config) for dma_memory_address_config
    gd32f10x_it.o(i.USART2_IRQHandler) refers to gd32f10x_dma.o(i.dma_channel_enable) for dma_channel_enable
    gd32f10x_it.o(i.USART2_IRQHandler) refers to usart.o(.bss) for U2_ControlBlock
    usart.o(i.DMA_Init) refers to gd32f10x_dma.o(i.dma_deinit) for dma_deinit
    usart.o(i.DMA_Init) refers to gd32f10x_dma.o(i.dma_init) for dma_init
    usart.o(i.DMA_Init) refers to gd32f10x_dma.o(i.dma_circulation_disable) for dma_circulation_disable
    usart.o(i.DMA_Init) refers to gd32f10x_dma.o(i.dma_channel_enable) for dma_channel_enable
[...]
    .ARM.Collect$$libinit$$00000015          0x08005200   Section        0  libinit2.o(.ARM.Collect$$libinit$$00000015)
    .ARM.Collect$$libinit$$00000016          0x08005200   Section       10  libinit2.o(.ARM.Collect$$libinit$$00000016)
    .ARM.Collect$$libinit$$00000017          0x0800520a   Section        0  libinit2.o(.ARM.Collect$$libinit$$00000017)
    .ARM.Collect$$libinit$$00000019          0x0800520a   Section        0  libinit2.o(.ARM.Collect$$libinit$$00000019)
    .ARM.Collect$$libinit$$0000001B          0x0800520a   Section        0  libinit2.o(.ARM.Collect$$libinit$$0000001B)
    .ARM.Collect$$libinit$$0000001D          0x0800520a   Section        0  libinit2.o(.ARM.Collect$$libinit$$0000001D)
    .ARM.Collect$$libinit$$0000001F          0x0800520a   Section        0  libinit2.o(.ARM.Collect$$libinit$$0000001F)
    .ARM.Collect$$libinit$$00000021          0x0800520a   Section        0  libinit2.o(.ARM.Collect$$libinit$$00000021)
    .ARM.Collect$$libinit$$00000023          0x0800520a   Section        0  libinit2.o(.ARM.Collect$$libinit$$00000023)
    .ARM.Collect$$libinit$$00000025          0x0800520a   Section        0  libinit2.o(.ARM.Collect$$libinit$$00000025)
    .ARM.Collect$$libinit$$0000002C          0x0800520a   Section        0  libinit2.o(.ARM.Collect$$libinit$$0000002C)
    .ARM.Collect$$libinit$$0000002E          0x0800520a   Section        0  libinit2.o(.ARM.Collect$$libinit$$0000002E)
    .ARM.Collect$$libinit$$00000030          0x0800520a   Section        0  libinit2.o(.ARM.Collect$$libinit$$00000030)
    .ARM.Collect$$libinit$$00000032          0x0800520a   Section        0  libinit2.o(.ARM.Collect$$libinit$$00000032)
    .ARM.Collect$$libinit$$00000033          0x0800520a   Section        2  libinit2.o(.ARM.Collect$$libinit$$00000033)
    .ARM.Collect$$libshutdown$$00000000      0x0800520c   Section        2  libshutdown.o(.ARM.Collect$$libshutdown$$00000000)
    .ARM.Collect$$libshutdown$$00000002      0x0800520e   Section        0  libshutdown2.o(.ARM.Collect$$libshutdown$$00000002)
    .ARM.Collect$$libshutdown$$00000004      0x0800520e   Section        0  libshutdown2.o(.ARM.Collect$$libshutdown$$00000004)
    .ARM.Collect$$libshutdown$$00000006      0x0800520e   Section        0  libshutdown2.o(.ARM.Collect$$libshutdown$$00000006)
    .ARM.Collect$$libshutdown$$00000009      0x0800520e   Section        0  libshutdown2.o(.ARM.Collect$$libshutdown$$00000009)
    .ARM.Collect$$libshutdown$$0000000C      0x0800520e   Section        0  libshutdown2.o(.ARM.Collect$$libshutdown$$0000000C)
    .ARM.Collect$$libshutdown$$0000000E      0x0800520e   Section        0  libshutdown2.o(.ARM.Collect$$libshutdown$$0000000E)
    .ARM.Collect$$libshutdown$$00000011      0x0800520e   Section        0  libshutdown2.o(.ARM.Collect$$libshutdown$$00000011)
    .ARM.Collect$$libshutdown$$00000012      0x0800520e   Section        2  libshutdown2.o(.ARM.Collect$$libshutdown$$00000012)
    .ARM.Collect$$rtentry$$00000000          0x08005210   Section        0  __rtentry.o(.ARM.Collect$$rtentry$$00000000)
    .ARM.Collect$$rtentry$$00000002          0x08005210   Section        0  __rtentry2.o(.ARM.Collect$$rtentry$$00000002)
    .ARM.Collect$$rtentry$$00000004          0x08005210   Section        6  __rtentry4.o(.ARM.Collect$$rtentry$$00000004)
    .ARM.Collect$$rtentry$$00000009          0x08005216   Section        0  __rtentry2.o(.ARM.Collect$$rtentry$$00000009)
    .ARM.Collect$$rtentry$$0000000A          0x08005216   Section        4  __rtentry2.o(.ARM.Collect$$rtentry$$0000000A)
    .ARM.Collect$$rtentry$$0000000C          0x0800521a   Section        0  __rtentry2.o(.ARM.Collect$$rtentry$$0000000C)
    .ARM.Collect$$rtentry$$0000000D          0x0800521a   Section        8  __rtentry2.o(.ARM.Collect$$rtentry$$0000000D)
    .ARM.Collect$$rtexit$$00000000           0x08005222   Section        2  rtexit.o(.ARM.Collect$$rtexit$$00000000)
    .ARM.Collect$$rtexit$$00000002           0x08005224   Section        0  rtexit2.o(.ARM.Collect$$rtexit$$00000002)
    .ARM.Collect$$rtexit$$00000003           0x08005224   Section        4  rtexit2.o(.ARM.Collect$$rtexit$$00000003)
    .ARM.Collect$$rtexit$$00000004           0x08005228   Section        6  rtexit2.o(.ARM.Collect$$rtexit$$00000004)
    .text                                    0x08005230   Section       64  startup_gd32f10x_md.o(.text)
    .text                                    0x08005270   Section        0  vsprintf.o(.text)
    .text                                    0x08005294   Section        0  memcmp.o(.text)
    .text                                    0x080052ec   Section        0  strlen.o(.text)
    .text                                    0x0800532a   Section       78  rt_memclr_w.o(.text)
    .text                                    0x08005378   Section        0  heapauxi.o(.text)
    .text                                    0x0800537e   Section        0  _printf_pad.o(.text)
    .text                                    0x080053cc   Section        0  _printf_truncate.o(.text)
    .text                                    0x080053f0   Section        0  _printf_str.o(.text)
    .text                                    0x08005444   Section        0  _printf_dec.o(.text)
    .text                                    0x080054bc   Section        0  _printf_charcount.o(.text)
    .text                                    0x080054e4   Section        0  _printf_char_common.o(.text)
    _printf_input_char                       0x080054e5   Thumb Code    10  _printf_char_common.o(.text)
    .text                                    0x08005514   Section        0  _sputc.o(.text)
    .text                                    0x08005520   Section        0  _printf_wctomb.o(.text)
    .text                                    0x080055dc   Section        0  _printf_longlong_dec.o(.text)
    .text                                    0x08005658   Section        0  _printf_oct_int_ll.o(.text)
    _printf_longlong_oct_internal            0x08005659   Thumb Code     0  _printf_oct_int_ll.o(.text)
    .text                                    0x080056c8   Section        0  _printf_hex_int_ll_ptr.o(.text)
    _printf_hex_common                       0x080056c9   Thumb Code     0  _printf_hex_int_ll_ptr.o(.text)
    .text                                    0x0800575c   Section        0  __printf_flags_ss_wp.o(.text)
    .text                                    0x080058e4   Section      138  lludiv10.o(.text)
    .text                                    0x0800596e   Section        0  _printf_intcommon.o(.text)
    .text                                    0x08005a20   Section        0  _printf_fp_dec.o(.text)
    _fp_digits                               0x08005a23   Thumb Code   432  _printf_fp_dec.o(.text)
    .text                                    0x08005e40   Section        0  _printf_fp_hex.o(.text)
    .text                                    0x0800613c   Section        0  _printf_char.o(.text)
    .text                                    0x08006168   Section        0  _printf_wchar.o(.text)
    .text                                    0x08006194   Section        0  _wcrtomb.o(.text)
    .text                                    0x080061d4   Section       74  sys_stackheap_outer.o(.text)
    .text                                    0x08006220   Section       16  rt_ctype_table.o(.text)
    .text                                    0x08006230   Section        8  rt_locale_intlibspace.o(.text)
    .text                                    0x08006238   Section        0  _printf_fp_infnan.o(.text)
    .text                                    0x080062b8   Section        0  bigflt0.o(.text)
    .text                                    0x0800639c   Section        0  exit.o(.text)
    .text                                    0x080063b0   Section        8  libspace.o(.text)
    .text                                    0x080063b8   Section      128  strcmpv7m.o(.text)
    .text                                    0x08006438   Section        0  sys_exit.o(.text)
    .text                                    0x08006444   Section        2  use_no_semi.o(.text)
    .text                                    0x08006446   Section        0  indicate_semi.o(.text)
    CL$$btod_d2e                             0x08006446   Section       62  btod.o(CL$$btod_d2e)
    CL$$btod_d2e_denorm_low                  0x08006484   Section       70  btod.o(CL$$btod_d2e_denorm_low)
    CL$$btod_d2e_norm_op1                    0x080064ca   Section       96  btod.o(CL$$btod_d2e_norm_op1)
    CL$$btod_div_common                      0x0800652a   Section      824  btod.o(CL$$btod_div_common)
    CL$$btod_e2e                             0x08006862   Section      220  btod.o(CL$$btod_e2e)
    CL$$btod_ediv                            0x0800693e   Section       42  btod.o(CL$$btod_ediv)
    CL$$btod_emul                            0x08006968   Section       42  btod.o(CL$$btod_emul)
    CL$$btod_mult_common                     0x08006992   Section      580  btod.o(CL$$btod_mult_common)
    i.BusFault_Handler                       0x08006bd6   Section        0  gd32f10x_it.o(i.BusFault_Handler)
    i.DMA_Init                               0x08006bdc   Section        0  usart.o(i.DMA_Init)
    i.DebugMon_Handler                       0x08006c40   Section        0  gd32f10x_it.o(i.DebugMon_Handler)
    i.Delay_Ms                               0x08006c44   Section        0  delay.o(i.Delay_Ms)
    i.Delay_Us                               0x08006c5e   Section        0  delay.o(i.Delay_Us)
    i.Deley_Init                             0x08006c98   Section        0  delay.o(i.Deley_Init)
    i.EXTI0_IRQHandler                       0x08006ca4   Section        0  gd32f10x_it.o(i.EXTI0_IRQHandler)
    i.GM_4G_Init                             0x08006d14   Section        0  4g.o(i.GM_4G_Init)
    i.HardFault_Handler                      0x08006d7c   Section        0  gd32f10x_it.o(i.HardFault_Handler)
    i.IIC_Init                               0x08006d80   Section        0  iic.o(i.IIC_Init)
    i.IIC_Read_Byte                          0x08006db8   Section        0  iic.o(i.IIC_Read_Byte)
    i.IIC_Send_Byte                          0x08006e5c   Section        0  iic.o(i.IIC_Send_Byte)
    i.IIC_Start                              0x08006eb8   Section        0  iic.o(i.IIC_Start)
    i.IIC_Stop                               0x08006eec   Section        0  iic.o(i.IIC_Stop)
    i.IIC_Wait_Ack                           0x08006f14   Section        0  iic.o(i.IIC_Wait_Ack)
    i.M24C02_ReadData                        0x08006f6c   Section        0  m24c02.o(i.M24C02_ReadData)
    i.M24C02_ReadOTAInfo                     0x08006fe0   Section        0  m24c02.o(i.M24C02_ReadOTAInfo)
    i.M24C02_WriteOTAInfo                    0x08006ffc   Section        0  m24c02.o(i.M24C02_WriteOTAInfo)
    i.M24C02_WritePage                       0x0800702c   Section        0  m24c02.o(i.M24C02_WritePage)
    i.MemManage_Handler                      0x08007082   Section        0  gd32f10x_it.o(i.MemManage_Handler)
    i.NMI_Handler                            0x08007086   Section        0  gd32f10x_it.o(i.NMI_Handler)
    i.PendSV_Handler                         0x0800708a   Section        0  gd32f10x_it.o(i.PendSV_Handler)
    i.SPI0_Init                              0x08007090   Section        0  spi.o(i.SPI0_Init)
    i.SPI0_TransmitAndReceive                0x080070f8   Section        0  spi.o(i.SPI0_TransmitAndReceive)
    i.SPI0_Write                             0x08007130   Section        0  spi.o(i.SPI0_Write)
    i.SVC_Handler                            0x0800714a   Section        0  gd32f10x_it.o(i.SVC_Handler)
    i.SysTick_Handler                        0x0800714e   Section        0  gd32f10x_it.o(i.SysTick_Handler)
    i.SystemInit                             0x08007150   Section        0  system_gd32f10x.o(i.SystemInit)
    i.U0_MyPrintf                            0x08007228   Section        0  usart.o(i.U0_MyPrintf)
    i.U2_Event                               0x08007284   Section        0  4g.o(i.U2_Event)
    i.U2_RxPtrInit                           0x080073a4   Section        0  usart.o(i.U2_RxPtrInit)
    i.USART2_IRQHandler                      0x080073c4   Section        0  gd32f10x_it.o(i.USART2_IRQHandler)
    i.UsageFault_Handler                     0x08007490   Section        0  gd32f10x_it.o(i.UsageFault_Handler)
    i.Usart0_Init                            0x08007494   Section        0  usart.o(i.Usart0_Init)
    i.Usart2_Init                            0x080074f4   Section        0  usart.o(i.Usart2_Init)
    i.W25Q64_Enable                          0x08007598   Section        0  w25q64.o(i.W25Q64_Enable)
    i.W25Q64_Erase64k                        0x080075bc   Section        0  w25q64.o(i.W25Q64_Erase64k)
    i.W25Q64_Init                            0x08007608   Section        0  w25q64.o(i.W25Q64_Init)
    i.W25Q64_PageWrite                       0x08007630   Section        0  w25q64.o(i.W25Q64_PageWrite)
    i.W25Q64_WaitBusy                        0x08007684   Section        0  w25q64.o(i.W25Q64_WaitBusy)
    i.__ARM_fpclassify                       0x080076b4   Section        0  fpclassify.o(i.__ARM_fpclassify)
    i._is_digit                              0x080076dc   Section        0  __printf_wp.o(i._is_digit)
    i.dma_channel_disable                    0x080076ea   Section        0  gd32f10x_dma.o(i.dma_channel_disable)
    i.dma_channel_enable                     0x0800771c   Section        0  gd32f10x_dma.o(i.dma_channel_enable)
    i.dma_circulation_disable                0x0800774e   Section        0  gd32f10x_dma.o(i.dma_circulation_disable)
    i.dma_deinit                             0x08007780   Section        0  gd32f10x_dma.o(i.dma_deinit)
    i.dma_init                               0x080077f0   Section        0  gd32f10x_dma.o(i.dma_init)
    i.dma_memory_address_config              0x0800791e   Section        0  gd32f10x_dma.o(i.dma_memory_address_config)
    i.dma_periph_and_channel_check           0x08007944   Section        0  gd32f10x_dma.o(i.dma_periph_and_channel_check)
    dma_periph_and_channel_check             0x08007945   Thumb Code    18  gd32f10x_dma.o(i.dma_periph_and_channel_check)
    i.dma_transfer_number_config             0x0800795c   Section        0  gd32f10x_dma.o(i.dma_transfer_number_config)
    i.dma_transfer_number_get                0x08007982   Section        0  gd32f10x_dma.o(i.dma_transfer_number_get)
    i.exti_deinit                            0x080079a4   Section        0  gd32f10x_exti.o(i.exti_deinit)
    i.exti_init                              0x080079c0   Section        0  gd32f10x_exti.o(i.exti_init)
    i.exti_interrupt_enable                  0x08007a7c   Section        0  gd32f10x_exti.o(i.exti_interrupt_enable)
    i.exti_interrupt_flag_clear              0x08007a8c   Section        0  gd32f10x_exti.o(i.exti_interrupt_flag_clear)
    i.exti_interrupt_flag_get                0x08007a98   Section        0  gd32f10x_exti.o(i.exti_interrupt_flag_get)
    i.gpio_bit_reset                         0x08007ab0   Section        0  gd32f10x_gpio.o(i.gpio_bit_reset)
    i.gpio_bit_set                           0x08007ab4   Section        0  gd32f10x_gpio.o(i.gpio_bit_set)
    i.gpio_exti_source_select                0x08007ab8   Section        0  gd32f10x_gpio.o(i.gpio_exti_source_select)
    i.gpio_init                              0x08007b50   Section        0  gd32f10x_gpio.o(i.gpio_init)
    i.gpio_input_bit_get                     0x08007bfc   Section        0  gd32f10x_gpio.o(i.gpio_input_bit_get)
    i.main                                   0x08007c0c   Section        0  main.o(i.main)
    i.nvic_irq_enable                        0x08007cd0   Section        0  gd32f10x_misc.o(i.nvic_irq_enable)
    i.nvic_priority_group_set                0x08007d7c   Section        0  gd32f10x_misc.o(i.nvic_priority_group_set)
    i.nvic_vector_table_set                  0x08007d90   Section        0  gd32f10x_misc.o(i.nvic_vector_table_set)
    i.rcu_clock_freq_get                     0x08007da8   Section        0  gd32f10x_rcu.o(i.rcu_clock_freq_get)
    i.rcu_periph_clock_enable                0x08007ecc   Section        0  gd32f10x_rcu.o(i.rcu_periph_clock_enable)
    i.rcu_periph_reset_disable               0x08007eec   Section        0  gd32f10x_rcu.o(i.rcu_periph_reset_disable)
    i.rcu_periph_reset_enable                0x08007f0c   Section        0  gd32f10x_rcu.o(i.rcu_periph_reset_enable)
    i.spi_enable                             0x08007f2c   Section        0  gd32f10x_spi.o(i.spi_enable)
    i.spi_i2s_data_receive                   0x08007f36   Section        0  gd32f10x_spi.o(i.spi_i2s_data_receive)
    i.spi_i2s_data_transmit                  0x08007f3e   Section        0  gd32f10x_spi.o(i.spi_i2s_data_transmit)
    i.spi_i2s_deinit                         0x08007f44   Section        0  gd32f10x_spi.o(i.spi_i2s_deinit)
    i.spi_i2s_flag_get                       0x08007f9c   Section        0  gd32f10x_spi.o(i.spi_i2s_flag_get)
    i.spi_init                               0x08007fac   Section        0  gd32f10x_spi.o(i.spi_init)
    i.system_clock_108m_hxtal                0x08007fe0   Section        0  system_gd32f10x.o(i.system_clock_108m_hxtal)
    system_clock_108m_hxtal                  0x08007fe1   Thumb Code   182  system_gd32f10x.o(i.system_clock_108m_hxtal)
    i.system_clock_config                    0x080080a4   Section        0  system_gd32f10x.o(i.system_clock_config)
    system_clock_config                      0x080080a5   Thumb Code     8  system_gd32f10x.o(i.system_clock_config)
    i.systick_clksource_set                  0x080080ac   Section        0  gd32f10x_misc.o(i.systick_clksource_set)
    i.usart_baudrate_set                     0x080080d4   Section        0  gd32f10x_usart.o(i.usart_baudrate_set)
    i.usart_data_receive                     0x08008164   Section        0  gd32f10x_usart.o(i.usart_data_receive)
    i.usart_data_transmit                    0x0800816e   Section        0  gd32f10x_usart.o(i.usart_data_transmit)
    i.usart_deinit                           0x08008178   Section        0  gd32f10x_usart.o(i.usart_deinit)
    i.usart_dma_receive_config               0x08008208   Section        0  gd32f10x_usart.o(i.usart_dma_receive_config)
    i.usart_enable                           0x0800821c   Section        0  gd32f10x_usart.o(i.usart_enable)
    i.usart_flag_get                         0x08008226   Section        0  gd32f10x_usart.o(i.usart_flag_get)
    i.usart_interrupt_enable                 0x08008244   Section        0  gd32f10x_usart.o(i.usart_interrupt_enable)
    i.usart_interrupt_flag_get               0x0800825e   Section        0  gd32f10x_usart.o(i.usart_interrupt_flag_get)
    i.usart_parity_config                    0x08008296   Section        0  gd32f10x_usart.o(i.usart_parity_config)
    i.usart_receive_config                   0x080082a6   Section        0  gd32f10x_usart.o(i.usart_receive_config)
    i.usart_stop_bit_set                     0x080082b6   Section        0  gd32f10x_usart.o(i.usart_stop_bit_set)
    i.usart_transmit_config                  0x080082c6   Section        0  gd32f10x_usart.o(i.usart_transmit_config)
    i.usart_word_length_set                  0x080082d6   Section        0  gd32f10x_usart.o(i.usart_word_length_set)
    locale$$code                             0x080082e8   Section       44  lc_numeric_c.o(locale$$code)
    locale$$code                             0x08008314   Section       44  lc_ctype_c.o(locale$$code)
    x$fpl$printf1                            0x08008340   Section        4  printf1.o(x$fpl$printf1)
    x$fpl$printf2                            0x08008344   Section        4  printf2.o(x$fpl$printf2)
    .constdata                               0x08008348   Section        8  _printf_wctomb.o(.constdata)
    x$fpl$usenofp                            0x08008348   Section        0  usenofp.o(x$fpl$usenofp)
    initial_mbstate                          0x08008348   Data           8  _printf_wctomb.o(.constdata)
    .constdata                               0x08008350   Section       40  _printf_hex_int_ll_ptr.o(.constdata)
    uc_hextab                                0x08008350   Data          20  _printf_hex_int_ll_ptr.o(.constdata)
    lc_hextab                                0x08008364   Data          20  _printf_hex_int_ll_ptr.o(.constdata)
    .constdata                               0x08008378   Section       17  __printf_flags_ss_wp.o(.constdata)
    maptable                                 0x08008378   Data          17  __printf_flags_ss_wp.o(.constdata)
    .constdata                               0x08008389   Section       38  _printf_fp_hex.o(.constdata)
    lc_hextab                                0x08008389   Data          19  _printf_fp_hex.o(.constdata)
    uc_hextab                                0x0800839c   Data          19  _printf_fp_hex.o(.constdata)
    .constdata                               0x080083b0   Section      148  bigflt0.o(.constdata)
    tenpwrs_x                                0x080083b0   Data          60  bigflt0.o(.constdata)
    tenpwrs_i                                0x080083ec   Data          64  bigflt0.o(.constdata)
    locale$$data                             0x08008454   Section       28  lc_numeric_c.o(locale$$data)
    __lcnum_c_name                           0x08008458   Data           2  lc_numeric_c.o(locale$$data)
    __lcnum_c_start                          0x08008460   Data           0  lc_numeric_c.o(locale$$data)
    __lcnum_c_point                          0x0800846c   Data           0  lc_numeric_c.o(locale$$data)
    __lcnum_c_thousands                      0x0800846e   Data           0  lc_numeric_c.o(locale$$data)
    __lcnum_c_grouping                       0x0800846f   Data           0  lc_numeric_c.o(locale$$data)
    locale$$data                             0x08008470   Section      272  lc_ctype_c.o(locale$$data)
    __lcnum_c_end                            0x08008470   Data           0  lc_numeric_c.o(locale$$data)
    __lcctype_c_name                         0x08008474   Data           2  lc_ctype_c.o(locale$$data)
    __lcctype_c_start                        0x0800847c   Data           0  lc_ctype_c.o(locale$$data)
    __lcctype_c_end                          0x08008580   Data           0  lc_ctype_c.o(locale$$data)
    .bss                                     0x20000000   Section     1120  main.o(.bss)
    .bss                                     0x20000460   Section    17088  usart.o(.bss)
    .bss                                     0x20004720   Section       96  libspace.o(.bss)
    HEAP                                     0x20004780   Section      512  startup_gd32f10x_md.o(HEAP)
    Heap_Mem                                 0x20004780   Data         512  startup_gd32f10x_md.o(HEAP)
    STACK                                    0x20004980   Section     1024  startup_gd32f10x_md.o(STACK)
    Stack_Mem                                0x20004980   Data        1024  startup_gd32f10x_md.o(STACK)
    __initial_sp                             0x20004d80   Data           0  startup_gd32f10x_md.o(STACK)

    Global Symbols

    Symbol Name                              Value     Ov Type        Size  Object(Section)

    BuildAttributes$$THM_ISAv4$P$D$K$B$S$PE$A:L22UL41UL21$X:L11$S22US41US21$IEEE1$IW$USESV6$~STKCKD$USESV7$~SHL$OTIME$ROPI$IEEEJ$EBA8$UX$STANDARDLIB$REQ8$PRES8$EABIv2 0x00000000   Number         0  anon$$obj.o ABSOLUTE
    __ARM_use_no_argv                        0x00000000   Number         0  main.o ABSOLUTE
    _printf_flags                            0x00000000   Number         0  printf_stubs.o ABSOLUTE
    _printf_return_value                     0x00000000   Number         0  printf_stubs.o ABSOLUTE
    _printf_sizespec                         0x00000000   Number         0  printf_stubs.o ABSOLUTE
    _printf_widthprec                        0x00000000   Number         0  printf_stubs.o ABSOLUTE
    __ARM_exceptions_init                     - Undefined Weak Reference
    __alloca_initialize                       - Undefined Weak Reference
    __arm_fini_                               - Undefined Weak Reference
    __arm_preinit_                            - Undefined Weak Reference
    __cpp_initialize__aeabi_                  - Undefined Weak Reference
    __cxa_finalize                            - Undefined Weak Reference
    __sigvec_lookup                           - Undefined Weak Reference
    _atexit_init                              - Undefined Weak Reference
    _call_atexit_fns                          - Undefined Weak Reference
    _clock_init                               - Undefined Weak Reference
    _fp_trap_init                             - Undefined Weak Reference
    _fp_trap_shutdown                         - Undefined Weak Reference
    _get_lc_collate                           - Undefined Weak Reference
    _get_lc_monetary                          - Undefined Weak Reference
    _get_lc_time                              - Undefined Weak Reference
    _getenv_init                              - Undefined Weak Reference
    _handle_redirection                       - Undefined Weak Reference
    _init_alloc                               - Undefined Weak Reference
    _init_user_alloc                          - Undefined Weak Reference
    _initio                                   - Undefined Weak Reference
    _printf_mbtowc                            - Undefined Weak Reference
    _printf_wc                                - Undefined Weak Reference
    _rand_init                                - Undefined Weak Reference
    _signal_finish                            - Undefined Weak Reference
    _signal_init                              - Undefined Weak Reference
    _terminate_alloc                          - Undefined Weak Reference
    _terminate_user_alloc                     - Undefined Weak Reference
    _terminateio                              - Undefined Weak Reference
    __Vectors_Size                           0x00000104   Number         0  startup_gd32f10x_md.o ABSOLUTE
    __Vectors                                0x08005000   Data           4  startup_gd32f10x_md.o(RESET)
    __Vectors_End                            0x08005104   Data           0  startup_gd32f10x_md.o(RESET)
    __main                                   0x08005105   Thumb Code     8  __main.o(!!!main)
    __scatterload                            0x0800510d   Thumb Code     0  __scatter.o(!!!scatter)
    __scatterload_rt2                        0x0800510d   Thumb Code    44  __scatter.o(!!!scatter)
    __scatterload_rt2_thumb_only             0x0800510d   Thumb Code     0  __scatter.o(!!!scatter)
    __scatterload_null                       0x0800511b   Thumb Code     0  __scatter.o(!!!scatter)
    __scatterload_zeroinit                   0x08005141   Thumb Code    28  __scatter_zi.o(!!handler_zi)
    _printf_n                                0x0800515d   Thumb Code     0  _printf_n.o(.ARM.Collect$$_printf_percent$$00000001)
    _printf_percent                          0x0800515d   Thumb Code     0  _printf_percent.o(.ARM.Collect$$_printf_percent$$00000000)
    _printf_p                                0x08005163   Thumb Code     0  _printf_p.o(.ARM.Collect$$_printf_percent$$00000002)
    _printf_f                                0x08005169   Thumb Code     0  _printf_f.o(.ARM.Collect$$_printf_percent$$00000003)
    _printf_e                                0x0800516f   Thumb Code     0  _printf_e.o(.ARM.Collect$$_printf_percent$$00000004)
    _printf_g                                0x08005175   Thumb Code     0  _printf_g.o(.ARM.Collect$$_printf_percent$$00000005)
    _printf_a                                0x0800517b   Thumb Code     0  _printf_a.o(.ARM.Collect$$_printf_percent$$00000006)
    _printf_ll                               0x08005181   Thumb Code     0  _printf_ll.o(.ARM.Collect$$_printf_percent$$00000007)
    _printf_i                                0x0800518b   Thumb Code     0  _printf_i.o(.ARM.Collect$$_printf_percent$$00000008)
    _printf_d                                0x08005191   Thumb Code     0  _printf_d.o(.ARM.Collect$$_printf_percent$$00000009)
    _printf_u                                0x08005197   Thumb Code     0  _printf_u.o(.ARM.Collect$$_printf_percent$$0000000A)
    _printf_o                                0x0800519d   Thumb Code     0  _printf_o.o(.ARM.Collect$$_printf_percent$$0000000B)
    _printf_x                                0x080051a3   Thumb Code     0  _printf_x.o(.ARM.Collect$$_printf_percent$$0000000C)
    _printf_lli                              0x080051a9   Thumb Code     0  _printf_lli.o(.ARM.Collect$$_printf_percent$$0000000D)
    _printf_lld                              0x080051af   Thumb Code     0  _printf_lld.o(.ARM.Collect$$_printf_percent$$0000000E)
    _printf_llu                              0x080051b5   Thumb Code     0  _printf_llu.o(.ARM.Collect$$_printf_percent$$0000000F)
    _printf_llo                              0x080051bb   Thumb Code     0  _printf_llo.o(.ARM.Collect$$_printf_percent$$00000010)
    _printf_llx                              0x080051c1   Thumb Code     0  _printf_llx.o(.ARM.Collect$$_printf_percent$$00000011)
    _printf_l                                0x080051c7   Thumb Code     0  _printf_l.o(.ARM.Collect$$_printf_percent$$00000012)
    _printf_c                                0x080051d1   Thumb Code     0  _printf_c.o(.ARM.Collect$$_printf_percent$$00000013)
    _printf_s                                0x080051d7   Thumb Code     0  _printf_s.o(.ARM.Collect$$_printf_percent$$00000014)
    _printf_lc                               0x080051dd   Thumb Code     0  _printf_lc.o(.ARM.Collect$$_printf_percent$$00000015)
    _printf_ls                               0x080051e3   Thumb Code     0  _printf_ls.o(.ARM.Collect$$_printf_percent$$00000016)
    _printf_percent_end                      0x080051e9   Thumb Code     0  _printf_percent_end.o(.ARM.Collect$$_printf_percent$$00000017)
    __rt_lib_init                            0x080051ed   Thumb Code     0  libinit.o(.ARM.Collect$$libinit$$00000000)
    __rt_lib_init_fp_1                       0x080051ef   Thumb Code     0  libinit2.o(.ARM.Collect$$libinit$$00000002)
    __rt_lib_init_heap_1                     0x080051ef   Thumb Code     0  libinit2.o(.ARM.Collect$$libinit$$0000000A)
    __rt_lib_init_lc_common                  0x080051ef   Thumb Code     0  libinit2.o(.ARM.Collect$$libinit$$0000000F)
    __rt_lib_init_preinit_1                  0x080051ef   Thumb Code     0  libinit2.o(.ARM.Collect$$libinit$$00000004)
    __rt_lib_init_rand_1                     0x080051ef   Thumb Code     0  libinit2.o(.ARM.Collect$$libinit$$0000000E)
    __rt_lib_init_user_alloc_1               0x080051ef   Thumb Code     0  libinit2.o(.ARM.Collect$$libinit$$0000000C)
    __rt_lib_init_lc_collate_1               0x080051f5   Thumb Code     0  libinit2.o(.ARM.Collect$$libinit$$00000011)
    __rt_lib_init_lc_ctype_2                 0x080051f5   Thumb Code     0  libinit2.o(.ARM.Collect$$libinit$$00000012)
    __rt_lib_init_lc_ctype_1                 0x08005201   Thumb Code     0  libinit2.o(.ARM.Collect$$libinit$$00000013)
    __rt_lib_init_lc_monetary_1              0x08005201   Thumb Code     0  libinit2.o(.ARM.Collect$$libinit$$00000015)
    __rt_lib_init_lc_numeric_2               0x08005201   Thumb Code     0  libinit2.o(.ARM.Collect$$libinit$$00000016)
    __rt_lib_init_alloca_1                   0x0800520b   Thumb Code     0  libinit2.o(.ARM.Collect$$libinit$$0000002E)
    __rt_lib_init_argv_1                     0x0800520b   Thumb Code     0  libinit2.o(.ARM.Collect$$libinit$$0000002C)
    __rt_lib_init_atexit_1                   0x0800520b   Thumb Code     0  libinit2.o(.ARM.Collect$$libinit$$0000001B)
    __rt_lib_init_clock_1                    0x0800520b   Thumb Code     0  libinit2.o(.ARM.Collect$$libinit$$00000021)
    __rt_lib_init_cpp_1                      0x0800520b   Thumb Code     0  libinit2.o(.ARM.Collect$$libinit$$00000032)
    __rt_lib_init_exceptions_1               0x0800520b   Thumb Code     0  libinit2.o(.ARM.Collect$$libinit$$00000030)
    __rt_lib_init_fp_trap_1                  0x0800520b   Thumb Code     0  libinit2.o(.ARM.Collect$$libinit$$0000001F)
    __rt_lib_init_getenv_1                   0x0800520b   Thumb Code     0  libinit2.o(.ARM.Collect$$libinit$$00000023)
    __rt_lib_init_lc_numeric_1               0x0800520b   Thumb Code     0  libinit2.o(.ARM.Collect$$libinit$$00000017)
    __rt_lib_init_lc_time_1                  0x0800520b   Thumb Code     0  libinit2.o(.ARM.Collect$$libinit$$00000019)
    __rt_lib_init_return                     0x0800520b   Thumb Code     0  libinit2.o(.ARM.Collect$$libinit$$00000033)
    __rt_lib_init_signal_1                   0x0800520b   Thumb Code     0  libinit2.o(.ARM.Collect$$libinit$$0000001D)
    __rt_lib_init_stdio_1                    0x0800520b   Thumb Code     0  libinit2.o(.ARM.Collect$$libinit$$00000025)
    __rt_lib_shutdown                        0x0800520d   Thumb Code     0  libshutdown.o(.ARM.Collect$$libshutdown$$00000000)
    __rt_lib_shutdown_cpp_1                  0x0800520f   Thumb Code     0  libshutdown2.o(.ARM.Collect$$libshutdown$$00000004)
    __rt_lib_shutdown_fini_1                 0x0800520f   Thumb Code     0  libshutdown2.o(.ARM.Collect$$libshutdown$$00000002)
    __rt_lib_shutdown_fp_trap_1              0x0800520f   Thumb Code     0  libshutdown2.o(.ARM.Collect$$libshutdown$$00000009)
    __rt_lib_shutdown_heap_1                 0x0800520f   Thumb Code     0  libshutdown2.o(.ARM.Collect$$libshutdown$$00000011)
    __rt_lib_shutdown_return                 0x0800520f   Thumb Code     0  libshutdown2.o(.ARM.Collect$$libshutdown$$00000012)
    __rt_lib_shutdown_signal_1               0x0800520f   Thumb Code     0  libshutdown2.o(.ARM.Collect$$libshutdown$$0000000C)
    __rt_lib_shutdown_stdio_1                0x0800520f   Thumb Code     0  libshutdown2.o(.ARM.Collect$$libshutdown$$00000006)
    __rt_lib_shutdown_user_alloc_1           0x0800520f   Thumb Code     0  libshutdown2.o(.ARM.Collect$$libshutdown$$0000000E)
    __rt_entry                               0x08005211   Thumb Code     0  __rtentry.o(.ARM.Collect$$rtentry$$00000000)
    __rt_entry_presh_1                       0x08005211   Thumb Code     0  __rtentry2.o(.ARM.Collect$$rtentry$$00000002)
    __rt_entry_sh                            0x08005211   Thumb Code     0  __rtentry4.o(.ARM.Collect$$rtentry$$00000004)
    __rt_entry_li                            0x08005217   Thumb Code     0  __rtentry2.o(.ARM.Collect$$rtentry$$0000000A)
    __rt_entry_postsh_1                      0x08005217   Thumb Code     0  __rtentry2.o(.ARM.Collect$$rtentry$$00000009)
    __rt_entry_main                          0x0800521b   Thumb Code     0  __rtentry2.o(.ARM.Collect$$rtentry$$0000000D)
    __rt_entry_postli_1                      0x0800521b   Thumb Code     0  __rtentry2.o(.ARM.Collect$$rtentry$$0000000C)
    __rt_exit                                0x08005223   Thumb Code     0  rtexit.o(.ARM.Collect$$rtexit$$00000000)
    __rt_exit_ls                             0x08005225   Thumb Code     0  rtexit2.o(.ARM.Collect$$rtexit$$00000003)
    __rt_exit_prels_1                        0x08005225   Thumb Code     0  rtexit2.o(.ARM.Collect$$rtexit$$00000002)
    __rt_exit_exit                           0x08005229   Thumb Code     0  rtexit2.o(.ARM.Collect$$rtexit$$00000004)
    Reset_Handler                            0x08005231   Thumb Code     8  startup_gd32f10x_md.o(.text)
    ADC0_1_IRQHandler                        0x0800524b   Thumb Code     0  startup_gd32f10x_md.o(.text)
    CAN0_EWMC_IRQHandler                     0x0800524b   Thumb Code     0  startup_gd32f10x_md.o(.text)
    CAN0_RX1_IRQHandler                      0x0800524b   Thumb Code     0  startup_gd32f10x_md.o(.text)
    DMA0_Channel0_IRQHandler                 0x0800524b   Thumb Code     0  startup_gd32f10x_md.o(.text)
    DMA0_Channel1_IRQHandler                 0x0800524b   Thumb Code     0  startup_gd32f10x_md.o(.text)
    DMA0_Channel2_IRQHandler                 0x0800524b   Thumb Code     0  startup_gd32f10x_md.o(.text)
    DMA0_Channel3_IRQHandler                 0x0800524b   Thumb Code     0  startup_gd32f10x_md.o(.text)
    DMA0_Channel4_IRQHandler                 0x0800524b   Thumb Code     0  startup_gd32f10x_md.o(.text)
    DMA0_Channel5_IRQHandler                 0x0800524b   Thumb Code     0  startup_gd32f10x_md.o(.text)
    DMA0_Channel6_IRQHandler                 0x0800524b   Thumb Code     0  startup_gd32f10x_md.o(.text)
    EXMC_IRQHandler                          0x0800524b   Thumb Code     0  startup_gd32f10x_md.o(.text)
    EXTI10_15_IRQHandler                     0x0800524b   Thumb Code     0  startup_gd32f10x_md.o(.text)
    EXTI1_IRQHandler                         0x0800524b   Thumb Code     0  startup_gd32f10x_md.o(.text)
    EXTI2_IRQHandler                         0x0800524b   Thumb Code     0  startup_gd32f10x_md.o(.text)
    EXTI3_IRQHandler                         0x0800524b   Thumb Code     0  startup_gd32f10x_md.o(.text)
    EXTI4_IRQHandler                         0x0800524b   Thumb Code     0  startup_gd32f10x_md.o(.text)
    EXTI5_9_IRQHandler                       0x0800524b   Thumb Code     0  startup_gd32f10x_md.o(.text)
    FMC_IRQHandler                           0x0800524b   Thumb Code     0  startup_gd32f10x_md.o(.text)
    I2C0_ER_IRQHandler                       0x0800524b   Thumb Code     0  startup_gd32f10x_md.o(.text)
    I2C0_EV_IRQHandler                       0x0800524b   Thumb Code     0  startup_gd32f10x_md.o(.text)
    I2C1_ER_IRQHandler                       0x0800524b   Thumb Code     0  startup_gd32f10x_md.o(.text)
    I2C1_EV_IRQHandler                       0x0800524b   Thumb Code     0  startup_gd32f10x_md.o(.text)
    LVD_IRQHandler                           0x0800524b   Thumb Code     0  startup_gd32f10x_md.o(.text)
    RCU_IRQHandler                           0x0800524b   Thumb Code     0  startup_gd32f10x_md.o(.text)
    RTC_Alarm_IRQHandler                     0x0800524b   Thumb Code     0  startup_gd32f10x_md.o(.text)
    RTC_IRQHandler                           0x0800524b   Thumb Code     0  startup_gd32f10x_md.o(.text)
    SPI0_IRQHandler                          0x0800524b   Thumb Code     0  startup_gd32f10x_md.o(.text)
    SPI1_IRQHandler                          0x0800524b   Thumb Code     0  startup_gd32f10x_md.o(.text)
    TAMPER_IRQHandler                        0x0800524b   Thumb Code     0  startup_gd32f10x_md.o(.text)
    TIMER0_BRK_IRQHandler                    0x0800524b   Thumb Code     0  startup_gd32f10x_md.o(.text)
    TIMER0_Channel_IRQHandler                0x0800524b   Thumb Code     0  startup_gd32f10x_md.o(.text)
    TIMER0_TRG_CMT_IRQHandler                0x0800524b   Thumb Code     0  startup_gd32f10x_md.o(.text)
    TIMER0_UP_IRQHandler                     0x0800524b   Thumb Code     0  startup_gd32f10x_md.o(.text)
    TIMER1_IRQHandler                        0x0800524b   Thumb Code     0  startup_gd32f10x_md.o(.text)
    TIMER2_IRQHandler                        0x0800524b   Thumb Code     0  startup_gd32f10x_md.o(.text)
    TIMER3_IRQHandler                        0x0800524b   Thumb Code     0  startup_gd32f10x_md.o(.text)
    USART0_IRQHandler                        0x0800524b   Thumb Code     0  startup_gd32f10x_md.o(.text)
    USART1_IRQHandler                        0x0800524b   Thumb Code     0  startup_gd32f10x_md.o(.text)
    USBD_HP_CAN0_TX_IRQHandler               0x0800524b   Thumb Code     0  startup_gd32f10x_md.o(.text)
    USBD_LP_CAN0_RX0_IRQHandler              0x0800524b   Thumb Code     0  startup_gd32f10x_md.o(.text)
    USBD_WKUP_IRQHandler                     0x0800524b   Thumb Code     0  startup_gd32f10x_md.o(.text)
    WWDGT_IRQHandler                         0x0800524b   Thumb Code     0  startup_gd32f10x_md.o(.text)
    __user_initial_stackheap                 0x0800524d   Thumb Code    10  startup_gd32f10x_md.o(.text)
    vsprintf                                 0x08005271   Thumb Code    32  vsprintf.o(.text)
    memcmp                                   0x08005295   Thumb Code    88  memcmp.o(.text)
    strlen                                   0x080052ed   Thumb Code    62  strlen.o(.text)
    __aeabi_memclr4                          0x0800532b   Thumb Code     0  rt_memclr_w.o(.text)
    __aeabi_memclr8                          0x0800532b   Thumb Code     0  rt_memclr_w.o(.text)
    __rt_memclr_w                            0x0800532b   Thumb Code    78  rt_memclr_w.o(.text)
    _memset_w                                0x0800532f   Thumb Code     0  rt_memclr_w.o(.text)
    __use_two_region_memory                  0x08005379   Thumb Code     2  heapauxi.o(.text)
    __rt_heap_escrow$2region                 0x0800537b   Thumb Code     2  heapauxi.o(.text)
    __rt_heap_expand$2region                 0x0800537d   Thumb Code     2  heapauxi.o(.text)
    _printf_pre_padding                      0x0800537f   Thumb Code    44  _printf_pad.o(.text)
    _printf_post_padding                     0x080053ab   Thumb Code    34  _printf_pad.o(.text)
    _printf_truncate_signed                  0x080053cd   Thumb Code    18  _printf_truncate.o(.text)
    _printf_truncate_unsigned                0x080053df   Thumb Code    18  _printf_truncate.o(.text)
    _printf_str                              0x080053f1   Thumb Code    82  _printf_str.o(.text)
    _printf_int_dec                          0x08005445   Thumb Code   104  _printf_dec.o(.text)
    _printf_charcount                        0x080054bd   Thumb Code    40  _printf_charcount.o(.text)
    _printf_char_common                      0x080054ef   Thumb Code    32  _printf_char_common.o(.text)
    _sputc                                   0x08005515   Thumb Code    10  _sputc.o(.text)
    _printf_wctomb                           0x08005521   Thumb Code   182  _printf_wctomb.o(.text)
    _printf_longlong_dec                     0x080055dd   Thumb Code   108  _printf_longlong_dec.o(.text)
    _printf_longlong_oct                     0x08005659   Thumb Code    66  _printf_oct_int_ll.o(.text)
    _printf_int_oct                          0x0800569b   Thumb Code    24  _printf_oct_int_ll.o(.text)
    _printf_ll_oct                           0x080056b3   Thumb Code    12  _printf_oct_int_ll.o(.text)
    _printf_longlong_hex                     0x080056c9   Thumb Code    86  _printf_hex_int_ll_ptr.o(.text)
    _printf_int_hex                          0x0800571f   Thumb Code    28  _printf_hex_int_ll_ptr.o(.text)
    _printf_ll_hex                           0x0800573b   Thumb Code    12  _printf_hex_int_ll_ptr.o(.text)
    _printf_hex_ptr                          0x08005747   Thumb Code    18  _printf_hex_int_ll_ptr.o(.text)
    __printf                                 0x0800575d   Thumb Code   388  __printf_flags_ss_wp.o(.text)
    _ll_udiv10                               0x080058e5   Thumb Code   138  lludiv10.o(.text)
    _printf_int_common                       0x0800596f   Thumb Code   178  _printf_intcommon.o(.text)
    __lib_sel_fp_printf                      0x08005a21   Thumb Code     2  _printf_fp_dec.o(.text)
    _printf_fp_dec_real                      0x08005bd3   Thumb Code   620  _printf_fp_dec.o(.text)
    _printf_fp_hex_real                      0x08005e41   Thumb Code   756  _printf_fp_hex.o(.text)
    _printf_cs_common                        0x0800613d   Thumb Code    20  _printf_char.o(.text)
    _printf_char                             0x08006151   Thumb Code    16  _printf_char.o(.text)
    _printf_string                           0x08006161   Thumb Code     8  _printf_char.o(.text)
    _printf_lcs_common                       0x08006169   Thumb Code    20  _printf_wchar.o(.text)
    _printf_wchar                            0x0800617d   Thumb Code    16  _printf_wchar.o(.text)
    _printf_wstring                          0x0800618d   Thumb Code     8  _printf_wchar.o(.text)
    _wcrtomb                                 0x08006195   Thumb Code    64  _wcrtomb.o(.text)
    __user_setup_stackheap                   0x080061d5   Thumb Code    74  sys_stackheap_outer.o(.text)
    __rt_ctype_table                         0x08006221   Thumb Code    16  rt_ctype_table.o(.text)
    __rt_locale                              0x08006231   Thumb Code     8  rt_locale_intlibspace.o(.text)
    _printf_fp_infnan                        0x08006239   Thumb Code   112  _printf_fp_infnan.o(.text)
    _btod_etento                             0x080062b9   Thumb Code   224  bigflt0.o(.text)
    exit                                     0x0800639d   Thumb Code    18  exit.o(.text)
    __user_libspace                          0x080063b1   Thumb Code     8  libspace.o(.text)
    __user_perproc_libspace                  0x080063b1   Thumb Code     0  libspace.o(.text)
    __user_perthread_libspace                0x080063b1   Thumb Code     0  libspace.o(.text)
    strcmp                                   0x080063b9   Thumb Code   128  strcmpv7m.o(.text)
    _sys_exit                                0x08006439   Thumb Code     8  sys_exit.o(.text)
    __I$use$semihosting                      0x08006445   Thumb Code     0  use_no_semi.o(.text)
    __use_no_semihosting_swi                 0x08006445   Thumb Code     2  use_no_semi.o(.text)
    __semihosting_library_function           0x08006447   Thumb Code     0  indicate_semi.o(.text)
    _btod_d2e                                0x08006447   Thumb Code    62  btod.o(CL$$btod_d2e)
    _d2e_denorm_low                          0x08006485   Thumb Code    70  btod.o(CL$$btod_d2e_denorm_low)
    _d2e_norm_op1                            0x080064cb   Thumb Code    96  btod.o(CL$$btod_d2e_norm_op1)
    __btod_div_common                        0x0800652b   Thumb Code   696  btod.o(CL$$btod_div_common)
    _e2e                                     0x08006863   Thumb Code   220  btod.o(CL$$btod_e2e)
    _btod_ediv                               0x0800693f   Thumb Code    42  btod.o(CL$$btod_ediv)
    _btod_emul                               0x08006969   Thumb Code    42  btod.o(CL$$btod_emul)
    __btod_mult_common                       0x08006993   Thumb Code   580  btod.o(CL$$btod_mult_common)
    BusFault_Handler                         0x08006bd7   Thumb Code     4  gd32f10x_it.o(i.BusFault_Handler)
    DMA_Init                                 0x08006bdd   Thumb Code    86  usart.o(i.DMA_Init)
    DebugMon_Handler                         0x08006c41   Thumb Code     4  gd32f10x_it.o(i.DebugMon_Handler)
    Delay_Ms                                 0x08006c45   Thumb Code    26  delay.o(i.Delay_Ms)
    Delay_Us                                 0x08006c5f   Thumb Code    58  delay.o(i.Delay_Us)
    Deley_Init                               0x08006c99   Thumb Code    10  delay.o(i.Deley_Init)
    EXTI0_IRQHandler                         0x08006ca5   Thumb Code    42  gd32f10x_it.o(i.EXTI0_IRQHandler)
    GM_4G_Init                               0x08006d15   Thumb Code    66  4g.o(i.GM_4G_Init)
    HardFault_Handler                        0x08006d7d   Thumb Code     4  gd32f10x_it.o(i.HardFault_Handler)
    IIC_Init                                 0x08006d81   Thumb Code    52  iic.o(i.IIC_Init)
    IIC_Read_Byte                            0x08006db9   Thumb Code   160  iic.o(i.IIC_Read_Byte)
    IIC_Send_Byte                            0x08006e5d   Thumb Code    88  iic.o(i.IIC_Send_Byte)
    IIC_Start                                0x08006eb9   Thumb Code    48  iic.o(i.IIC_Start)
    IIC_Stop                                 0x08006eed   Thumb Code    34  iic.o(i.IIC_Stop)
    IIC_Wait_Ack                             0x08006f15   Thumb Code    84  iic.o(i.IIC_Wait_Ack)
    M24C02_ReadData                          0x08006f6d   Thumb Code   114  m24c02.o(i.M24C02_ReadData)
    M24C02_ReadOTAInfo                       0x08006fe1   Thumb Code    22  m24c02.o(i.M24C02_ReadOTAInfo)
    M24C02_WriteOTAInfo                      0x08006ffd   Thumb Code    44  m24c02.o(i.M24C02_WriteOTAInfo)
    M24C02_WritePage                         0x0800702d   Thumb Code    86  m24c02.o(i.M24C02_WritePage)
    MemManage_Handler                        0x08007083   Thumb Code     4  gd32f10x_it.o(i.MemManage_Handler)
    NMI_Handler                              0x08007087   Thumb Code     4  gd32f10x_it.o(i.NMI_Handler)
    PendSV_Handler                           0x0800708b   Thumb Code     4  gd32f10x_it.o(i.PendSV_Handler)
    SPI0_Init                                0x08007091   Thumb Code    94  spi.o(i.SPI0_Init)
    SPI0_TransmitAndReceive                  0x080070f9   Thumb Code    50  spi.o(i.SPI0_TransmitAndReceive)
    SPI0_Write                               0x08007131   Thumb Code    26  spi.o(i.SPI0_Write)
    SVC_Handler                              0x0800714b   Thumb Code     4  gd32f10x_it.o(i.SVC_Handler)
    SysTick_Handler                          0x0800714f   Thumb Code     2  gd32f10x_it.o(i.SysTick_Handler)
    SystemInit                               0x08007151   Thumb Code   198  system_gd32f10x.o(i.SystemInit)
    U0_MyPrintf                              0x08007229   Thumb Code    84  usart.o(i.U0_MyPrintf)
    U2_Event                                 0x08007285   Thumb Code   176  4g.o(i.U2_Event)
    U2_RxPtrInit                             0x080073a5   Thumb Code    24  usart.o(i.U2_RxPtrInit)
    USART2_IRQHandler                        0x080073c5   Thumb Code   184  gd32f10x_it.o(i.USART2_IRQHandler)
    UsageFault_Handler                       0x08007491   Thumb Code     4  gd32f10x_it.o(i.UsageFault_Handler)
    Usart0_Init                              0x08007495   Thumb Code    88  usart.o(i.Usart0_Init)
    Usart2_Init                              0x080074f5   Thumb Code   154  usart.o(i.Usart2_Init)
    W25Q64_Enable                            0x08007599   Thumb Code    30  w25q64.o(i.W25Q64_Enable)
    W25Q64_Erase64k                          0x080075bd   Thumb Code    70  w25q64.o(i.W25Q64_Erase64k)
    W25Q64_Init                              0x08007609   Thumb Code    36  w25q64.o(i.W25Q64_Init)
    W25Q64_PageWrite                         0x08007631   Thumb Code    80  w25q64.o(i.W25Q64_PageWrite)
    W25Q64_WaitBusy                          0x08007685   Thumb Code    44  w25q64.o(i.W25Q64_WaitBusy)
    __ARM_fpclassify                         0x080076b5   Thumb Code    40  fpclassify.o(i.__ARM_fpclassify)
    _is_digit                                0x080076dd   Thumb Code    14  __printf_wp.o(i._is_digit)
    dma_channel_disable                      0x080076eb   Thumb Code    50  gd32f10x_dma.o(i.dma_channel_disable)
    dma_channel_enable                       0x0800771d   Thumb Code    50  gd32f10x_dma.o(i.dma_channel_enable)
    dma_circulation_disable                  0x0800774f   Thumb Code    50  gd32f10x_dma.o(i.dma_circulation_disable)
    dma_deinit                               0x08007781   Thumb Code   112  gd32f10x_dma.o(i.dma_deinit)
    dma_init                                 0x080077f1   Thumb Code   302  gd32f10x_dma.o(i.dma_init)
    dma_memory_address_config                0x0800791f   Thumb Code    36  gd32f10x_dma.o(i.dma_memory_address_config)
    dma_transfer_number_config               0x0800795d   Thumb Code    38  gd32f10x_dma.o(i.dma_transfer_number_config)
    dma_transfer_number_get                  0x08007983   Thumb Code    34  gd32f10x_dma.o(i.dma_transfer_number_get)
    exti_deinit                              0x080079a5   Thumb Code    24  gd32f10x_exti.o(i.exti_deinit)
    exti_init                                0x080079c1   Thumb Code   184  gd32f10x_exti.o(i.exti_init)
    exti_interrupt_enable                    0x08007a7d   Thumb Code    12  gd32f10x_exti.o(i.exti_interrupt_enable)
    exti_interrupt_flag_clear                0x08007a8d   Thumb Code     6  gd32f10x_exti.o(i.exti_interrupt_flag_clear)
    exti_interrupt_flag_get                  0x08007a99   Thumb Code    18  gd32f10x_exti.o(i.exti_interrupt_flag_get)
    gpio_bit_reset                           0x08007ab1   Thumb Code     4  gd32f10x_gpio.o(i.gpio_bit_reset)
    gpio_bit_set                             0x08007ab5   Thumb Code     4  gd32f10x_gpio.o(i.gpio_bit_set)
    gpio_exti_source_select                  0x08007ab9   Thumb Code   146  gd32f10x_gpio.o(i.gpio_exti_source_select)
    gpio_init                                0x08007b51   Thumb Code   172  gd32f10x_gpio.o(i.gpio_init)
    gpio_input_bit_get                       0x08007bfd   Thumb Code    16  gd32f10x_gpio.o(i.gpio_input_bit_get)
    main                                     0x08007c0d   Thumb Code   138  main.o(i.main)
    nvic_irq_enable                          0x08007cd1   Thumb Code   162  gd32f10x_misc.o(i.nvic_irq_enable)
    nvic_priority_group_set                  0x08007d7d   Thumb Code    10  gd32f10x_misc.o(i.nvic_priority_group_set)
    nvic_vector_table_set                    0x08007d91   Thumb Code    16  gd32f10x_misc.o(i.nvic_vector_table_set)
    rcu_clock_freq_get                       0x08007da9   Thumb Code   264  gd32f10x_rcu.o(i.rcu_clock_freq_get)
    rcu_periph_clock_enable                  0x08007ecd   Thumb Code    28  gd32f10x_rcu.o(i.rcu_periph_clock_enable)
    rcu_periph_reset_disable                 0x08007eed   Thumb Code    28  gd32f10x_rcu.o(i.rcu_periph_reset_disable)
    rcu_periph_reset_enable                  0x08007f0d   Thumb Code    28  gd32f10x_rcu.o(i.rcu_periph_reset_enable)
    spi_enable                               0x08007f2d   Thumb Code    10  gd32f10x_spi.o(i.spi_enable)
    spi_i2s_data_receive                     0x08007f37   Thumb Code     8  gd32f10x_spi.o(i.spi_i2s_data_receive)
    spi_i2s_data_transmit                    0x08007f3f   Thumb Code     4  gd32f10x_spi.o(i.spi_i2s_data_transmit)
    spi_i2s_deinit                           0x08007f45   Thumb Code    82  gd32f10x_spi.o(i.spi_i2s_deinit)
    spi_i2s_flag_get                         0x08007f9d   Thumb Code    16  gd32f10x_spi.o(i.spi_i2s_flag_get)
    spi_init                                 0x08007fad   Thumb Code    50  gd32f10x_spi.o(i.spi_init)
    systick_clksource_set                    0x080080ad   Thumb Code    40  gd32f10x_misc.o(i.systick_clksource_set)
    usart_baudrate_set                       0x080080d5   Thumb Code   136  gd32f10x_usart.o(i.usart_baudrate_set)
    usart_data_receive                       0x08008165   Thumb Code    10  gd32f10x_usart.o(i.usart_data_receive)
    usart_data_transmit                      0x0800816f   Thumb Code     8  gd32f10x_usart.o(i.usart_data_transmit)
    usart_deinit                             0x08008179   Thumb Code   136  gd32f10x_usart.o(i.usart_deinit)
    usart_dma_receive_config                 0x08008209   Thumb Code    20  gd32f10x_usart.o(i.usart_dma_receive_config)
    usart_enable                             0x0800821d   Thumb Code    10  gd32f10x_usart.o(i.usart_enable)
    usart_flag_get                           0x08008227   Thumb Code    30  gd32f10x_usart.o(i.usart_flag_get)
    usart_interrupt_enable                   0x08008245   Thumb Code    26  gd32f10x_usart.o(i.usart_interrupt_enable)
    usart_interrupt_flag_get                 0x0800825f   Thumb Code    56  gd32f10x_usart.o(i.usart_interrupt_flag_get)
    usart_parity_config                      0x08008297   Thumb Code    16  gd32f10x_usart.o(i.usart_parity_config)
    usart_receive_config                     0x080082a7   Thumb Code    16  gd32f10x_usart.o(i.usart_receive_config)
    usart_stop_bit_set                       0x080082b7   Thumb Code    16  gd32f10x_usart.o(i.usart_stop_bit_set)
    usart_transmit_config                    0x080082c7   Thumb Code    16  gd32f10x_usart.o(i.usart_transmit_config)
    usart_word_length_set                    0x080082d7   Thumb Code    16  gd32f10x_usart.o(i.usart_word_length_set)
    _get_lc_numeric                          0x080082e9   Thumb Code    44  lc_numeric_c.o(locale$$code)
    _get_lc_ctype                            0x08008315   Thumb Code    44  lc_ctype_c.o(locale$$code)
    _printf_fp_dec                           0x08008341   Thumb Code     4  printf1.o(x$fpl$printf1)
    _printf_fp_hex                           0x08008345   Thumb Code     4  printf2.o(x$fpl$printf2)
    __I$use$fp                               0x08008348   Number         0  usenofp.o(x$fpl$usenofp)
    Region$$Table$$Base                      0x08008444   Number         0  anon$$obj.o(Region$$Table)
    Region$$Table$$Limit                     0x08008454   Number         0  anon$$obj.o(Region$$Table)
    __ctype                                  0x0800847d   Data           0  lc_ctype_c.o(locale$$data)
    ota_info                                 0x20000000   Data          80  main.o(.bss)
    updataA                                  0x20000050   Data        1040  main.o(.bss)
    U0_TxBuff                                0x20000460   Data         256  usart.o(.bss)
    U0_ControlBlock                          0x20000560   Data          96  usart.o(.bss)
    U2_RxBuff                                0x200005c0   Data       16384  usart.o(.bss)
    U2_TxBuff                                0x200045c0   Data         256  usart.o(.bss)
    U2_ControlBlock                          0x200046c0   Data          96  usart.o(.bss)
    __libspace_start                         0x20004720   Data          96  libspace.o(.bss)
    __temporary_stack_top$libspace           0x20004780   Data           0  libspace.o(.bss)



==============================================================================

Memory Map of the image

  Image Entry point : 0x08005105

  Load Region LR_IROM1 (Base: 0x08005000, Size: 0x00003580, Max: 0x00010000, ABSOLUTE)

    Execution Region ER_IROM1 (Exec base: 0x08005000, Load base: 0x08005000, Size: 0x00003580, Max: 0x00010000, ABSOLUTE)

    Exec Addr    Load Addr    Size         Type   Attr      Idx    E Section Name        Object

    0x08005000   0x08005000   0x00000104   Data   RO          202    RESET               startup_gd32f10x_md.o
    0x08005104   0x08005104   0x00000008   Code   RO         2613  * !!!main             c_w.l(__main.o)
    0x0800510c   0x0800510c   0x00000034   Code   RO         2936    !!!scatter          c_w.l(__scatter.o)
    0x08005140   0x08005140   0x0000001c   Code   RO         2938    !!handler_zi        c_w.l(__scatter_zi.o)
    0x0800515c   0x0800515c   0x00000000   Code   RO         2697    .ARM.Collect$$_printf_percent$$00000000  c_w.l(_printf_percent.o)
    0x0800515c   0x0800515c   0x00000006   Code   RO         2686    .ARM.Collect$$_printf_percent$$00000001  c_w.l(_printf_n.o)
    0x08005162   0x08005162   0x00000006   Code   RO         2688    .ARM.Collect$$_printf_percent$$00000002  c_w.l(_printf_p.o)
    0x08005168   0x08005168   0x00000006   Code   RO         2693    .ARM.Collect$$_printf_percent$$00000003  c_w.l(_printf_f.o)
    0x0800516e   0x0800516e   0x00000006   Code   RO         2694    .ARM.Collect$$_printf_percent$$00000004  c_w.l(_printf_e.o)
    0x08005174   0x08005174   0x00000006   Code   RO         2695    .ARM.Collect$$_printf_percent$$00000005  c_w.l(_printf_g.o)
    0x0800517a   0x0800517a   0x00000006   Code   RO         2696    .ARM.Collect$$_printf_percent$$00000006  c_w.l(_printf_a.o)
    0x08005180   0x08005180   0x0000000a   Code   RO         2701    .ARM.Collect$$_printf_percent$$00000007  c_w.l(_printf_ll.o)
    0x0800518a   0x0800518a   0x00000006   Code   RO         2690    .ARM.Collect$$_printf_percent$$00000008  c_w.l(_printf_i.o)
    0x08005190   0x08005190   0x00000006   Code   RO         2691    .ARM.Collect$$_printf_percent$$00000009  c_w.l(_printf_d.o)
    0x08005196   0x08005196   0x00000006   Code   RO         2692    .ARM.Collect$$_printf_percent$$0000000A  c_w.l(_printf_u.o)
    0x0800519c   0x0800519c   0x00000006   Code   RO         2689    .ARM.Collect$$_printf_percent$$0000000B  c_w.l(_printf_o.o)
    0x080051a2   0x080051a2   0x00000006   Code   RO         2687    .ARM.Collect$$_printf_percent$$0000000C  c_w.l(_printf_x.o)
    0x080051a8   0x080051a8   0x00000006   Code   RO         2698    .ARM.Collect$$_printf_percent$$0000000D  c_w.l(_printf_lli.o)
    0x080051ae   0x080051ae   0x00000006   Code   RO         2699    .ARM.Collect$$_printf_percent$$0000000E  c_w.l(_printf_lld.o)
    0x080051b4   0x080051b4   0x00000006   Code   RO         2700    .ARM.Collect$$_printf_percent$$0000000F  c_w.l(_printf_llu.o)
    0x080051ba   0x080051ba   0x00000006   Code   RO         2705    .ARM.Collect$$_printf_percent$$00000010  c_w.l(_printf_llo.o)
    0x080051c0   0x080051c0   0x00000006   Code   RO         2706    .ARM.Collect$$_printf_percent$$00000011  c_w.l(_printf_llx.o)
    0x080051c6   0x080051c6   0x0000000a   Code   RO         2702    .ARM.Collect$$_printf_percent$$00000012  c_w.l(_printf_l.o)
    0x080051d0   0x080051d0   0x00000006   Code   RO         2684    .ARM.Collect$$_printf_percent$$00000013  c_w.l(_printf_c.o)
    0x080051d6   0x080051d6   0x00000006   Code   RO         2685    .ARM.Collect$$_printf_percent$$00000014  c_w.l(_printf_s.o)
    0x080051dc   0x080051dc   0x00000006   Code   RO         2703    .ARM.Collect$$_printf_percent$$00000015  c_w.l(_printf_lc.o)
    0x080051e2   0x080051e2   0x00000006   Code   RO         2704    .ARM.Collect$$_printf_percent$$00000016  c_w.l(_printf_ls.o)
    0x080051e8   0x080051e8   0x00000004   Code   RO         2745    .ARM.Collect$$_printf_percent$$00000017  c_w.l(_printf_percent_end.o)
    0x080051ec   0x080051ec   0x00000002   Code   RO         2794    .ARM.Collect$$libinit$$00000000  c_w.l(libinit.o)
    0x080051ee   0x080051ee   0x00000000   Code   RO         2811    .ARM.Collect$$libinit$$00000002  c_w.l(libinit2.o)
    0x080051ee   0x080051ee   0x00000000   Code   RO         2813    .ARM.Collect$$libinit$$00000004  c_w.l(libinit2.o)
    0x080051ee   0x080051ee   0x00000000   Code   RO         2816    .ARM.Collect$$libinit$$0000000A  c_w.l(libinit2.o)
    0x080051ee   0x080051ee   0x00000000   Code   RO         2818    .ARM.Collect$$libinit$$0000000C  c_w.l(libinit2.o)
    0x080051ee   0x080051ee   0x00000000   Code   RO         2820    .ARM.Collect$$libinit$$0000000E  c_w.l(libinit2.o)
    0x080051ee   0x080051ee   0x00000006   Code   RO         2821    .ARM.Collect$$libinit$$0000000F  c_w.l(libinit2.o)
    0x080051f4   0x080051f4   0x00000000   Code   RO         2823    .ARM.Collect$$libinit$$00000011  c_w.l(libinit2.o)
    0x080051f4   0x080051f4   0x0000000c   Code   RO         2824    .ARM.Collect$$libinit$$00000012  c_w.l(libinit2.o)
    0x08005200   0x08005200   0x00000000   Code   RO         2825    .ARM.Collect$$libinit$$00000013  c_w.l(libinit2.o)
    0x08005200   0x08005200   0x00000000   Code   RO         2827    .ARM.Collect$$libinit$$00000015  c_w.l(libinit2.o)
    0x08005200   0x08005200   0x0000000a   Code   RO         2828    .ARM.Collect$$libinit$$00000016  c_w.l(libinit2.o)
    0x0800520a   0x0800520a   0x00000000   Code   RO         2829    .ARM.Collect$$libinit$$00000017  c_w.l(libinit2.o)
    0x0800520a   0x0800520a   0x00000000   Code   RO         2831    .ARM.Collect$$libinit$$00000019  c_w.l(libinit2.o)
    0x0800520a   0x0800520a   0x00000000   Code   RO         2833    .ARM.Collect$$libinit$$0000001B  c_w.l(libinit2.o)
    0x0800520a   0x0800520a   0x00000000   Code   RO         2835    .ARM.Collect$$libinit$$0000001D  c_w.l(libinit2.o)
    0x0800520a   0x0800520a   0x00000000   Code   RO         2837    .ARM.Collect$$libinit$$0000001F  c_w.l(libinit2.o)
    0x0800520a   0x0800520a   0x00000000   Code   RO         2839    .ARM.Collect$$libinit$$00000021  c_w.l(libinit2.o)
    0x0800520a   0x0800520a   0x00000000   Code   RO         2841    .ARM.Collect$$libinit$$00000023  c_w.l(libinit2.o)
    0x0800520a   0x0800520a   0x00000000   Code   RO         2843    .ARM.Collect$$libinit$$00000025  c_w.l(libinit2.o)
    0x0800520a   0x0800520a   0x00000000   Code   RO         2847    .ARM.Collect$$libinit$$0000002C  c_w.l(libinit2.o)
    0x0800520a   0x0800520a   0x00000000   Code   RO         2849    .ARM.Collect$$libinit$$0000002E  c_w.l(libinit2.o)
    0x0800520a   0x0800520a   0x00000000   Code   RO         2851    .ARM.Collect$$libinit$$00000030  c_w.l(libinit2.o)
    0x0800520a   0x0800520a   0x00000000   Code   RO         2853    .ARM.Collect$$libinit$$00000032  c_w.l(libinit2.o)
    0x0800520a   0x0800520a   0x00000002   Code   RO         2854    .ARM.Collect$$libinit$$00000033  c_w.l(libinit2.o)
    0x0800520c   0x0800520c   0x00000002   Code   RO         2874    .ARM.Collect$$libshutdown$$00000000  c_w.l(libshutdown.o)
    0x0800520e   0x0800520e   0x00000000   Code   RO         2887    .ARM.Collect$$libshutdown$$00000002  c_w.l(libshutdown2.o)
    0x0800520e   0x0800520e   0x00000000   Code   RO         2889    .ARM.Collect$$libshutdown$$00000004  c_w.l(libshutdown2.o)
    0x0800520e   0x0800520e   0x00000000   Code   RO         2891    .ARM.Collect$$libshutdown$$00000006  c_w.l(libshutdown2.o)
    0x0800520e   0x0800520e   0x00000000   Code   RO         2894    .ARM.Collect$$libshutdown$$00000009  c_w.l(libshutdown2.o)
    0x0800520e   0x0800520e   0x00000000   Code   RO         2897    .ARM.Collect$$libshutdown$$0000000C  c_w.l(libshutdown2.o)
    0x0800520e   0x0800520e   0x00000000   Code   RO         2899    .ARM.Collect$$libshutdown$$0000000E  c_w.l(libshutdown2.o)
    0x0800520e   0x0800520e   0x00000000   Code   RO         2902    .ARM.Collect$$libshutdown$$00000011  c_w.l(libshutdown2.o)
    0x0800520e   0x0800520e   0x00000002   Code   RO         2903    .ARM.Collect$$libshutdown$$00000012  c_w.l(libshutdown2.o)
    0x08005210   0x08005210   0x00000000   Code   RO         2615    .ARM.Collect$$rtentry$$00000000  c_w.l(__rtentry.o)
    0x08005210   0x08005210   0x00000000   Code   RO         2716    .ARM.Collect$$rtentry$$00000002  c_w.l(__rtentry2.o)
    0x08005210   0x08005210   0x00000006   Code   RO         2728    .ARM.Collect$$rtentry$$00000004  c_w.l(__rtentry4.o)
    0x08005216   0x08005216   0x00000000   Code   RO         2718    .ARM.Collect$$rtentry$$00000009  c_w.l(__rtentry2.o)
    0x08005216   0x08005216   0x00000004   Code   RO         2719    .ARM.Collect$$rtentry$$0000000A  c_w.l(__rtentry2.o)
    0x0800521a   0x0800521a   0x00000000   Code   RO         2721    .ARM.Collect$$rtentry$$0000000C  c_w.l(__rtentry2.o)
    0x0800521a   0x0800521a   0x00000008   Code   RO         2722    .ARM.Collect$$rtentry$$0000000D  c_w.l(__rtentry2.o)
    0x08005222   0x08005222   0x00000002   Code   RO         2803    .ARM.Collect$$rtexit$$00000000  c_w.l(rtexit.o)
    0x08005224   0x08005224   0x00000000   Code   RO         2856    .ARM.Collect$$rtexit$$00000002  c_w.l(rtexit2.o)
    0x08005224   0x08005224   0x00000004   Code   RO         2857    .ARM.Collect$$rtexit$$00000003  c_w.l(rtexit2.o)
    0x08005228   0x08005228   0x00000006   Code   RO         2858    .ARM.Collect$$rtexit$$00000004  c_w.l(rtexit2.o)
    0x0800522e   0x0800522e   0x00000002   PAD
    0x08005230   0x08005230   0x00000040   Code   RO          203    .text               startup_gd32f10x_md.o
    0x08005270   0x08005270   0x00000024   Code   RO         2603    .text               c_w.l(vsprintf.o)
    0x08005294   0x08005294   0x00000058   Code   RO         2605    .text               c_w.l(memcmp.o)
    0x080052ec   0x080052ec   0x0000003e   Code   RO         2607    .text               c_w.l(strlen.o)
    0x0800532a   0x0800532a   0x0000004e   Code   RO         2609    .text               c_w.l(rt_memclr_w.o)
    0x08005378   0x08005378   0x00000006   Code   RO         2611    .text               c_w.l(heapauxi.o)
    0x0800537e   0x0800537e   0x0000004e   Code   RO         2618    .text               c_w.l(_printf_pad.o)
    0x080053cc   0x080053cc   0x00000024   Code   RO         2620    .text               c_w.l(_printf_truncate.o)
    0x080053f0   0x080053f0   0x00000052   Code   RO         2622    .text               c_w.l(_printf_str.o)
    0x08005442   0x08005442   0x00000002   PAD
    0x08005444   0x08005444   0x00000078   Code   RO         2624    .text               c_w.l(_printf_dec.o)
    0x080054bc   0x080054bc   0x00000028   Code   RO         2626    .text               c_w.l(_printf_charcount.o)
    0x080054e4   0x080054e4   0x00000030   Code   RO         2628    .text               c_w.l(_printf_char_common.o)
    0x08005514   0x08005514   0x0000000a   Code   RO         2630    .text               c_w.l(_sputc.o)
    0x0800551e   0x0800551e   0x00000002   PAD
    0x08005520   0x08005520   0x000000bc   Code   RO         2632    .text               c_w.l(_printf_wctomb.o)
    0x080055dc   0x080055dc   0x0000007c   Code   RO         2635    .text               c_w.l(_printf_longlong_dec.o)
    0x08005658   0x08005658   0x00000070   Code   RO         2641    .text               c_w.l(_printf_oct_int_ll.o)
    0x080056c8   0x080056c8   0x00000094   Code   RO         2661    .text               c_w.l(_printf_hex_int_ll_ptr.o)
    0x0800575c   0x0800575c   0x00000188   Code   RO         2681    .text               c_w.l(__printf_flags_ss_wp.o)
    0x080058e4   0x080058e4   0x0000008a   Code   RO         2730    .text               c_w.l(lludiv10.o)
    0x0800596e   0x0800596e   0x000000b2   Code   RO         2732    .text               c_w.l(_printf_intcommon.o)
    0x08005a20   0x08005a20   0x0000041e   Code   RO         2734    .text               c_w.l(_printf_fp_dec.o)
    0x08005e3e   0x08005e3e   0x00000002   PAD
    0x08005e40   0x08005e40   0x000002fc   Code   RO         2736    .text               c_w.l(_printf_fp_hex.o)
    0x0800613c   0x0800613c   0x0000002c   Code   RO         2741    .text               c_w.l(_printf_char.o)
    0x08006168   0x08006168   0x0000002c   Code   RO         2743    .text               c_w.l(_printf_wchar.o)
    0x08006194   0x08006194   0x00000040   Code   RO         2746    .text               c_w.l(_wcrtomb.o)
    0x080061d4   0x080061d4   0x0000004a   Code   RO         2748    .text               c_w.l(sys_stackheap_outer.o)
    0x0800621e   0x0800621e   0x00000002   PAD
    0x08006220   0x08006220   0x00000010   Code   RO         2750    .text               c_w.l(rt_ctype_table.o)
    0x08006230   0x08006230   0x00000008   Code   RO         2755    .text               c_w.l(rt_locale_intlibspace.o)
    0x08006238   0x08006238   0x00000080   Code   RO         2757    .text               c_w.l(_printf_fp_infnan.o)
    0x080062b8   0x080062b8   0x000000e4   Code   RO         2759    .text               c_w.l(bigflt0.o)
    0x0800639c   0x0800639c   0x00000012   Code   RO         2787    .text               c_w.l(exit.o)
    0x080063ae   0x080063ae   0x00000002   PAD
    0x080063b0   0x080063b0   0x00000008   Code   RO         2800    .text               c_w.l(libspace.o)
    0x080063b8   0x080063b8   0x00000080   Code   RO         2808    .text               c_w.l(strcmpv7m.o)
    0x08006438   0x08006438   0x0000000c   Code   RO         2866    .text               c_w.l(sys_exit.o)
    0x08006444   0x08006444   0x00000002   Code   RO         2877    .text               c_w.l(use_no_semi.o)
    0x08006446   0x08006446   0x00000000   Code   RO         2879    .text               c_w.l(indicate_semi.o)
    0x08006446   0x08006446   0x0000003e   Code   RO         2762    CL$$btod_d2e        c_w.l(btod.o)
    0x08006484   0x08006484   0x00000046   Code   RO         2764    CL$$btod_d2e_denorm_low  c_w.l(btod.o)
    0x080064ca   0x080064ca   0x00000060   Code   RO         2763    CL$$btod_d2e_norm_op1  c_w.l(btod.o)
    0x0800652a   0x0800652a   0x00000338   Code   RO         2772    CL$$btod_div_common  c_w.l(btod.o)
    0x08006862   0x08006862   0x000000dc   Code   RO         2769    CL$$btod_e2e        c_w.l(btod.o)
    0x0800693e   0x0800693e   0x0000002a   Code   RO         2766    CL$$btod_ediv       c_w.l(btod.o)
    0x08006968   0x08006968   0x0000002a   Code   RO         2765    CL$$btod_emul       c_w.l(btod.o)
    0x08006992   0x08006992   0x00000244   Code   RO         2771    CL$$btod_mult_common  c_w.l(btod.o)
    0x08006bd6   0x08006bd6   0x00000004   Code   RO          209    i.BusFault_Handler  gd32f10x_it.o
    0x08006bda   0x08006bda   0x00000002   PAD
    0x08006bdc   0x08006bdc   0x00000064   Code   RO          292    i.DMA_Init          usart.o
    0x08006c40   0x08006c40   0x00000004   Code   RO          210    i.DebugMon_Handler  gd32f10x_it.o
    0x08006c44   0x08006c44   0x0000001a   Code   RO          352    i.Delay_Ms          delay.o
    0x08006c5e   0x08006c5e   0x0000003a   Code   RO          353    i.Delay_Us          delay.o
    0x08006c98   0x08006c98   0x0000000a   Code   RO          354    i.Deley_Init        delay.o
    0x08006ca2   0x08006ca2   0x00000002   PAD
    0x08006ca4   0x08006ca4   0x00000070   Code   RO          211    i.EXTI0_IRQHandler  gd32f10x_it.o
    0x08006d14   0x08006d14   0x00000068   Code   RO          592    i.GM_4G_Init        4g.o
    0x08006d7c   0x08006d7c   0x00000004   Code   RO          212    i.HardFault_Handler  gd32f10x_it.o
    0x08006d80   0x08006d80   0x00000038   Code   RO          384    i.IIC_Init          iic.o
    0x08006db8   0x08006db8   0x000000a4   Code   RO          385    i.IIC_Read_Byte     iic.o
    0x08006e5c   0x08006e5c   0x0000005c   Code   RO          386    i.IIC_Send_Byte     iic.o
    0x08006eb8   0x08006eb8   0x00000034   Code   RO          387    i.IIC_Start         iic.o
    0x08006eec   0x08006eec   0x00000028   Code   RO          388    i.IIC_Stop          iic.o
    0x08006f14   0x08006f14   0x00000058   Code   RO          389    i.IIC_Wait_Ack      iic.o
    0x08006f6c   0x08006f6c   0x00000072   Code   RO          434    i.M24C02_ReadData   m24c02.o
    0x08006fde   0x08006fde   0x00000002   PAD
    0x08006fe0   0x08006fe0   0x0000001c   Code   RO          435    i.M24C02_ReadOTAInfo  m24c02.o
    0x08006ffc   0x08006ffc   0x00000030   Code   RO          437    i.M24C02_WriteOTAInfo  m24c02.o
    0x0800702c   0x0800702c   0x00000056   Code   RO          438    i.M24C02_WritePage  m24c02.o
    0x08007082   0x08007082   0x00000004   Code   RO          213    i.MemManage_Handler  gd32f10x_it.o
    0x08007086   0x08007086   0x00000004   Code   RO          214    i.NMI_Handler       gd32f10x_it.o
    0x0800708a   0x0800708a   0x00000004   Code   RO          215    i.PendSV_Handler    gd32f10x_it.o
    0x0800708e   0x0800708e   0x00000002   PAD
    0x08007090   0x08007090   0x00000068   Code   RO          478    i.SPI0_Init         spi.o
    0x080070f8   0x080070f8   0x00000038   Code   RO          480    i.SPI0_TransmitAndReceive  spi.o
    0x08007130   0x08007130   0x0000001a   Code   RO          481    i.SPI0_Write        spi.o
    0x0800714a   0x0800714a   0x00000004   Code   RO          216    i.SVC_Handler       gd32f10x_it.o
    0x0800714e   0x0800714e   0x00000002   Code   RO          217    i.SysTick_Handler   gd32f10x_it.o
    0x08007150   0x08007150   0x000000d8   Code   RO          166    i.SystemInit        system_gd32f10x.o
    0x08007228   0x08007228   0x0000005c   Code   RO          293    i.U0_MyPrintf       usart.o
    0x08007284   0x08007284   0x00000120   Code   RO          593    i.U2_Event          4g.o
    0x080073a4   0x080073a4   0x00000020   Code   RO          295    i.U2_RxPtrInit      usart.o
    0x080073c4   0x080073c4   0x000000cc   Code   RO          218    i.USART2_IRQHandler  gd32f10x_it.o
    0x08007490   0x08007490   0x00000004   Code   RO          219    i.UsageFault_Handler  gd32f10x_it.o
    0x08007494   0x08007494   0x00000060   Code   RO          296    i.Usart0_Init       usart.o
    0x080074f4   0x080074f4   0x000000a4   Code   RO          297    i.Usart2_Init       usart.o
    0x08007598   0x08007598   0x00000024   Code   RO          516    i.W25Q64_Enable     w25q64.o
    0x080075bc   0x080075bc   0x0000004c   Code   RO          517    i.W25Q64_Erase64k   w25q64.o
    0x08007608   0x08007608   0x00000028   Code   RO          518    i.W25Q64_Init       w25q64.o
    0x08007630   0x08007630   0x00000054   Code   RO          519    i.W25Q64_PageWrite  w25q64.o
    0x08007684   0x08007684   0x00000030   Code   RO          521    i.W25Q64_WaitBusy   w25q64.o
    0x080076b4   0x080076b4   0x00000028   Code   RO         2798    i.__ARM_fpclassify  m_ws.l(fpclassify.o)
    0x080076dc   0x080076dc   0x0000000e   Code   RO         2674    i._is_digit         c_w.l(__printf_wp.o)
    0x080076ea   0x080076ea   0x00000032   Code   RO         2204    i.dma_channel_disable  gd32f10x_dma.o
    0x0800771c   0x0800771c   0x00000032   Code   RO         2205    i.dma_channel_enable  gd32f10x_dma.o
    0x0800774e   0x0800774e   0x00000032   Code   RO         2206    i.dma_circulation_disable  gd32f10x_dma.o
    0x08007780   0x08007780   0x00000070   Code   RO         2208    i.dma_deinit        gd32f10x_dma.o
    0x080077f0   0x080077f0   0x0000012e   Code   RO         2211    i.dma_init          gd32f10x_dma.o
    0x0800791e   0x0800791e   0x00000024   Code   RO         2216    i.dma_memory_address_config  gd32f10x_dma.o
    0x08007942   0x08007942   0x00000002   PAD
    0x08007944   0x08007944   0x00000018   Code   RO         2223    i.dma_periph_and_channel_check  gd32f10x_dma.o
    0x0800795c   0x0800795c   0x00000026   Code   RO         2230    i.dma_transfer_number_config  gd32f10x_dma.o
    0x08007982   0x08007982   0x00000022   Code   RO         2231    i.dma_transfer_number_get  gd32f10x_dma.o
    0x080079a4   0x080079a4   0x0000001c   Code   RO          622    i.exti_deinit       gd32f10x_exti.o
    0x080079c0   0x080079c0   0x000000bc   Code   RO          627    i.exti_init         gd32f10x_exti.o
    0x08007a7c   0x08007a7c   0x00000010   Code   RO          629    i.exti_interrupt_enable  gd32f10x_exti.o
    0x08007a8c   0x08007a8c   0x0000000c   Code   RO          630    i.exti_interrupt_flag_clear  gd32f10x_exti.o
    0x08007a98   0x08007a98   0x00000018   Code   RO          631    i.exti_interrupt_flag_get  gd32f10x_exti.o
    0x08007ab0   0x08007ab0   0x00000004   Code   RO          709    i.gpio_bit_reset    gd32f10x_gpio.o
    0x08007ab4   0x08007ab4   0x00000004   Code   RO          710    i.gpio_bit_set      gd32f10x_gpio.o
    0x08007ab8   0x08007ab8   0x00000098   Code   RO          716    i.gpio_exti_source_select  gd32f10x_gpio.o
    0x08007b50   0x08007b50   0x000000ac   Code   RO          717    i.gpio_init         gd32f10x_gpio.o
    0x08007bfc   0x08007bfc   0x00000010   Code   RO          718    i.gpio_input_bit_get  gd32f10x_gpio.o
    0x08007c0c   0x08007c0c   0x000000c4   Code   RO            3    i.main              main.o
    0x08007cd0   0x08007cd0   0x000000ac   Code   RO         1025    i.nvic_irq_enable   gd32f10x_misc.o
    0x08007d7c   0x08007d7c   0x00000014   Code   RO         1026    i.nvic_priority_group_set  gd32f10x_misc.o
    0x08007d90   0x08007d90   0x00000018   Code   RO         1027    i.nvic_vector_table_set  gd32f10x_misc.o
    0x08007da8   0x08007da8   0x00000124   Code   RO         1088    i.rcu_clock_freq_get  gd32f10x_rcu.o
    0x08007ecc   0x08007ecc   0x00000020   Code   RO         1105    i.rcu_periph_clock_enable  gd32f10x_rcu.o
    0x08007eec   0x08007eec   0x00000020   Code   RO         1108    i.rcu_periph_reset_disable  gd32f10x_rcu.o
    0x08007f0c   0x08007f0c   0x00000020   Code   RO         1109    i.rcu_periph_reset_enable  gd32f10x_rcu.o
    0x08007f2c   0x08007f2c   0x0000000a   Code   RO         1325    i.spi_enable        gd32f10x_spi.o
    0x08007f36   0x08007f36   0x00000008   Code   RO         1327    i.spi_i2s_data_receive  gd32f10x_spi.o
    0x08007f3e   0x08007f3e   0x00000004   Code   RO         1328    i.spi_i2s_data_transmit  gd32f10x_spi.o
    0x08007f42   0x08007f42   0x00000002   PAD
    0x08007f44   0x08007f44   0x00000058   Code   RO         1329    i.spi_i2s_deinit    gd32f10x_spi.o
    0x08007f9c   0x08007f9c   0x00000010   Code   RO         1330    i.spi_i2s_flag_get  gd32f10x_spi.o
    0x08007fac   0x08007fac   0x00000032   Code   RO         1334    i.spi_init          gd32f10x_spi.o
    0x08007fde   0x08007fde   0x00000002   PAD
    0x08007fe0   0x08007fe0   0x000000c4   Code   RO          167    i.system_clock_108m_hxtal  system_gd32f10x.o
    0x080080a4   0x080080a4   0x00000008   Code   RO          168    i.system_clock_config  system_gd32f10x.o
    0x080080ac   0x080080ac   0x00000028   Code   RO         1030    i.systick_clksource_set  gd32f10x_misc.o
    0x080080d4   0x080080d4   0x00000090   Code   RO         1933    i.usart_baudrate_set  gd32f10x_usart.o
    0x08008164   0x08008164   0x0000000a   Code   RO         1934    i.usart_data_receive  gd32f10x_usart.o
    0x0800816e   0x0800816e   0x00000008   Code   RO         1935    i.usart_data_transmit  gd32f10x_usart.o
    0x08008176   0x08008176   0x00000002   PAD
    0x08008178   0x08008178   0x00000090   Code   RO         1936    i.usart_deinit      gd32f10x_usart.o
    0x08008208   0x08008208   0x00000014   Code   RO         1938    i.usart_dma_receive_config  gd32f10x_usart.o
    0x0800821c   0x0800821c   0x0000000a   Code   RO         1940    i.usart_enable      gd32f10x_usart.o
    0x08008226   0x08008226   0x0000001e   Code   RO         1942    i.usart_flag_get    gd32f10x_usart.o
    0x08008244   0x08008244   0x0000001a   Code   RO         1949    i.usart_interrupt_enable  gd32f10x_usart.o
    0x0800825e   0x0800825e   0x00000038   Code   RO         1951    i.usart_interrupt_flag_get  gd32f10x_usart.o
    0x08008296   0x08008296   0x00000010   Code   RO         1961    i.usart_parity_config  gd32f10x_usart.o
    0x080082a6   0x080082a6   0x00000010   Code   RO         1963    i.usart_receive_config  gd32f10x_usart.o
    0x080082b6   0x080082b6   0x00000010   Code   RO         1969    i.usart_stop_bit_set  gd32f10x_usart.o
    0x080082c6   0x080082c6   0x00000010   Code   RO         1973    i.usart_transmit_config  gd32f10x_usart.o
    0x080082d6   0x080082d6   0x00000010   Code   RO         1974    i.usart_word_length_set  gd32f10x_usart.o
    0x080082e6   0x080082e6   0x00000002   PAD
    0x080082e8   0x080082e8   0x0000002c   Code   RO         2785    locale$$code        c_w.l(lc_numeric_c.o)
    0x08008314   0x08008314   0x0000002c   Code   RO         2806    locale$$code        c_w.l(lc_ctype_c.o)
    0x08008340   0x08008340   0x00000004   Code   RO         2707    x$fpl$printf1       fz_ws.l(printf1.o)
    0x08008344   0x08008344   0x00000004   Code   RO         2709    x$fpl$printf2       fz_ws.l(printf2.o)
    0x08008348   0x08008348   0x00000000   Code   RO         2797    x$fpl$usenofp       fz_ws.l(usenofp.o)
    0x08008348   0x08008348   0x00000008   Data   RO         2633    .constdata          c_w.l(_printf_wctomb.o)
    0x08008350   0x08008350   0x00000028   Data   RO         2662    .constdata          c_w.l(_printf_hex_int_ll_ptr.o)
    0x08008378   0x08008378   0x00000011   Data   RO         2682    .constdata          c_w.l(__printf_flags_ss_wp.o)
    0x08008389   0x08008389   0x00000026   Data   RO         2737    .constdata          c_w.l(_printf_fp_hex.o)
    0x080083af   0x080083af   0x00000001   PAD
    0x080083b0   0x080083b0   0x00000094   Data   RO         2760    .constdata          c_w.l(bigflt0.o)
    0x08008444   0x08008444   0x00000010   Data   RO         2934    Region$$Table       anon$$obj.o
    0x08008454   0x08008454   0x0000001c   Data   RO         2784    locale$$data        c_w.l(lc_numeric_c.o)
    0x08008470   0x08008470   0x00000110   Data   RO         2805    locale$$data        c_w.l(lc_ctype_c.o)


    Execution Region RW_IRAM1 (Exec base: 0x20000000, Load base: 0x08008580, Size: 0x00004d80, Max: 0x00005000, ABSOLUTE)

    Exec Addr    Load Addr    Size         Type   Attr      Idx    E Section Name        Object

    0x20000000        -       0x00000460   Zero   RW            4    .bss                main.o
    0x20000460        -       0x000042c0   Zero   RW          298    .bss                usart.o
    0x20004720        -       0x00000060   Zero   RW         2801    .bss                c_w.l(libspace.o)
    0x20004780        -       0x00000200   Zero   RW          201    HEAP                startup_gd32f10x_md.o
    0x20004980        -       0x00000400   Zero   RW          200    STACK               startup_gd32f10x_md.o


==============================================================================

Image component sizes


      Code (inc. data)   RO Data    RW Data    ZI Data      Debug   Object Name

       392        150          0          0          0      23615   4g.o
        94          0          0          0          0       1315   delay.o
       696          6          0          0          0       5868   gd32f10x_dma.o
       268         24          0          0          0       2560   gd32f10x_exti.o
       348          6          0          0          0       2999   gd32f10x_gpio.o
       350         90          0          0          0       4665   gd32f10x_it.o
       256         28          0          0          0       2268   gd32f10x_misc.o
       388         40          0          0          0       2548   gd32f10x_rcu.o
       176          6          0          0          0       3899   gd32f10x_spi.o
       528         16          0          0          0       7800   gd32f10x_usart.o
       492         26          0          0          0       3005   iic.o
       276         10          0          0          0       3040   m24c02.o
       196         58          0          0       1120      44053   main.o
       186         16          0          0          0       2023   spi.o
        64         26        260          0       1536        840   startup_gd32f10x_md.o
       420         32          0          0          0       2325   system_gd32f10x.o
       484         48          0          0      17088       4012   usart.o
       284         24          0          0          0       2897   w25q64.o

    ----------------------------------------------------------------------
      5916        606        276          0      19744     119732   Object Totals
         0          0         16          0          0          0   (incl. Generated)
        18          0          0          0          0          0   (incl. Padding)

    ----------------------------------------------------------------------

      Code (inc. data)   RO Data    RW Data    ZI Data      Debug   Library Member Name

         8          0          0          0          0         68   __main.o
       392          4         17          0          0         92   __printf_flags_ss_wp.o
        14          0          0          0          0         68   __printf_wp.o
         0          0          0          0          0          0   __rtentry.o
        12          0          0          0          0          0   __rtentry2.o
         6          0          0          0          0          0   __rtentry4.o
        52          8          0          0          0          0   __scatter.o
        28          0          0          0          0          0   __scatter_zi.o
         6          0          0          0          0          0   _printf_a.o
         6          0          0          0          0          0   _printf_c.o
        44          0          0          0          0        108   _printf_char.o
        48          6          0          0          0         96   _printf_char_common.o
        40          0          0          0          0         68   _printf_charcount.o
         6          0          0          0          0          0   _printf_d.o
       120         16          0          0          0         92   _printf_dec.o
         6          0          0          0          0          0   _printf_e.o
         6          0          0          0          0          0   _printf_f.o
      1054          0          0          0          0        216   _printf_fp_dec.o
       764          8         38          0          0        100   _printf_fp_hex.o
       128         16          0          0          0         84   _printf_fp_infnan.o
         6          0          0          0          0          0   _printf_g.o
       148          4         40          0          0        160   _printf_hex_int_ll_ptr.o
         6          0          0          0          0          0   _printf_i.o
       178          0          0          0          0         88   _printf_intcommon.o
        10          0          0          0          0          0   _printf_l.o
         6          0          0          0          0          0   _printf_lc.o
        10          0          0          0          0          0   _printf_ll.o
         6          0          0          0          0          0   _printf_lld.o
         6          0          0          0          0          0   _printf_lli.o
         6          0          0          0          0          0   _printf_llo.o
         6          0          0          0          0          0   _printf_llu.o
         6          0          0          0          0          0   _printf_llx.o
       124         16          0          0          0         92   _printf_longlong_dec.o
         6          0          0          0          0          0   _printf_ls.o
         6          0          0          0          0          0   _printf_n.o
         6          0          0          0          0          0   _printf_o.o
       112         10          0          0          0        124   _printf_oct_int_ll.o
         6          0          0          0          0          0   _printf_p.o
        78          0          0          0          0        108   _printf_pad.o
         0          0          0          0          0          0   _printf_percent.o
         4          0          0          0          0          0   _printf_percent_end.o
         6          0          0          0          0          0   _printf_s.o
        82          0          0          0          0         80   _printf_str.o
        36          0          0          0          0         84   _printf_truncate.o
         6          0          0          0          0          0   _printf_u.o
        44          0          0          0          0        108   _printf_wchar.o
       188          6          8          0          0         92   _printf_wctomb.o
         6          0          0          0          0          0   _printf_x.o
        10          0          0          0          0         68   _sputc.o
        64          0          0          0          0         92   _wcrtomb.o
       228          4        148          0          0         96   bigflt0.o
      1936        128          0          0          0        672   btod.o
        18          0          0          0          0         80   exit.o
         6          0          0          0          0        152   heapauxi.o
         0          0          0          0          0          0   indicate_semi.o
        44         10        272          0          0         76   lc_ctype_c.o
        44         10         28          0          0         76   lc_numeric_c.o
         2          0          0          0          0          0   libinit.o
        30          0          0          0          0          0   libinit2.o
         2          0          0          0          0          0   libshutdown.o
         2          0          0          0          0          0   libshutdown2.o
         8          4          0          0         96         68   libspace.o
       138          0          0          0          0         80   lludiv10.o
        88          0          0          0          0         76   memcmp.o
        16          4          0          0          0         76   rt_ctype_table.o
         8          4          0          0          0         68   rt_locale_intlibspace.o
        78          0          0          0          0         80   rt_memclr_w.o
         2          0          0          0          0          0   rtexit.o
        10          0          0          0          0          0   rtexit2.o
       128          0          0          0          0         68   strcmpv7m.o
        62          0          0          0          0         76   strlen.o
        12          4          0          0          0         68   sys_exit.o
        74          0          0          0          0         80   sys_stackheap_outer.o
         2          0          0          0          0         68   use_no_semi.o
        36          4          0          0          0         76   vsprintf.o
         4          0          0          0          0         68   printf1.o
         4          0          0          0          0         68   printf2.o
         0          0          0          0          0          0   usenofp.o
        40          0          0          0          0         68   fpclassify.o

    ----------------------------------------------------------------------
      6952        266        552          0         96       4328   Library Totals
        12          0          1          0          0          0   (incl. Padding)

    ----------------------------------------------------------------------

      Code (inc. data)   RO Data    RW Data    ZI Data      Debug   Library Name

      6892        266        551          0         96       4124   c_w.l
         8          0          0          0          0        136   fz_ws.l
        40          0          0          0          0         68   m_ws.l

    ----------------------------------------------------------------------
      6952        266        552          0         96       4328   Library Totals

    ----------------------------------------------------------------------

==============================================================================


      Code (inc. data)   RO Data    RW Data    ZI Data      Debug   

     12868        872        828          0      19840     117124   Grand Totals
     12868        872        828          0      19840     117124   ELF Image Totals
     12868        872        828          0          0          0   ROM Totals

==============================================================================

    Total RO  Size (Code + RO Data)                13696 (  13.38kB)
    Total RW  Size (RW Data + ZI Data)             19840 (  19.38kB)
    Total ROM Size (Code + RO Data + RW Data)      13696 (  13.38kB)

==============================================================================

