Component: ARM Compiler 5.06 update 7 (build 960) Tool: armlink [4d3601]

==============================================================================

Section Cross References

    main.o(i.main) refers to delay.o(i.Deley_Init) for Deley_Init
    main.o(i.main) refers to usart.o(i.Usart2_Init) for Usart2_Init
    main.o(i.main) refers to usart.o(i.Usart0_Init) for Usart0_Init
    main.o(i.main) refers to iic.o(i.IIC_Init) for IIC_Init
    main.o(i.main) refers to w25q64.o(i.W25Q64_Init) for W25Q64_Init
    main.o(i.main) refers to m24c02.o(i.M24C02_ReadOTAInfo) for M24C02_ReadOTAInfo
    main.o(i.main) refers to 4g.o(i.GM_4G_Init) for GM_4G_Init
    main.o(i.main) refers to usart.o(i.U0_MyPrintf) for U0_MyPrintf
    main.o(i.main) refers to 4g.o(i.U2_Event) for U2_Event
    main.o(i.main) refers to gd32f10x_dma.o(i.dma_memory_address_config) for dma_memory_address_config
    main.o(i.main) refers to gd32f10x_dma.o(i.dma_transfer_number_config) for dma_transfer_number_config
    main.o(i.main) refers to gd32f10x_dma.o(i.dma_channel_enable) for dma_channel_enable
    main.o(i.main) refers to usart.o(.bss) for U2_ControlBlock
    system_gd32f10x.o(i.SystemInit) refers to system_gd32f10x.o(i.system_clock_config) for system_clock_config
    system_gd32f10x.o(i.SystemInit) refers to gd32f10x_misc.o(i.nvic_vector_table_set) for nvic_vector_table_set
    system_gd32f10x.o(i.system_clock_config) refers to system_gd32f10x.o(i.system_clock_108m_hxtal) for system_clock_108m_hxtal
    startup_gd32f10x_md.o(STACK) refers (Special) to heapauxi.o(.text) for __use_two_region_memory
    startup_gd32f10x_md.o(HEAP) refers (Special) to heapauxi.o(.text) for __use_two_region_memory
    startup_gd32f10x_md.o(RESET) refers (Special) to heapauxi.o(.text) for __use_two_region_memory
    startup_gd32f10x_md.o(RESET) refers to startup_gd32f10x_md.o(STACK) for __initial_sp
    startup_gd32f10x_md.o(RESET) refers to startup_gd32f10x_md.o(.text) for Reset_Handler
    startup_gd32f10x_md.o(RESET) refers to gd32f10x_it.o(i.NMI_Handler) for NMI_Handler
    startup_gd32f10x_md.o(RESET) refers to gd32f10x_it.o(i.HardFault_Handler) for HardFault_Handler
    startup_gd32f10x_md.o(RESET) refers to gd32f10x_it.o(i.MemManage_Handler) for MemManage_Handler
    startup_gd32f10x_md.o(RESET) refers to gd32f10x_it.o(i.BusFault_Handler) for BusFault_Handler
    startup_gd32f10x_md.o(RESET) refers to gd32f10x_it.o(i.UsageFault_Handler) for UsageFault_Handler
    startup_gd32f10x_md.o(RESET) refers to gd32f10x_it.o(i.SVC_Handler) for SVC_Handler
    startup_gd32f10x_md.o(RESET) refers to gd32f10x_it.o(i.DebugMon_Handler) for DebugMon_Handler
    startup_gd32f10x_md.o(RESET) refers to gd32f10x_it.o(i.PendSV_Handler) for PendSV_Handler
    startup_gd32f10x_md.o(RESET) refers to gd32f10x_it.o(i.SysTick_Handler) for SysTick_Handler
    startup_gd32f10x_md.o(RESET) refers to gd32f10x_it.o(i.EXTI0_IRQHandler) for EXTI0_IRQHandler
    startup_gd32f10x_md.o(RESET) refers to gd32f10x_it.o(i.DMA0_Channel2_IRQHandler) for DMA0_Channel2_IRQHandler
    startup_gd32f10x_md.o(RESET) refers to gd32f10x_it.o(i.USART2_IRQHandler) for USART2_IRQHandler
    startup_gd32f10x_md.o(.text) refers (Special) to heapauxi.o(.text) for __use_two_region_memory
    startup_gd32f10x_md.o(.text) refers to system_gd32f10x.o(i.SystemInit) for SystemInit
    startup_gd32f10x_md.o(.text) refers to __main.o(!!!main) for __main
    startup_gd32f10x_md.o(.text) refers to startup_gd32f10x_md.o(HEAP) for Heap_Mem
    startup_gd32f10x_md.o(.text) refers to startup_gd32f10x_md.o(STACK) for Stack_Mem
    gd32f10x_it.o(i.DMA0_Channel2_IRQHandler) refers to gd32f10x_dma.o(i.dma_interrupt_flag_get) for dma_interrupt_flag_get
    gd32f10x_it.o(i.DMA0_Channel2_IRQHandler) refers to gd32f10x_dma.o(i.dma_interrupt_flag_clear) for dma_interrupt_flag_clear
    gd32f10x_it.o(i.DMA0_Channel2_IRQHandler) refers to gd32f10x_dma.o(i.dma_channel_disable) for dma_channel_disable
    gd32f10x_it.o(i.DMA0_Channel2_IRQHandler) refers to usart.o(i.U0_MyPrintf) for U0_MyPrintf
    gd32f10x_it.o(i.DMA0_Channel2_IRQHandler) refers to usart.o(.bss) for U2_ControlBlock
    gd32f10x_it.o(i.EXTI0_IRQHandler) refers to gd32f10x_exti.o(i.exti_interrupt_flag_get) for exti_interrupt_flag_get
    gd32f10x_it.o(i.EXTI0_IRQHandler) refers to gd32f10x_exti.o(i.exti_interrupt_flag_clear) for exti_interrupt_flag_clear
    gd32f10x_it.o(i.EXTI0_IRQHandler) refers to gd32f10x_gpio.o(i.gpio_input_bit_get) for gpio_input_bit_get
    gd32f10x_it.o(i.EXTI0_IRQHandler) refers to usart.o(i.U0_MyPrintf) for U0_MyPrintf
    gd32f10x_it.o(i.EXTI0_IRQHandler) refers to mqtt.o(i.MQTT_ConnectPack) for MQTT_ConnectPack
    gd32f10x_it.o(i.USART2_IRQHandler) refers to gd32f10x_usart.o(i.usart_interrupt_flag_get) for usart_interrupt_flag_get
    gd32f10x_it.o(i.USART2_IRQHandler) refers to gd32f10x_usart.o(i.usart_flag_get) for usart_flag_get
[...]
    i.M24C02_WriteOTAInfo                    0x080078c4   Section        0  m24c02.o(i.M24C02_WriteOTAInfo)
    i.M24C02_WritePage                       0x080078f4   Section        0  m24c02.o(i.M24C02_WritePage)
    i.MQTT_ConnectPack                       0x0800794c   Section        0  mqtt.o(i.MQTT_ConnectPack)
    i.MQTT_DealPack                          0x08007b1c   Section        0  mqtt.o(i.MQTT_DealPack)
    i.MQTT_ResponseQs0Pack                   0x08007b5c   Section        0  mqtt.o(i.MQTT_ResponseQs0Pack)
    i.MQTT_ResponseQs1Pack                   0x08007c94   Section        0  mqtt.o(i.MQTT_ResponseQs1Pack)
    i.MQTT_SubscribePack                     0x08007e24   Section        0  mqtt.o(i.MQTT_SubscribePack)
    i.MemManage_Handler                      0x08007f88   Section        0  gd32f10x_it.o(i.MemManage_Handler)
    i.NMI_Handler                            0x08007f8c   Section        0  gd32f10x_it.o(i.NMI_Handler)
    i.NVIC_SystemReset                       0x08007f90   Section        0  4g.o(i.NVIC_SystemReset)
    NVIC_SystemReset                         0x08007f91   Thumb Code    30  4g.o(i.NVIC_SystemReset)
    i.OTA_Download_by_Piece                  0x08007fb8   Section        0  4g.o(i.OTA_Download_by_Piece)
    i.PendSV_Handler                         0x08008048   Section        0  gd32f10x_it.o(i.PendSV_Handler)
    i.Report_OTA_Version                     0x0800804c   Section        0  4g.o(i.Report_OTA_Version)
    i.SPI0_Init                              0x080080c0   Section        0  spi.o(i.SPI0_Init)
    i.SPI0_TransmitAndReceive                0x08008128   Section        0  spi.o(i.SPI0_TransmitAndReceive)
    i.SPI0_Write                             0x08008160   Section        0  spi.o(i.SPI0_Write)
    i.SVC_Handler                            0x0800817a   Section        0  gd32f10x_it.o(i.SVC_Handler)
    i.SysTick_Handler                        0x0800817e   Section        0  gd32f10x_it.o(i.SysTick_Handler)
    i.SystemInit                             0x08008180   Section        0  system_gd32f10x.o(i.SystemInit)
    i.U0_MyPrintf                            0x08008258   Section        0  usart.o(i.U0_MyPrintf)
    i.U2_Event                               0x080082b4   Section        0  4g.o(i.U2_Event)
    i.U2_RxPtrInit                           0x080088a4   Section        0  usart.o(i.U2_RxPtrInit)
    i.U2_SendData                            0x080088c4   Section        0  usart.o(i.U2_SendData)
    i.U2_TxPtrInit                           0x08008960   Section        0  usart.o(i.U2_TxPtrInit)
    i.USART2_IRQHandler                      0x08008994   Section        0  gd32f10x_it.o(i.USART2_IRQHandler)
    i.UsageFault_Handler                     0x08008a60   Section        0  gd32f10x_it.o(i.UsageFault_Handler)
    i.Usart0_Init                            0x08008a64   Section        0  usart.o(i.Usart0_Init)
    i.Usart2_Init                            0x08008ac4   Section        0  usart.o(i.Usart2_Init)
    i.W25Q64_Enable                          0x08008b74   Section        0  w25q64.o(i.W25Q64_Enable)
    i.W25Q64_Erase64k                        0x08008b98   Section        0  w25q64.o(i.W25Q64_Erase64k)
    i.W25Q64_Init                            0x08008be4   Section        0  w25q64.o(i.W25Q64_Init)
    i.W25Q64_PageWrite                       0x08008c0c   Section        0  w25q64.o(i.W25Q64_PageWrite)
    i.W25Q64_WaitBusy                        0x08008c60   Section        0  w25q64.o(i.W25Q64_WaitBusy)
    i.__ARM_fpclassify                       0x08008c90   Section        0  fpclassify.o(i.__ARM_fpclassify)
    i._is_digit                              0x08008cb8   Section        0  __printf_wp.o(i._is_digit)
    i.dma_channel_disable                    0x08008cc6   Section        0  gd32f10x_dma.o(i.dma_channel_disable)
    i.dma_channel_enable                     0x08008cf8   Section        0  gd32f10x_dma.o(i.dma_channel_enable)
    i.dma_circulation_disable                0x08008d2a   Section        0  gd32f10x_dma.o(i.dma_circulation_disable)
    i.dma_deinit                             0x08008d5c   Section        0  gd32f10x_dma.o(i.dma_deinit)
    i.dma_init                               0x08008dcc   Section        0  gd32f10x_dma.o(i.dma_init)
    i.dma_interrupt_enable                   0x08008efa   Section        0  gd32f10x_dma.o(i.dma_interrupt_enable)
    i.dma_interrupt_flag_clear               0x08008f2c   Section        0  gd32f10x_dma.o(i.dma_interrupt_flag_clear)
    i.dma_interrupt_flag_get                 0x08008f3c   Section        0  gd32f10x_dma.o(i.dma_interrupt_flag_get)
    i.dma_memory_address_config              0x08008fbe   Section        0  gd32f10x_dma.o(i.dma_memory_address_config)
    i.dma_periph_and_channel_check           0x08008fe4   Section        0  gd32f10x_dma.o(i.dma_periph_and_channel_check)
    dma_periph_and_channel_check             0x08008fe5   Thumb Code    18  gd32f10x_dma.o(i.dma_periph_and_channel_check)
    i.dma_transfer_number_config             0x08008ffc   Section        0  gd32f10x_dma.o(i.dma_transfer_number_config)
    i.dma_transfer_number_get                0x08009022   Section        0  gd32f10x_dma.o(i.dma_transfer_number_get)
    i.exti_deinit                            0x08009044   Section        0  gd32f10x_exti.o(i.exti_deinit)
    i.exti_init                              0x08009060   Section        0  gd32f10x_exti.o(i.exti_init)
    i.exti_interrupt_enable                  0x0800911c   Section        0  gd32f10x_exti.o(i.exti_interrupt_enable)
    i.exti_interrupt_flag_clear              0x0800912c   Section        0  gd32f10x_exti.o(i.exti_interrupt_flag_clear)
    i.exti_interrupt_flag_get                0x08009138   Section        0  gd32f10x_exti.o(i.exti_interrupt_flag_get)
    i.gpio_bit_reset                         0x08009150   Section        0  gd32f10x_gpio.o(i.gpio_bit_reset)
    i.gpio_bit_set                           0x08009154   Section        0  gd32f10x_gpio.o(i.gpio_bit_set)
    i.gpio_exti_source_select                0x08009158   Section        0  gd32f10x_gpio.o(i.gpio_exti_source_select)
    i.gpio_init                              0x080091f0   Section        0  gd32f10x_gpio.o(i.gpio_init)
    i.gpio_input_bit_get                     0x0800929c   Section        0  gd32f10x_gpio.o(i.gpio_input_bit_get)
    i.main                                   0x080092ac   Section        0  main.o(i.main)
    i.nvic_irq_enable                        0x08009498   Section        0  gd32f10x_misc.o(i.nvic_irq_enable)
    i.nvic_priority_group_set                0x08009544   Section        0  gd32f10x_misc.o(i.nvic_priority_group_set)
    i.nvic_vector_table_set                  0x08009558   Section        0  gd32f10x_misc.o(i.nvic_vector_table_set)
    i.rcu_clock_freq_get                     0x08009570   Section        0  gd32f10x_rcu.o(i.rcu_clock_freq_get)
    i.rcu_periph_clock_enable                0x08009694   Section        0  gd32f10x_rcu.o(i.rcu_periph_clock_enable)
    i.rcu_periph_reset_disable               0x080096b4   Section        0  gd32f10x_rcu.o(i.rcu_periph_reset_disable)
    i.rcu_periph_reset_enable                0x080096d4   Section        0  gd32f10x_rcu.o(i.rcu_periph_reset_enable)
    i.spi_enable                             0x080096f4   Section        0  gd32f10x_spi.o(i.spi_enable)
    i.spi_i2s_data_receive                   0x080096fe   Section        0  gd32f10x_spi.o(i.spi_i2s_data_receive)
    i.spi_i2s_data_transmit                  0x08009706   Section        0  gd32f10x_spi.o(i.spi_i2s_data_transmit)
    i.spi_i2s_deinit                         0x0800970c   Section        0  gd32f10x_spi.o(i.spi_i2s_deinit)
    i.spi_i2s_flag_get                       0x08009764   Section        0  gd32f10x_spi.o(i.spi_i2s_flag_get)
    i.spi_init                               0x08009774   Section        0  gd32f10x_spi.o(i.spi_init)
    i.system_clock_108m_hxtal                0x080097a8   Section        0  system_gd32f10x.o(i.system_clock_108m_hxtal)
    system_clock_108m_hxtal                  0x080097a9   Thumb Code   182  system_gd32f10x.o(i.system_clock_108m_hxtal)
    i.system_clock_config                    0x0800986c   Section        0  system_gd32f10x.o(i.system_clock_config)
    system_clock_config                      0x0800986d   Thumb Code     8  system_gd32f10x.o(i.system_clock_config)
    i.systick_clksource_set                  0x08009874   Section        0  gd32f10x_misc.o(i.systick_clksource_set)
    i.usart_baudrate_set                     0x0800989c   Section        0  gd32f10x_usart.o(i.usart_baudrate_set)
    i.usart_data_receive                     0x0800992c   Section        0  gd32f10x_usart.o(i.usart_data_receive)
    i.usart_data_transmit                    0x08009936   Section        0  gd32f10x_usart.o(i.usart_data_transmit)
    i.usart_deinit                           0x08009940   Section        0  gd32f10x_usart.o(i.usart_deinit)
    i.usart_dma_receive_config               0x080099d0   Section        0  gd32f10x_usart.o(i.usart_dma_receive_config)
    i.usart_dma_transmit_config              0x080099e4   Section        0  gd32f10x_usart.o(i.usart_dma_transmit_config)
    i.usart_enable                           0x080099f8   Section        0  gd32f10x_usart.o(i.usart_enable)
    i.usart_flag_get                         0x08009a02   Section        0  gd32f10x_usart.o(i.usart_flag_get)
    i.usart_interrupt_enable                 0x08009a20   Section        0  gd32f10x_usart.o(i.usart_interrupt_enable)
    i.usart_interrupt_flag_get               0x08009a3a   Section        0  gd32f10x_usart.o(i.usart_interrupt_flag_get)
    i.usart_parity_config                    0x08009a72   Section        0  gd32f10x_usart.o(i.usart_parity_config)
    i.usart_receive_config                   0x08009a82   Section        0  gd32f10x_usart.o(i.usart_receive_config)
    i.usart_stop_bit_set                     0x08009a92   Section        0  gd32f10x_usart.o(i.usart_stop_bit_set)
    i.usart_transmit_config                  0x08009aa2   Section        0  gd32f10x_usart.o(i.usart_transmit_config)
    i.usart_word_length_set                  0x08009ab2   Section        0  gd32f10x_usart.o(i.usart_word_length_set)
    locale$$code                             0x08009ac4   Section       44  lc_numeric_c.o(locale$$code)
    locale$$code                             0x08009af0   Section       44  lc_ctype_c.o(locale$$code)
    x$fpl$printf1                            0x08009b1c   Section        4  printf1.o(x$fpl$printf1)
    x$fpl$printf2                            0x08009b20   Section        4  printf2.o(x$fpl$printf2)
    .constdata                               0x08009b24   Section       17  __printf_flags_ss_wp.o(.constdata)
    x$fpl$usenofp                            0x08009b24   Section        0  usenofp.o(x$fpl$usenofp)
    maptable                                 0x08009b24   Data          17  __printf_flags_ss_wp.o(.constdata)
    .constdata                               0x08009b38   Section        8  _printf_wctomb.o(.constdata)
    initial_mbstate                          0x08009b38   Data           8  _printf_wctomb.o(.constdata)
    .constdata                               0x08009b40   Section       40  _printf_hex_int_ll_ptr.o(.constdata)
    uc_hextab                                0x08009b40   Data          20  _printf_hex_int_ll_ptr.o(.constdata)
    lc_hextab                                0x08009b54   Data          20  _printf_hex_int_ll_ptr.o(.constdata)
    .constdata                               0x08009b68   Section       38  _printf_fp_hex.o(.constdata)
    lc_hextab                                0x08009b68   Data          19  _printf_fp_hex.o(.constdata)
    uc_hextab                                0x08009b7b   Data          19  _printf_fp_hex.o(.constdata)
    .constdata                               0x08009b90   Section      148  bigflt0.o(.constdata)
    tenpwrs_x                                0x08009b90   Data          60  bigflt0.o(.constdata)
    tenpwrs_i                                0x08009bcc   Data          64  bigflt0.o(.constdata)
    .conststring                             0x08009c24   Section      314  4g.o(.conststring)
    .conststring                             0x08009d60   Section      145  mqtt.o(.conststring)
    locale$$data                             0x08009e14   Section       28  lc_numeric_c.o(locale$$data)
    __lcnum_c_name                           0x08009e18   Data           2  lc_numeric_c.o(locale$$data)
    __lcnum_c_start                          0x08009e20   Data           0  lc_numeric_c.o(locale$$data)
    __lcnum_c_point                          0x08009e2c   Data           0  lc_numeric_c.o(locale$$data)
    __lcnum_c_thousands                      0x08009e2e   Data           0  lc_numeric_c.o(locale$$data)
    __lcnum_c_grouping                       0x08009e2f   Data           0  lc_numeric_c.o(locale$$data)
    locale$$data                             0x08009e30   Section      272  lc_ctype_c.o(locale$$data)
    __lcnum_c_end                            0x08009e30   Data           0  lc_numeric_c.o(locale$$data)
    __lcctype_c_name                         0x08009e34   Data           2  lc_ctype_c.o(locale$$data)
    __lcctype_c_start                        0x08009e3c   Data           0  lc_ctype_c.o(locale$$data)
    __lcctype_c_end                          0x08009f40   Data           0  lc_ctype_c.o(locale$$data)
    .data                                    0x20000000   Section        4  main.o(.data)
    .bss                                     0x20000004   Section     1120  main.o(.bss)
    .bss                                     0x20000464   Section    10880  usart.o(.bss)
    .bss                                     0x20002ee4   Section     1084  mqtt.o(.bss)
    .bss                                     0x20003320   Section       96  libspace.o(.bss)
    HEAP                                     0x20003380   Section      512  startup_gd32f10x_md.o(HEAP)
    Heap_Mem                                 0x20003380   Data         512  startup_gd32f10x_md.o(HEAP)
    STACK                                    0x20003580   Section     1024  startup_gd32f10x_md.o(STACK)
    Stack_Mem                                0x20003580   Data        1024  startup_gd32f10x_md.o(STACK)
    __initial_sp                             0x20003980   Data           0  startup_gd32f10x_md.o(STACK)

    Global Symbols

    Symbol Name                              Value     Ov Type        Size  Object(Section)

    BuildAttributes$$THM_ISAv4$P$D$K$B$S$PE$A:L22UL41UL21$X:L11$S22US41US21$IEEE1$IW$USESV6$~STKCKD$USESV7$~SHL$OTIME$ROPI$IEEEJ$EBA8$UX$STANDARDLIB$REQ8$PRES8$EABIv2 0x00000000   Number         0  anon$$obj.o ABSOLUTE
    __ARM_use_no_argv                        0x00000000   Number         0  main.o ABSOLUTE
    _printf_flags                            0x00000000   Number         0  printf_stubs.o ABSOLUTE
    _printf_return_value                     0x00000000   Number         0  printf_stubs.o ABSOLUTE
    _printf_sizespec                         0x00000000   Number         0  printf_stubs.o ABSOLUTE
    _printf_widthprec                        0x00000000   Number         0  printf_stubs.o ABSOLUTE
    __ARM_exceptions_init                     - Undefined Weak Reference
    __alloca_initialize                       - Undefined Weak Reference
    __arm_fini_                               - Undefined Weak Reference
    __arm_preinit_                            - Undefined Weak Reference
    __cpp_initialize__aeabi_                  - Undefined Weak Reference
    __cxa_finalize                            - Undefined Weak Reference
    __sigvec_lookup                           - Undefined Weak Reference
    _atexit_init                              - Undefined Weak Reference
    _call_atexit_fns                          - Undefined Weak Reference
    _clock_init                               - Undefined Weak Reference
    _fp_trap_init                             - Undefined Weak Reference
    _fp_trap_shutdown                         - Undefined Weak Reference
    _get_lc_collate                           - Undefined Weak Reference
    _get_lc_monetary                          - Undefined Weak Reference
    _get_lc_time                              - Undefined Weak Reference
    _getenv_init                              - Undefined Weak Reference
    _handle_redirection                       - Undefined Weak Reference
    _init_alloc                               - Undefined Weak Reference
    _init_user_alloc                          - Undefined Weak Reference
    _initio                                   - Undefined Weak Reference
    _printf_mbtowc                            - Undefined Weak Reference
    _printf_wc                                - Undefined Weak Reference
    _rand_init                                - Undefined Weak Reference
    _scanf_longlong                           - Undefined Weak Reference
    _scanf_mbtowc                             - Undefined Weak Reference
    _scanf_real                               - Undefined Weak Reference
    _scanf_wctomb                             - Undefined Weak Reference
    _scanf_wstring                            - Undefined Weak Reference
    _signal_finish                            - Undefined Weak Reference
    _signal_init                              - Undefined Weak Reference
    _terminate_alloc                          - Undefined Weak Reference
    _terminate_user_alloc                     - Undefined Weak Reference
    _terminateio                              - Undefined Weak Reference
    __Vectors_Size                           0x00000104   Number         0  startup_gd32f10x_md.o ABSOLUTE
    __Vectors                                0x08005000   Data           4  startup_gd32f10x_md.o(RESET)
    __Vectors_End                            0x08005104   Data           0  startup_gd32f10x_md.o(RESET)
    __main                                   0x08005105   Thumb Code     8  __main.o(!!!main)
    __scatterload                            0x0800510d   Thumb Code     0  __scatter.o(!!!scatter)
    __scatterload_rt2                        0x0800510d   Thumb Code    44  __scatter.o(!!!scatter)
    __scatterload_rt2_thumb_only             0x0800510d   Thumb Code     0  __scatter.o(!!!scatter)
    __scatterload_null                       0x0800511b   Thumb Code     0  __scatter.o(!!!scatter)
    __scatterload_copy                       0x08005141   Thumb Code    26  __scatter_copy.o(!!handler_copy)
    __scatterload_zeroinit                   0x0800515d   Thumb Code    28  __scatter_zi.o(!!handler_zi)
    _printf_n                                0x08005179   Thumb Code     0  _printf_n.o(.ARM.Collect$$_printf_percent$$00000001)
    _printf_percent                          0x08005179   Thumb Code     0  _printf_percent.o(.ARM.Collect$$_printf_percent$$00000000)
    _printf_p                                0x0800517f   Thumb Code     0  _printf_p.o(.ARM.Collect$$_printf_percent$$00000002)
    _printf_f                                0x08005185   Thumb Code     0  _printf_f.o(.ARM.Collect$$_printf_percent$$00000003)
    _printf_e                                0x0800518b   Thumb Code     0  _printf_e.o(.ARM.Collect$$_printf_percent$$00000004)
    _printf_g                                0x08005191   Thumb Code     0  _printf_g.o(.ARM.Collect$$_printf_percent$$00000005)
    _printf_a                                0x08005197   Thumb Code     0  _printf_a.o(.ARM.Collect$$_printf_percent$$00000006)
    _printf_ll                               0x0800519d   Thumb Code     0  _printf_ll.o(.ARM.Collect$$_printf_percent$$00000007)
    _printf_i                                0x080051a7   Thumb Code     0  _printf_i.o(.ARM.Collect$$_printf_percent$$00000008)
    _printf_d                                0x080051ad   Thumb Code     0  _printf_d.o(.ARM.Collect$$_printf_percent$$00000009)
    _printf_u                                0x080051b3   Thumb Code     0  _printf_u.o(.ARM.Collect$$_printf_percent$$0000000A)
    _printf_o                                0x080051b9   Thumb Code     0  _printf_o.o(.ARM.Collect$$_printf_percent$$0000000B)
    _printf_x                                0x080051bf   Thumb Code     0  _printf_x.o(.ARM.Collect$$_printf_percent$$0000000C)
    _printf_lli                              0x080051c5   Thumb Code     0  _printf_lli.o(.ARM.Collect$$_printf_percent$$0000000D)
    _printf_lld                              0x080051cb   Thumb Code     0  _printf_lld.o(.ARM.Collect$$_printf_percent$$0000000E)
    _printf_llu                              0x080051d1   Thumb Code     0  _printf_llu.o(.ARM.Collect$$_printf_percent$$0000000F)
    _printf_llo                              0x080051d7   Thumb Code     0  _printf_llo.o(.ARM.Collect$$_printf_percent$$00000010)
    _printf_llx                              0x080051dd   Thumb Code     0  _printf_llx.o(.ARM.Collect$$_printf_percent$$00000011)
    _printf_l                                0x080051e3   Thumb Code     0  _printf_l.o(.ARM.Collect$$_printf_percent$$00000012)
    _printf_c                                0x080051ed   Thumb Code     0  _printf_c.o(.ARM.Collect$$_printf_percent$$00000013)
    _printf_s                                0x080051f3   Thumb Code     0  _printf_s.o(.ARM.Collect$$_printf_percent$$00000014)
    _printf_lc                               0x080051f9   Thumb Code     0  _printf_lc.o(.ARM.Collect$$_printf_percent$$00000015)
    _printf_ls                               0x080051ff   Thumb Code     0  _printf_ls.o(.ARM.Collect$$_printf_percent$$00000016)
    _printf_percent_end                      0x08005205   Thumb Code     0  _printf_percent_end.o(.ARM.Collect$$_printf_percent$$00000017)
    __rt_lib_init                            0x08005209   Thumb Code     0  libinit.o(.ARM.Collect$$libinit$$00000000)
    __rt_lib_init_fp_1                       0x0800520b   Thumb Code     0  libinit2.o(.ARM.Collect$$libinit$$00000002)
    __rt_lib_init_heap_1                     0x0800520b   Thumb Code     0  libinit2.o(.ARM.Collect$$libinit$$0000000A)
    __rt_lib_init_lc_common                  0x0800520b   Thumb Code     0  libinit2.o(.ARM.Collect$$libinit$$0000000F)
    __rt_lib_init_preinit_1                  0x0800520b   Thumb Code     0  libinit2.o(.ARM.Collect$$libinit$$00000004)
    __rt_lib_init_rand_1                     0x0800520b   Thumb Code     0  libinit2.o(.ARM.Collect$$libinit$$0000000E)
    __rt_lib_init_user_alloc_1               0x0800520b   Thumb Code     0  libinit2.o(.ARM.Collect$$libinit$$0000000C)
    __rt_lib_init_lc_collate_1               0x08005211   Thumb Code     0  libinit2.o(.ARM.Collect$$libinit$$00000011)
    __rt_lib_init_lc_ctype_2                 0x08005211   Thumb Code     0  libinit2.o(.ARM.Collect$$libinit$$00000012)
    __rt_lib_init_lc_ctype_1                 0x0800521d   Thumb Code     0  libinit2.o(.ARM.Collect$$libinit$$00000013)
    __rt_lib_init_lc_monetary_1              0x0800521d   Thumb Code     0  libinit2.o(.ARM.Collect$$libinit$$00000015)
    __rt_lib_init_lc_numeric_2               0x0800521d   Thumb Code     0  libinit2.o(.ARM.Collect$$libinit$$00000016)
    __rt_lib_init_alloca_1                   0x08005227   Thumb Code     0  libinit2.o(.ARM.Collect$$libinit$$0000002E)
    __rt_lib_init_argv_1                     0x08005227   Thumb Code     0  libinit2.o(.ARM.Collect$$libinit$$0000002C)
    __rt_lib_init_atexit_1                   0x08005227   Thumb Code     0  libinit2.o(.ARM.Collect$$libinit$$0000001B)
    __rt_lib_init_clock_1                    0x08005227   Thumb Code     0  libinit2.o(.ARM.Collect$$libinit$$00000021)
    __rt_lib_init_cpp_1                      0x08005227   Thumb Code     0  libinit2.o(.ARM.Collect$$libinit$$00000032)
    __rt_lib_init_exceptions_1               0x08005227   Thumb Code     0  libinit2.o(.ARM.Collect$$libinit$$00000030)
    __rt_lib_init_fp_trap_1                  0x08005227   Thumb Code     0  libinit2.o(.ARM.Collect$$libinit$$0000001F)
    __rt_lib_init_getenv_1                   0x08005227   Thumb Code     0  libinit2.o(.ARM.Collect$$libinit$$00000023)
    __rt_lib_init_lc_numeric_1               0x08005227   Thumb Code     0  libinit2.o(.ARM.Collect$$libinit$$00000017)
    __rt_lib_init_lc_time_1                  0x08005227   Thumb Code     0  libinit2.o(.ARM.Collect$$libinit$$00000019)
    __rt_lib_init_return                     0x08005227   Thumb Code     0  libinit2.o(.ARM.Collect$$libinit$$00000033)
    __rt_lib_init_signal_1                   0x08005227   Thumb Code     0  libinit2.o(.ARM.Collect$$libinit$$0000001D)
    __rt_lib_init_stdio_1                    0x08005227   Thumb Code     0  libinit2.o(.ARM.Collect$$libinit$$00000025)
    __rt_lib_shutdown                        0x08005229   Thumb Code     0  libshutdown.o(.ARM.Collect$$libshutdown$$00000000)
    __rt_lib_shutdown_cpp_1                  0x0800522b   Thumb Code     0  libshutdown2.o(.ARM.Collect$$libshutdown$$00000004)
    __rt_lib_shutdown_fini_1                 0x0800522b   Thumb Code     0  libshutdown2.o(.ARM.Collect$$libshutdown$$00000002)
    __rt_lib_shutdown_fp_trap_1              0x0800522b   Thumb Code     0  libshutdown2.o(.ARM.Collect$$libshutdown$$00000009)
    __rt_lib_shutdown_heap_1                 0x0800522b   Thumb Code     0  libshutdown2.o(.ARM.Collect$$libshutdown$$00000011)
    __rt_lib_shutdown_return                 0x0800522b   Thumb Code     0  libshutdown2.o(.ARM.Collect$$libshutdown$$00000012)
    __rt_lib_shutdown_signal_1               0x0800522b   Thumb Code     0  libshutdown2.o(.ARM.Collect$$libshutdown$$0000000C)
    __rt_lib_shutdown_stdio_1                0x0800522b   Thumb Code     0  libshutdown2.o(.ARM.Collect$$libshutdown$$00000006)
    __rt_lib_shutdown_user_alloc_1           0x0800522b   Thumb Code     0  libshutdown2.o(.ARM.Collect$$libshutdown$$0000000E)
    __rt_entry                               0x0800522d   Thumb Code     0  __rtentry.o(.ARM.Collect$$rtentry$$00000000)
    __rt_entry_presh_1                       0x0800522d   Thumb Code     0  __rtentry2.o(.ARM.Collect$$rtentry$$00000002)
    __rt_entry_sh                            0x0800522d   Thumb Code     0  __rtentry4.o(.ARM.Collect$$rtentry$$00000004)
    __rt_entry_li                            0x08005233   Thumb Code     0  __rtentry2.o(.ARM.Collect$$rtentry$$0000000A)
    __rt_entry_postsh_1                      0x08005233   Thumb Code     0  __rtentry2.o(.ARM.Collect$$rtentry$$00000009)
    __rt_entry_main                          0x08005237   Thumb Code     0  __rtentry2.o(.ARM.Collect$$rtentry$$0000000D)
    __rt_entry_postli_1                      0x08005237   Thumb Code     0  __rtentry2.o(.ARM.Collect$$rtentry$$0000000C)
    __rt_exit                                0x0800523f   Thumb Code     0  rtexit.o(.ARM.Collect$$rtexit$$00000000)
    __rt_exit_ls                             0x08005241   Thumb Code     0  rtexit2.o(.ARM.Collect$$rtexit$$00000003)
    __rt_exit_prels_1                        0x08005241   Thumb Code     0  rtexit2.o(.ARM.Collect$$rtexit$$00000002)
    __rt_exit_exit                           0x08005245   Thumb Code     0  rtexit2.o(.ARM.Collect$$rtexit$$00000004)
    Reset_Handler                            0x0800524d   Thumb Code     8  startup_gd32f10x_md.o(.text)
    ADC0_1_IRQHandler                        0x08005267   Thumb Code     0  startup_gd32f10x_md.o(.text)
    CAN0_EWMC_IRQHandler                     0x08005267   Thumb Code     0  startup_gd32f10x_md.o(.text)
    CAN0_RX1_IRQHandler                      0x08005267   Thumb Code     0  startup_gd32f10x_md.o(.text)
    DMA0_Channel0_IRQHandler                 0x08005267   Thumb Code     0  startup_gd32f10x_md.o(.text)
    DMA0_Channel1_IRQHandler                 0x08005267   Thumb Code     0  startup_gd32f10x_md.o(.text)
    DMA0_Channel3_IRQHandler                 0x08005267   Thumb Code     0  startup_gd32f10x_md.o(.text)
    DMA0_Channel4_IRQHandler                 0x08005267   Thumb Code     0  startup_gd32f10x_md.o(.text)
    DMA0_Channel5_IRQHandler                 0x08005267   Thumb Code     0  startup_gd32f10x_md.o(.text)
    DMA0_Channel6_IRQHandler                 0x08005267   Thumb Code     0  startup_gd32f10x_md.o(.text)
    EXMC_IRQHandler                          0x08005267   Thumb Code     0  startup_gd32f10x_md.o(.text)
    EXTI10_15_IRQHandler                     0x08005267   Thumb Code     0  startup_gd32f10x_md.o(.text)
    EXTI1_IRQHandler                         0x08005267   Thumb Code     0  startup_gd32f10x_md.o(.text)
    EXTI2_IRQHandler                         0x08005267   Thumb Code     0  startup_gd32f10x_md.o(.text)
    EXTI3_IRQHandler                         0x08005267   Thumb Code     0  startup_gd32f10x_md.o(.text)
    EXTI4_IRQHandler                         0x08005267   Thumb Code     0  startup_gd32f10x_md.o(.text)
    EXTI5_9_IRQHandler                       0x08005267   Thumb Code     0  startup_gd32f10x_md.o(.text)
    FMC_IRQHandler                           0x08005267   Thumb Code     0  startup_gd32f10x_md.o(.text)
    I2C0_ER_IRQHandler                       0x08005267   Thumb Code     0  startup_gd32f10x_md.o(.text)
    I2C0_EV_IRQHandler                       0x08005267   Thumb Code     0  startup_gd32f10x_md.o(.text)
    I2C1_ER_IRQHandler                       0x08005267   Thumb Code     0  startup_gd32f10x_md.o(.text)
    I2C1_EV_IRQHandler                       0x08005267   Thumb Code     0  startup_gd32f10x_md.o(.text)
    LVD_IRQHandler                           0x08005267   Thumb Code     0  startup_gd32f10x_md.o(.text)
    RCU_IRQHandler                           0x08005267   Thumb Code     0  startup_gd32f10x_md.o(.text)
    RTC_Alarm_IRQHandler                     0x08005267   Thumb Code     0  startup_gd32f10x_md.o(.text)
    RTC_IRQHandler                           0x08005267   Thumb Code     0  startup_gd32f10x_md.o(.text)
    SPI0_IRQHandler                          0x08005267   Thumb Code     0  startup_gd32f10x_md.o(.text)
    SPI1_IRQHandler                          0x08005267   Thumb Code     0  startup_gd32f10x_md.o(.text)
    TAMPER_IRQHandler                        0x08005267   Thumb Code     0  startup_gd32f10x_md.o(.text)
    TIMER0_BRK_IRQHandler                    0x08005267   Thumb Code     0  startup_gd32f10x_md.o(.text)
    TIMER0_Channel_IRQHandler                0x08005267   Thumb Code     0  startup_gd32f10x_md.o(.text)
    TIMER0_TRG_CMT_IRQHandler                0x08005267   Thumb Code     0  startup_gd32f10x_md.o(.text)
    TIMER0_UP_IRQHandler                     0x08005267   Thumb Code     0  startup_gd32f10x_md.o(.text)
    TIMER1_IRQHandler                        0x08005267   Thumb Code     0  startup_gd32f10x_md.o(.text)
    TIMER2_IRQHandler                        0x08005267   Thumb Code     0  startup_gd32f10x_md.o(.text)
    TIMER3_IRQHandler                        0x08005267   Thumb Code     0  startup_gd32f10x_md.o(.text)
    USART0_IRQHandler                        0x08005267   Thumb Code     0  startup_gd32f10x_md.o(.text)
    USART1_IRQHandler                        0x08005267   Thumb Code     0  startup_gd32f10x_md.o(.text)
    USBD_HP_CAN0_TX_IRQHandler               0x08005267   Thumb Code     0  startup_gd32f10x_md.o(.text)
    USBD_LP_CAN0_RX0_IRQHandler              0x08005267   Thumb Code     0  startup_gd32f10x_md.o(.text)
    USBD_WKUP_IRQHandler                     0x08005267   Thumb Code     0  startup_gd32f10x_md.o(.text)
    WWDGT_IRQHandler                         0x08005267   Thumb Code     0  startup_gd32f10x_md.o(.text)
    __user_initial_stackheap                 0x08005269   Thumb Code    10  startup_gd32f10x_md.o(.text)
    vsprintf                                 0x0800528d   Thumb Code    32  vsprintf.o(.text)
    __2sprintf                               0x080052b1   Thumb Code    38  __2sprintf.o(.text)
    _printf_str                              0x080052dd   Thumb Code    82  _printf_str.o(.text)
    _printf_int_dec                          0x08005331   Thumb Code   104  _printf_dec.o(.text)
    __printf                                 0x080053a9   Thumb Code   388  __printf_flags_ss_wp.o(.text)
    __0sscanf                                0x08005531   Thumb Code    52  __0sscanf.o(.text)
    _scanf_int                               0x0800556d   Thumb Code   332  _scanf_int.o(.text)
    _scanf_string                            0x080056b9   Thumb Code   224  _scanf_str.o(.text)
    strstr                                   0x08005799   Thumb Code    36  strstr.o(.text)
    memcmp                                   0x080057bd   Thumb Code    88  memcmp.o(.text)
    strlen                                   0x08005815   Thumb Code    62  strlen.o(.text)
    __aeabi_memcpy                           0x08005853   Thumb Code     0  rt_memcpy_v6.o(.text)
    __rt_memcpy                              0x08005853   Thumb Code   138  rt_memcpy_v6.o(.text)
    _memcpy_lastbytes                        0x080058b9   Thumb Code     0  rt_memcpy_v6.o(.text)
    __aeabi_memcpy4                          0x080058dd   Thumb Code     0  rt_memcpy_w.o(.text)
    __aeabi_memcpy8                          0x080058dd   Thumb Code     0  rt_memcpy_w.o(.text)
    __rt_memcpy_w                            0x080058dd   Thumb Code   100  rt_memcpy_w.o(.text)
    _memcpy_lastbytes_aligned                0x08005925   Thumb Code     0  rt_memcpy_w.o(.text)
    __aeabi_memclr                           0x08005941   Thumb Code     0  rt_memclr.o(.text)
    __rt_memclr                              0x08005941   Thumb Code    68  rt_memclr.o(.text)
    _memset                                  0x08005945   Thumb Code     0  rt_memclr.o(.text)
    __aeabi_memclr4                          0x08005985   Thumb Code     0  rt_memclr_w.o(.text)
    __aeabi_memclr8                          0x08005985   Thumb Code     0  rt_memclr_w.o(.text)
    __rt_memclr_w                            0x08005985   Thumb Code    78  rt_memclr_w.o(.text)
    _memset_w                                0x08005989   Thumb Code     0  rt_memclr_w.o(.text)
    __use_two_region_memory                  0x080059d3   Thumb Code     2  heapauxi.o(.text)
    __rt_heap_escrow$2region                 0x080059d5   Thumb Code     2  heapauxi.o(.text)
    __rt_heap_expand$2region                 0x080059d7   Thumb Code     2  heapauxi.o(.text)
    _printf_pre_padding                      0x080059d9   Thumb Code    44  _printf_pad.o(.text)
    _printf_post_padding                     0x08005a05   Thumb Code    34  _printf_pad.o(.text)
    _printf_truncate_signed                  0x08005a27   Thumb Code    18  _printf_truncate.o(.text)
    _printf_truncate_unsigned                0x08005a39   Thumb Code    18  _printf_truncate.o(.text)
    _printf_int_common                       0x08005a4b   Thumb Code   178  _printf_intcommon.o(.text)
    _printf_charcount                        0x08005afd   Thumb Code    40  _printf_charcount.o(.text)
    _printf_char_common                      0x08005b2f   Thumb Code    32  _printf_char_common.o(.text)
    _sputc                                   0x08005b55   Thumb Code    10  _sputc.o(.text)
    _printf_cs_common                        0x08005b5f   Thumb Code    20  _printf_char.o(.text)
    _printf_char                             0x08005b73   Thumb Code    16  _printf_char.o(.text)
    _printf_string                           0x08005b83   Thumb Code     8  _printf_char.o(.text)
    _printf_wctomb                           0x08005b8d   Thumb Code   182  _printf_wctomb.o(.text)
    _printf_longlong_dec                     0x08005c49   Thumb Code   108  _printf_longlong_dec.o(.text)
    _printf_longlong_oct                     0x08005cc5   Thumb Code    66  _printf_oct_int_ll.o(.text)
    _printf_int_oct                          0x08005d07   Thumb Code    24  _printf_oct_int_ll.o(.text)
    _printf_ll_oct                           0x08005d1f   Thumb Code    12  _printf_oct_int_ll.o(.text)
    _printf_longlong_hex                     0x08005d35   Thumb Code    86  _printf_hex_int_ll_ptr.o(.text)
    _printf_int_hex                          0x08005d8b   Thumb Code    28  _printf_hex_int_ll_ptr.o(.text)
    _printf_ll_hex                           0x08005da7   Thumb Code    12  _printf_hex_int_ll_ptr.o(.text)
    _printf_hex_ptr                          0x08005db3   Thumb Code    18  _printf_hex_int_ll_ptr.o(.text)
    _chval                                   0x08005dc9   Thumb Code    28  _chval.o(.text)
    __vfscanf_char                           0x08005df1   Thumb Code    24  scanf_char.o(.text)
    _sgetc                                   0x08005e11   Thumb Code    30  _sgetc.o(.text)
    _sbackspace                              0x08005e2f   Thumb Code    34  _sgetc.o(.text)
    _ll_udiv10                               0x08005e51   Thumb Code   138  lludiv10.o(.text)
    isspace                                  0x08005edb   Thumb Code    18  isspace.o(.text)
    __lib_sel_fp_printf                      0x08005eed   Thumb Code     2  _printf_fp_dec.o(.text)
    _printf_fp_dec_real                      0x0800609f   Thumb Code   620  _printf_fp_dec.o(.text)
    _printf_fp_hex_real                      0x0800630d   Thumb Code   756  _printf_fp_hex.o(.text)
    _printf_lcs_common                       0x08006609   Thumb Code    20  _printf_wchar.o(.text)
    _printf_wchar                            0x0800661d   Thumb Code    16  _printf_wchar.o(.text)
    _printf_wstring                          0x0800662d   Thumb Code     8  _printf_wchar.o(.text)
    __vfscanf                                0x08006635   Thumb Code   880  _scanf.o(.text)
    _wcrtomb                                 0x080069a9   Thumb Code    64  _wcrtomb.o(.text)
    __user_setup_stackheap                   0x080069e9   Thumb Code    74  sys_stackheap_outer.o(.text)
    __rt_ctype_table                         0x08006a35   Thumb Code    16  rt_ctype_table.o(.text)
    __rt_locale                              0x08006a45   Thumb Code     8  rt_locale_intlibspace.o(.text)
    _printf_fp_infnan                        0x08006a4d   Thumb Code   112  _printf_fp_infnan.o(.text)
    _btod_etento                             0x08006acd   Thumb Code   224  bigflt0.o(.text)
    exit                                     0x08006bb1   Thumb Code    18  exit.o(.text)
    __user_libspace                          0x08006bc5   Thumb Code     8  libspace.o(.text)
    __user_perproc_libspace                  0x08006bc5   Thumb Code     0  libspace.o(.text)
    __user_perthread_libspace                0x08006bc5   Thumb Code     0  libspace.o(.text)
    strcmp                                   0x08006bcd   Thumb Code   128  strcmpv7m.o(.text)
    _sys_exit                                0x08006c4d   Thumb Code     8  sys_exit.o(.text)
    __I$use$semihosting                      0x08006c59   Thumb Code     0  use_no_semi.o(.text)
    __use_no_semihosting_swi                 0x08006c59   Thumb Code     2  use_no_semi.o(.text)
    __semihosting_library_function           0x08006c5b   Thumb Code     0  indicate_semi.o(.text)
    _btod_d2e                                0x08006c5b   Thumb Code    62  btod.o(CL$$btod_d2e)
    _d2e_denorm_low                          0x08006c99   Thumb Code    70  btod.o(CL$$btod_d2e_denorm_low)
    _d2e_norm_op1                            0x08006cdf   Thumb Code    96  btod.o(CL$$btod_d2e_norm_op1)
    __btod_div_common                        0x08006d3f   Thumb Code   696  btod.o(CL$$btod_div_common)
    _e2e                                     0x08007077   Thumb Code   220  btod.o(CL$$btod_e2e)
    _btod_ediv                               0x08007153   Thumb Code    42  btod.o(CL$$btod_ediv)
    _btod_emul                               0x0800717d   Thumb Code    42  btod.o(CL$$btod_emul)
    __btod_mult_common                       0x080071a7   Thumb Code   580  btod.o(CL$$btod_mult_common)
    BusFault_Handler                         0x080073eb   Thumb Code     4  gd32f10x_it.o(i.BusFault_Handler)
    DMA0_Channel2_IRQHandler                 0x080073f1   Thumb Code    48  gd32f10x_it.o(i.DMA0_Channel2_IRQHandler)
    DMA_Init                                 0x08007449   Thumb Code   172  usart.o(i.DMA_Init)
    DebugMon_Handler                         0x08007505   Thumb Code     4  gd32f10x_it.o(i.DebugMon_Handler)
    Delay_Ms                                 0x08007509   Thumb Code    26  delay.o(i.Delay_Ms)
    Delay_Us                                 0x08007523   Thumb Code    58  delay.o(i.Delay_Us)
    Deley_Init                               0x0800755d   Thumb Code    10  delay.o(i.Deley_Init)
    EXTI0_IRQHandler                         0x08007569   Thumb Code    46  gd32f10x_it.o(i.EXTI0_IRQHandler)
    GM_4G_Init                               0x080075dd   Thumb Code    66  4g.o(i.GM_4G_Init)
    HardFault_Handler                        0x08007645   Thumb Code     4  gd32f10x_it.o(i.HardFault_Handler)
    IIC_Init                                 0x08007649   Thumb Code    52  iic.o(i.IIC_Init)
    IIC_Read_Byte                            0x08007681   Thumb Code   160  iic.o(i.IIC_Read_Byte)
    IIC_Send_Byte                            0x08007725   Thumb Code    88  iic.o(i.IIC_Send_Byte)
    IIC_Start                                0x08007781   Thumb Code    48  iic.o(i.IIC_Start)
    IIC_Stop                                 0x080077b5   Thumb Code    34  iic.o(i.IIC_Stop)
    IIC_Wait_Ack                             0x080077dd   Thumb Code    84  iic.o(i.IIC_Wait_Ack)
    M24C02_ReadData                          0x08007835   Thumb Code   114  m24c02.o(i.M24C02_ReadData)
    M24C02_ReadOTAInfo                       0x080078a9   Thumb Code    22  m24c02.o(i.M24C02_ReadOTAInfo)
    M24C02_WriteOTAInfo                      0x080078c5   Thumb Code    44  m24c02.o(i.M24C02_WriteOTAInfo)
    M24C02_WritePage                         0x080078f5   Thumb Code    86  m24c02.o(i.M24C02_WritePage)
    MQTT_ConnectPack                         0x0800794d   Thumb Code   430  mqtt.o(i.MQTT_ConnectPack)
    MQTT_DealPack                            0x08007b1d   Thumb Code    58  mqtt.o(i.MQTT_DealPack)
    MQTT_ResponseQs0Pack                     0x08007b5d   Thumb Code   308  mqtt.o(i.MQTT_ResponseQs0Pack)
    MQTT_ResponseQs1Pack                     0x08007c95   Thumb Code   394  mqtt.o(i.MQTT_ResponseQs1Pack)
    MQTT_SubscribePack                       0x08007e25   Thumb Code   352  mqtt.o(i.MQTT_SubscribePack)
    MemManage_Handler                        0x08007f89   Thumb Code     4  gd32f10x_it.o(i.MemManage_Handler)
    NMI_Handler                              0x08007f8d   Thumb Code     4  gd32f10x_it.o(i.NMI_Handler)
    OTA_Download_by_Piece                    0x08007fb9   Thumb Code    72  4g.o(i.OTA_Download_by_Piece)
    PendSV_Handler                           0x08008049   Thumb Code     4  gd32f10x_it.o(i.PendSV_Handler)
    Report_OTA_Version                       0x0800804d   Thumb Code    34  4g.o(i.Report_OTA_Version)
    SPI0_Init                                0x080080c1   Thumb Code    94  spi.o(i.SPI0_Init)
    SPI0_TransmitAndReceive                  0x08008129   Thumb Code    50  spi.o(i.SPI0_TransmitAndReceive)
    SPI0_Write                               0x08008161   Thumb Code    26  spi.o(i.SPI0_Write)
    SVC_Handler                              0x0800817b   Thumb Code     4  gd32f10x_it.o(i.SVC_Handler)
    SysTick_Handler                          0x0800817f   Thumb Code     2  gd32f10x_it.o(i.SysTick_Handler)
    SystemInit                               0x08008181   Thumb Code   198  system_gd32f10x.o(i.SystemInit)
    U0_MyPrintf                              0x08008259   Thumb Code    84  usart.o(i.U0_MyPrintf)
    U2_Event                                 0x080082b5   Thumb Code  1488  4g.o(i.U2_Event)
    U2_RxPtrInit                             0x080088a5   Thumb Code    24  usart.o(i.U2_RxPtrInit)
    U2_SendData                              0x080088c5   Thumb Code   146  usart.o(i.U2_SendData)
    U2_TxPtrInit                             0x08008961   Thumb Code    44  usart.o(i.U2_TxPtrInit)
    USART2_IRQHandler                        0x08008995   Thumb Code   184  gd32f10x_it.o(i.USART2_IRQHandler)
    UsageFault_Handler                       0x08008a61   Thumb Code     4  gd32f10x_it.o(i.UsageFault_Handler)
    Usart0_Init                              0x08008a65   Thumb Code    88  usart.o(i.Usart0_Init)
    Usart2_Init                              0x08008ac5   Thumb Code   166  usart.o(i.Usart2_Init)
    W25Q64_Enable                            0x08008b75   Thumb Code    30  w25q64.o(i.W25Q64_Enable)
    W25Q64_Erase64k                          0x08008b99   Thumb Code    70  w25q64.o(i.W25Q64_Erase64k)
    W25Q64_Init                              0x08008be5   Thumb Code    36  w25q64.o(i.W25Q64_Init)
    W25Q64_PageWrite                         0x08008c0d   Thumb Code    80  w25q64.o(i.W25Q64_PageWrite)
    W25Q64_WaitBusy                          0x08008c61   Thumb Code    44  w25q64.o(i.W25Q64_WaitBusy)
    __ARM_fpclassify                         0x08008c91   Thumb Code    40  fpclassify.o(i.__ARM_fpclassify)
    _is_digit                                0x08008cb9   Thumb Code    14  __printf_wp.o(i._is_digit)
    dma_channel_disable                      0x08008cc7   Thumb Code    50  gd32f10x_dma.o(i.dma_channel_disable)
    dma_channel_enable                       0x08008cf9   Thumb Code    50  gd32f10x_dma.o(i.dma_channel_enable)
    dma_circulation_disable                  0x08008d2b   Thumb Code    50  gd32f10x_dma.o(i.dma_circulation_disable)
    dma_deinit                               0x08008d5d   Thumb Code   112  gd32f10x_dma.o(i.dma_deinit)
    dma_init                                 0x08008dcd   Thumb Code   302  gd32f10x_dma.o(i.dma_init)
    dma_interrupt_enable                     0x08008efb   Thumb Code    50  gd32f10x_dma.o(i.dma_interrupt_enable)
    dma_interrupt_flag_clear                 0x08008f2d   Thumb Code    16  gd32f10x_dma.o(i.dma_interrupt_flag_clear)
    dma_interrupt_flag_get                   0x08008f3d   Thumb Code   130  gd32f10x_dma.o(i.dma_interrupt_flag_get)
    dma_memory_address_config                0x08008fbf   Thumb Code    36  gd32f10x_dma.o(i.dma_memory_address_config)
    dma_transfer_number_config               0x08008ffd   Thumb Code    38  gd32f10x_dma.o(i.dma_transfer_number_config)
    dma_transfer_number_get                  0x08009023   Thumb Code    34  gd32f10x_dma.o(i.dma_transfer_number_get)
    exti_deinit                              0x08009045   Thumb Code    24  gd32f10x_exti.o(i.exti_deinit)
    exti_init                                0x08009061   Thumb Code   184  gd32f10x_exti.o(i.exti_init)
    exti_interrupt_enable                    0x0800911d   Thumb Code    12  gd32f10x_exti.o(i.exti_interrupt_enable)
    exti_interrupt_flag_clear                0x0800912d   Thumb Code     6  gd32f10x_exti.o(i.exti_interrupt_flag_clear)
    exti_interrupt_flag_get                  0x08009139   Thumb Code    18  gd32f10x_exti.o(i.exti_interrupt_flag_get)
    gpio_bit_reset                           0x08009151   Thumb Code     4  gd32f10x_gpio.o(i.gpio_bit_reset)
    gpio_bit_set                             0x08009155   Thumb Code     4  gd32f10x_gpio.o(i.gpio_bit_set)
    gpio_exti_source_select                  0x08009159   Thumb Code   146  gd32f10x_gpio.o(i.gpio_exti_source_select)
    gpio_init                                0x080091f1   Thumb Code   172  gd32f10x_gpio.o(i.gpio_init)
    gpio_input_bit_get                       0x0800929d   Thumb Code    16  gd32f10x_gpio.o(i.gpio_input_bit_get)
    main                                     0x080092ad   Thumb Code   388  main.o(i.main)
    nvic_irq_enable                          0x08009499   Thumb Code   162  gd32f10x_misc.o(i.nvic_irq_enable)
    nvic_priority_group_set                  0x08009545   Thumb Code    10  gd32f10x_misc.o(i.nvic_priority_group_set)
    nvic_vector_table_set                    0x08009559   Thumb Code    16  gd32f10x_misc.o(i.nvic_vector_table_set)
    rcu_clock_freq_get                       0x08009571   Thumb Code   264  gd32f10x_rcu.o(i.rcu_clock_freq_get)
    rcu_periph_clock_enable                  0x08009695   Thumb Code    28  gd32f10x_rcu.o(i.rcu_periph_clock_enable)
    rcu_periph_reset_disable                 0x080096b5   Thumb Code    28  gd32f10x_rcu.o(i.rcu_periph_reset_disable)
    rcu_periph_reset_enable                  0x080096d5   Thumb Code    28  gd32f10x_rcu.o(i.rcu_periph_reset_enable)
    spi_enable                               0x080096f5   Thumb Code    10  gd32f10x_spi.o(i.spi_enable)
    spi_i2s_data_receive                     0x080096ff   Thumb Code     8  gd32f10x_spi.o(i.spi_i2s_data_receive)
    spi_i2s_data_transmit                    0x08009707   Thumb Code     4  gd32f10x_spi.o(i.spi_i2s_data_transmit)
    spi_i2s_deinit                           0x0800970d   Thumb Code    82  gd32f10x_spi.o(i.spi_i2s_deinit)
    spi_i2s_flag_get                         0x08009765   Thumb Code    16  gd32f10x_spi.o(i.spi_i2s_flag_get)
    spi_init                                 0x08009775   Thumb Code    50  gd32f10x_spi.o(i.spi_init)
    systick_clksource_set                    0x08009875   Thumb Code    40  gd32f10x_misc.o(i.systick_clksource_set)
    usart_baudrate_set                       0x0800989d   Thumb Code   136  gd32f10x_usart.o(i.usart_baudrate_set)
    usart_data_receive                       0x0800992d   Thumb Code    10  gd32f10x_usart.o(i.usart_data_receive)
    usart_data_transmit                      0x08009937   Thumb Code     8  gd32f10x_usart.o(i.usart_data_transmit)
    usart_deinit                             0x08009941   Thumb Code   136  gd32f10x_usart.o(i.usart_deinit)
    usart_dma_receive_config                 0x080099d1   Thumb Code    20  gd32f10x_usart.o(i.usart_dma_receive_config)
    usart_dma_transmit_config                0x080099e5   Thumb Code    20  gd32f10x_usart.o(i.usart_dma_transmit_config)
    usart_enable                             0x080099f9   Thumb Code    10  gd32f10x_usart.o(i.usart_enable)
    usart_flag_get                           0x08009a03   Thumb Code    30  gd32f10x_usart.o(i.usart_flag_get)
    usart_interrupt_enable                   0x08009a21   Thumb Code    26  gd32f10x_usart.o(i.usart_interrupt_enable)
    usart_interrupt_flag_get                 0x08009a3b   Thumb Code    56  gd32f10x_usart.o(i.usart_interrupt_flag_get)
    usart_parity_config                      0x08009a73   Thumb Code    16  gd32f10x_usart.o(i.usart_parity_config)
    usart_receive_config                     0x08009a83   Thumb Code    16  gd32f10x_usart.o(i.usart_receive_config)
    usart_stop_bit_set                       0x08009a93   Thumb Code    16  gd32f10x_usart.o(i.usart_stop_bit_set)
    usart_transmit_config                    0x08009aa3   Thumb Code    16  gd32f10x_usart.o(i.usart_transmit_config)
    usart_word_length_set                    0x08009ab3   Thumb Code    16  gd32f10x_usart.o(i.usart_word_length_set)
    _get_lc_numeric                          0x08009ac5   Thumb Code    44  lc_numeric_c.o(locale$$code)
    _get_lc_ctype                            0x08009af1   Thumb Code    44  lc_ctype_c.o(locale$$code)
    _printf_fp_dec                           0x08009b1d   Thumb Code     4  printf1.o(x$fpl$printf1)
    _printf_fp_hex                           0x08009b21   Thumb Code     4  printf2.o(x$fpl$printf2)
    __I$use$fp                               0x08009b24   Number         0  usenofp.o(x$fpl$usenofp)
    Region$$Table$$Base                      0x08009df4   Number         0  anon$$obj.o(Region$$Table)
    Region$$Table$$Limit                     0x08009e14   Number         0  anon$$obj.o(Region$$Table)
    __ctype                                  0x08009e3d   Data           0  lc_ctype_c.o(locale$$data)
    BootStatusFlag                           0x20000000   Data           4  main.o(.data)
    ota_info                                 0x20000004   Data          80  main.o(.bss)
    updataA                                  0x20000054   Data        1040  main.o(.bss)
    U0_TxBuff                                0x20000464   Data         256  usart.o(.bss)
    U0_ControlBlock                          0x20000564   Data         192  usart.o(.bss)
    U2_RxBuff                                0x20000624   Data        5120  usart.o(.bss)
    U2_TxBuff                                0x20001a24   Data        5120  usart.o(.bss)
    U2_ControlBlock                          0x20002e24   Data         192  usart.o(.bss)
    Aliyun_mqtt                              0x20002ee4   Data        1084  mqtt.o(.bss)
    __libspace_start                         0x20003320   Data          96  libspace.o(.bss)
    __temporary_stack_top$libspace           0x20003380   Data           0  libspace.o(.bss)



==============================================================================

Memory Map of the image

  Image Entry point : 0x08005105

  Load Region LR_IROM1 (Base: 0x08005000, Size: 0x00004f44, Max: 0x00010000, ABSOLUTE)

    Execution Region ER_IROM1 (Exec base: 0x08005000, Load base: 0x08005000, Size: 0x00004f40, Max: 0x00010000, ABSOLUTE)

    Exec Addr    Load Addr    Size         Type   Attr      Idx    E Section Name        Object

    0x08005000   0x08005000   0x00000104   Data   RO          202    RESET               startup_gd32f10x_md.o
    0x08005104   0x08005104   0x00000008   Code   RO         2742  * !!!main             c_w.l(__main.o)
    0x0800510c   0x0800510c   0x00000034   Code   RO         3046    !!!scatter          c_w.l(__scatter.o)
    0x08005140   0x08005140   0x0000001a   Code   RO         3048    !!handler_copy      c_w.l(__scatter_copy.o)
    0x0800515a   0x0800515a   0x00000002   PAD
    0x0800515c   0x0800515c   0x0000001c   Code   RO         3050    !!handler_zi        c_w.l(__scatter_zi.o)
    0x08005178   0x08005178   0x00000000   Code   RO         2719    .ARM.Collect$$_printf_percent$$00000000  c_w.l(_printf_percent.o)
    0x08005178   0x08005178   0x00000006   Code   RO         2792    .ARM.Collect$$_printf_percent$$00000001  c_w.l(_printf_n.o)
    0x0800517e   0x0800517e   0x00000006   Code   RO         2794    .ARM.Collect$$_printf_percent$$00000002  c_w.l(_printf_p.o)
    0x08005184   0x08005184   0x00000006   Code   RO         2798    .ARM.Collect$$_printf_percent$$00000003  c_w.l(_printf_f.o)
    0x0800518a   0x0800518a   0x00000006   Code   RO         2799    .ARM.Collect$$_printf_percent$$00000004  c_w.l(_printf_e.o)
    0x08005190   0x08005190   0x00000006   Code   RO         2800    .ARM.Collect$$_printf_percent$$00000005  c_w.l(_printf_g.o)
    0x08005196   0x08005196   0x00000006   Code   RO         2801    .ARM.Collect$$_printf_percent$$00000006  c_w.l(_printf_a.o)
    0x0800519c   0x0800519c   0x0000000a   Code   RO         2806    .ARM.Collect$$_printf_percent$$00000007  c_w.l(_printf_ll.o)
    0x080051a6   0x080051a6   0x00000006   Code   RO         2796    .ARM.Collect$$_printf_percent$$00000008  c_w.l(_printf_i.o)
    0x080051ac   0x080051ac   0x00000006   Code   RO         2718    .ARM.Collect$$_printf_percent$$00000009  c_w.l(_printf_d.o)
    0x080051b2   0x080051b2   0x00000006   Code   RO         2797    .ARM.Collect$$_printf_percent$$0000000A  c_w.l(_printf_u.o)
    0x080051b8   0x080051b8   0x00000006   Code   RO         2795    .ARM.Collect$$_printf_percent$$0000000B  c_w.l(_printf_o.o)
    0x080051be   0x080051be   0x00000006   Code   RO         2793    .ARM.Collect$$_printf_percent$$0000000C  c_w.l(_printf_x.o)
    0x080051c4   0x080051c4   0x00000006   Code   RO         2803    .ARM.Collect$$_printf_percent$$0000000D  c_w.l(_printf_lli.o)
    0x080051ca   0x080051ca   0x00000006   Code   RO         2804    .ARM.Collect$$_printf_percent$$0000000E  c_w.l(_printf_lld.o)
    0x080051d0   0x080051d0   0x00000006   Code   RO         2805    .ARM.Collect$$_printf_percent$$0000000F  c_w.l(_printf_llu.o)
    0x080051d6   0x080051d6   0x00000006   Code   RO         2810    .ARM.Collect$$_printf_percent$$00000010  c_w.l(_printf_llo.o)
    0x080051dc   0x080051dc   0x00000006   Code   RO         2811    .ARM.Collect$$_printf_percent$$00000011  c_w.l(_printf_llx.o)
    0x080051e2   0x080051e2   0x0000000a   Code   RO         2807    .ARM.Collect$$_printf_percent$$00000012  c_w.l(_printf_l.o)
    0x080051ec   0x080051ec   0x00000006   Code   RO         2791    .ARM.Collect$$_printf_percent$$00000013  c_w.l(_printf_c.o)
    0x080051f2   0x080051f2   0x00000006   Code   RO         2717    .ARM.Collect$$_printf_percent$$00000014  c_w.l(_printf_s.o)
    0x080051f8   0x080051f8   0x00000006   Code   RO         2808    .ARM.Collect$$_printf_percent$$00000015  c_w.l(_printf_lc.o)
    0x080051fe   0x080051fe   0x00000006   Code   RO         2809    .ARM.Collect$$_printf_percent$$00000016  c_w.l(_printf_ls.o)
    0x08005204   0x08005204   0x00000004   Code   RO         2802    .ARM.Collect$$_printf_percent$$00000017  c_w.l(_printf_percent_end.o)
    0x08005208   0x08005208   0x00000002   Code   RO         2904    .ARM.Collect$$libinit$$00000000  c_w.l(libinit.o)
    0x0800520a   0x0800520a   0x00000000   Code   RO         2921    .ARM.Collect$$libinit$$00000002  c_w.l(libinit2.o)
    0x0800520a   0x0800520a   0x00000000   Code   RO         2923    .ARM.Collect$$libinit$$00000004  c_w.l(libinit2.o)
    0x0800520a   0x0800520a   0x00000000   Code   RO         2926    .ARM.Collect$$libinit$$0000000A  c_w.l(libinit2.o)
    0x0800520a   0x0800520a   0x00000000   Code   RO         2928    .ARM.Collect$$libinit$$0000000C  c_w.l(libinit2.o)
    0x0800520a   0x0800520a   0x00000000   Code   RO         2930    .ARM.Collect$$libinit$$0000000E  c_w.l(libinit2.o)
    0x0800520a   0x0800520a   0x00000006   Code   RO         2931    .ARM.Collect$$libinit$$0000000F  c_w.l(libinit2.o)
    0x08005210   0x08005210   0x00000000   Code   RO         2933    .ARM.Collect$$libinit$$00000011  c_w.l(libinit2.o)
    0x08005210   0x08005210   0x0000000c   Code   RO         2934    .ARM.Collect$$libinit$$00000012  c_w.l(libinit2.o)
    0x0800521c   0x0800521c   0x00000000   Code   RO         2935    .ARM.Collect$$libinit$$00000013  c_w.l(libinit2.o)
    0x0800521c   0x0800521c   0x00000000   Code   RO         2937    .ARM.Collect$$libinit$$00000015  c_w.l(libinit2.o)
    0x0800521c   0x0800521c   0x0000000a   Code   RO         2938    .ARM.Collect$$libinit$$00000016  c_w.l(libinit2.o)
    0x08005226   0x08005226   0x00000000   Code   RO         2939    .ARM.Collect$$libinit$$00000017  c_w.l(libinit2.o)
    0x08005226   0x08005226   0x00000000   Code   RO         2941    .ARM.Collect$$libinit$$00000019  c_w.l(libinit2.o)
    0x08005226   0x08005226   0x00000000   Code   RO         2943    .ARM.Collect$$libinit$$0000001B  c_w.l(libinit2.o)
    0x08005226   0x08005226   0x00000000   Code   RO         2945    .ARM.Collect$$libinit$$0000001D  c_w.l(libinit2.o)
    0x08005226   0x08005226   0x00000000   Code   RO         2947    .ARM.Collect$$libinit$$0000001F  c_w.l(libinit2.o)
    0x08005226   0x08005226   0x00000000   Code   RO         2949    .ARM.Collect$$libinit$$00000021  c_w.l(libinit2.o)
    0x08005226   0x08005226   0x00000000   Code   RO         2951    .ARM.Collect$$libinit$$00000023  c_w.l(libinit2.o)
    0x08005226   0x08005226   0x00000000   Code   RO         2953    .ARM.Collect$$libinit$$00000025  c_w.l(libinit2.o)
    0x08005226   0x08005226   0x00000000   Code   RO         2957    .ARM.Collect$$libinit$$0000002C  c_w.l(libinit2.o)
    0x08005226   0x08005226   0x00000000   Code   RO         2959    .ARM.Collect$$libinit$$0000002E  c_w.l(libinit2.o)
    0x08005226   0x08005226   0x00000000   Code   RO         2961    .ARM.Collect$$libinit$$00000030  c_w.l(libinit2.o)
    0x08005226   0x08005226   0x00000000   Code   RO         2963    .ARM.Collect$$libinit$$00000032  c_w.l(libinit2.o)
    0x08005226   0x08005226   0x00000002   Code   RO         2964    .ARM.Collect$$libinit$$00000033  c_w.l(libinit2.o)
    0x08005228   0x08005228   0x00000002   Code   RO         2984    .ARM.Collect$$libshutdown$$00000000  c_w.l(libshutdown.o)
    0x0800522a   0x0800522a   0x00000000   Code   RO         2997    .ARM.Collect$$libshutdown$$00000002  c_w.l(libshutdown2.o)
    0x0800522a   0x0800522a   0x00000000   Code   RO         2999    .ARM.Collect$$libshutdown$$00000004  c_w.l(libshutdown2.o)
    0x0800522a   0x0800522a   0x00000000   Code   RO         3001    .ARM.Collect$$libshutdown$$00000006  c_w.l(libshutdown2.o)
    0x0800522a   0x0800522a   0x00000000   Code   RO         3004    .ARM.Collect$$libshutdown$$00000009  c_w.l(libshutdown2.o)
    0x0800522a   0x0800522a   0x00000000   Code   RO         3007    .ARM.Collect$$libshutdown$$0000000C  c_w.l(libshutdown2.o)
    0x0800522a   0x0800522a   0x00000000   Code   RO         3009    .ARM.Collect$$libshutdown$$0000000E  c_w.l(libshutdown2.o)
    0x0800522a   0x0800522a   0x00000000   Code   RO         3012    .ARM.Collect$$libshutdown$$00000011  c_w.l(libshutdown2.o)
    0x0800522a   0x0800522a   0x00000002   Code   RO         3013    .ARM.Collect$$libshutdown$$00000012  c_w.l(libshutdown2.o)
    0x0800522c   0x0800522c   0x00000000   Code   RO         2744    .ARM.Collect$$rtentry$$00000000  c_w.l(__rtentry.o)
    0x0800522c   0x0800522c   0x00000000   Code   RO         2827    .ARM.Collect$$rtentry$$00000002  c_w.l(__rtentry2.o)
    0x0800522c   0x0800522c   0x00000006   Code   RO         2839    .ARM.Collect$$rtentry$$00000004  c_w.l(__rtentry4.o)
    0x08005232   0x08005232   0x00000000   Code   RO         2829    .ARM.Collect$$rtentry$$00000009  c_w.l(__rtentry2.o)
    0x08005232   0x08005232   0x00000004   Code   RO         2830    .ARM.Collect$$rtentry$$0000000A  c_w.l(__rtentry2.o)
    0x08005236   0x08005236   0x00000000   Code   RO         2832    .ARM.Collect$$rtentry$$0000000C  c_w.l(__rtentry2.o)
    0x08005236   0x08005236   0x00000008   Code   RO         2833    .ARM.Collect$$rtentry$$0000000D  c_w.l(__rtentry2.o)
    0x0800523e   0x0800523e   0x00000002   Code   RO         2913    .ARM.Collect$$rtexit$$00000000  c_w.l(rtexit.o)
    0x08005240   0x08005240   0x00000000   Code   RO         2966    .ARM.Collect$$rtexit$$00000002  c_w.l(rtexit2.o)
    0x08005240   0x08005240   0x00000004   Code   RO         2967    .ARM.Collect$$rtexit$$00000003  c_w.l(rtexit2.o)
    0x08005244   0x08005244   0x00000006   Code   RO         2968    .ARM.Collect$$rtexit$$00000004  c_w.l(rtexit2.o)
    0x0800524a   0x0800524a   0x00000002   PAD
    0x0800524c   0x0800524c   0x00000040   Code   RO          203    .text               startup_gd32f10x_md.o
    0x0800528c   0x0800528c   0x00000024   Code   RO         2685    .text               c_w.l(vsprintf.o)
    0x080052b0   0x080052b0   0x0000002c   Code   RO         2687    .text               c_w.l(__2sprintf.o)
    0x080052dc   0x080052dc   0x00000052   Code   RO         2693    .text               c_w.l(_printf_str.o)
    0x0800532e   0x0800532e   0x00000002   PAD
    0x08005330   0x08005330   0x00000078   Code   RO         2695    .text               c_w.l(_printf_dec.o)
    0x080053a8   0x080053a8   0x00000188   Code   RO         2714    .text               c_w.l(__printf_flags_ss_wp.o)
    0x08005530   0x08005530   0x0000003c   Code   RO         2720    .text               c_w.l(__0sscanf.o)
    0x0800556c   0x0800556c   0x0000014c   Code   RO         2722    .text               c_w.l(_scanf_int.o)
    0x080056b8   0x080056b8   0x000000e0   Code   RO         2724    .text               c_w.l(_scanf_str.o)
    0x08005798   0x08005798   0x00000024   Code   RO         2726    .text               c_w.l(strstr.o)
    0x080057bc   0x080057bc   0x00000058   Code   RO         2728    .text               c_w.l(memcmp.o)
    0x08005814   0x08005814   0x0000003e   Code   RO         2730    .text               c_w.l(strlen.o)
    0x08005852   0x08005852   0x0000008a   Code   RO         2732    .text               c_w.l(rt_memcpy_v6.o)
    0x080058dc   0x080058dc   0x00000064   Code   RO         2734    .text               c_w.l(rt_memcpy_w.o)
    0x08005940   0x08005940   0x00000044   Code   RO         2736    .text               c_w.l(rt_memclr.o)
    0x08005984   0x08005984   0x0000004e   Code   RO         2738    .text               c_w.l(rt_memclr_w.o)
    0x080059d2   0x080059d2   0x00000006   Code   RO         2740    .text               c_w.l(heapauxi.o)
    0x080059d8   0x080059d8   0x0000004e   Code   RO         2745    .text               c_w.l(_printf_pad.o)
    0x08005a26   0x08005a26   0x00000024   Code   RO         2747    .text               c_w.l(_printf_truncate.o)
    0x08005a4a   0x08005a4a   0x000000b2   Code   RO         2749    .text               c_w.l(_printf_intcommon.o)
    0x08005afc   0x08005afc   0x00000028   Code   RO         2751    .text               c_w.l(_printf_charcount.o)
    0x08005b24   0x08005b24   0x00000030   Code   RO         2753    .text               c_w.l(_printf_char_common.o)
    0x08005b54   0x08005b54   0x0000000a   Code   RO         2755    .text               c_w.l(_sputc.o)
    0x08005b5e   0x08005b5e   0x0000002c   Code   RO         2757    .text               c_w.l(_printf_char.o)
    0x08005b8a   0x08005b8a   0x00000002   PAD
    0x08005b8c   0x08005b8c   0x000000bc   Code   RO         2759    .text               c_w.l(_printf_wctomb.o)
    0x08005c48   0x08005c48   0x0000007c   Code   RO         2762    .text               c_w.l(_printf_longlong_dec.o)
    0x08005cc4   0x08005cc4   0x00000070   Code   RO         2768    .text               c_w.l(_printf_oct_int_ll.o)
    0x08005d34   0x08005d34   0x00000094   Code   RO         2788    .text               c_w.l(_printf_hex_int_ll_ptr.o)
    0x08005dc8   0x08005dc8   0x0000001c   Code   RO         2812    .text               c_w.l(_chval.o)
    0x08005de4   0x08005de4   0x0000002c   Code   RO         2814    .text               c_w.l(scanf_char.o)
    0x08005e10   0x08005e10   0x00000040   Code   RO         2816    .text               c_w.l(_sgetc.o)
    0x08005e50   0x08005e50   0x0000008a   Code   RO         2841    .text               c_w.l(lludiv10.o)
    0x08005eda   0x08005eda   0x00000012   Code   RO         2843    .text               c_w.l(isspace.o)
    0x08005eec   0x08005eec   0x0000041e   Code   RO         2845    .text               c_w.l(_printf_fp_dec.o)
    0x0800630a   0x0800630a   0x00000002   PAD
    0x0800630c   0x0800630c   0x000002fc   Code   RO         2847    .text               c_w.l(_printf_fp_hex.o)
    0x08006608   0x08006608   0x0000002c   Code   RO         2852    .text               c_w.l(_printf_wchar.o)
    0x08006634   0x08006634   0x00000374   Code   RO         2854    .text               c_w.l(_scanf.o)
    0x080069a8   0x080069a8   0x00000040   Code   RO         2856    .text               c_w.l(_wcrtomb.o)
    0x080069e8   0x080069e8   0x0000004a   Code   RO         2858    .text               c_w.l(sys_stackheap_outer.o)
    0x08006a32   0x08006a32   0x00000002   PAD
    0x08006a34   0x08006a34   0x00000010   Code   RO         2860    .text               c_w.l(rt_ctype_table.o)
    0x08006a44   0x08006a44   0x00000008   Code   RO         2865    .text               c_w.l(rt_locale_intlibspace.o)
    0x08006a4c   0x08006a4c   0x00000080   Code   RO         2867    .text               c_w.l(_printf_fp_infnan.o)
    0x08006acc   0x08006acc   0x000000e4   Code   RO         2869    .text               c_w.l(bigflt0.o)
    0x08006bb0   0x08006bb0   0x00000012   Code   RO         2897    .text               c_w.l(exit.o)
    0x08006bc2   0x08006bc2   0x00000002   PAD
    0x08006bc4   0x08006bc4   0x00000008   Code   RO         2910    .text               c_w.l(libspace.o)
    0x08006bcc   0x08006bcc   0x00000080   Code   RO         2918    .text               c_w.l(strcmpv7m.o)
    0x08006c4c   0x08006c4c   0x0000000c   Code   RO         2976    .text               c_w.l(sys_exit.o)
    0x08006c58   0x08006c58   0x00000002   Code   RO         2987    .text               c_w.l(use_no_semi.o)
    0x08006c5a   0x08006c5a   0x00000000   Code   RO         2989    .text               c_w.l(indicate_semi.o)
    0x08006c5a   0x08006c5a   0x0000003e   Code   RO         2872    CL$$btod_d2e        c_w.l(btod.o)
    0x08006c98   0x08006c98   0x00000046   Code   RO         2874    CL$$btod_d2e_denorm_low  c_w.l(btod.o)
    0x08006cde   0x08006cde   0x00000060   Code   RO         2873    CL$$btod_d2e_norm_op1  c_w.l(btod.o)
    0x08006d3e   0x08006d3e   0x00000338   Code   RO         2882    CL$$btod_div_common  c_w.l(btod.o)
    0x08007076   0x08007076   0x000000dc   Code   RO         2879    CL$$btod_e2e        c_w.l(btod.o)
    0x08007152   0x08007152   0x0000002a   Code   RO         2876    CL$$btod_ediv       c_w.l(btod.o)
    0x0800717c   0x0800717c   0x0000002a   Code   RO         2875    CL$$btod_emul       c_w.l(btod.o)
    0x080071a6   0x080071a6   0x00000244   Code   RO         2881    CL$$btod_mult_common  c_w.l(btod.o)
    0x080073ea   0x080073ea   0x00000004   Code   RO          209    i.BusFault_Handler  gd32f10x_it.o
    0x080073ee   0x080073ee   0x00000002   PAD
    0x080073f0   0x080073f0   0x00000058   Code   RO          210    i.DMA0_Channel2_IRQHandler  gd32f10x_it.o
    0x08007448   0x08007448   0x000000bc   Code   RO          301    i.DMA_Init          usart.o
    0x08007504   0x08007504   0x00000004   Code   RO          211    i.DebugMon_Handler  gd32f10x_it.o
    0x08007508   0x08007508   0x0000001a   Code   RO          367    i.Delay_Ms          delay.o
    0x08007522   0x08007522   0x0000003a   Code   RO          368    i.Delay_Us          delay.o
    0x0800755c   0x0800755c   0x0000000a   Code   RO          369    i.Deley_Init        delay.o
    0x08007566   0x08007566   0x00000002   PAD
    0x08007568   0x08007568   0x00000074   Code   RO          212    i.EXTI0_IRQHandler  gd32f10x_it.o
    0x080075dc   0x080075dc   0x00000068   Code   RO          607    i.GM_4G_Init        4g.o
    0x08007644   0x08007644   0x00000004   Code   RO          213    i.HardFault_Handler  gd32f10x_it.o
    0x08007648   0x08007648   0x00000038   Code   RO          399    i.IIC_Init          iic.o
    0x08007680   0x08007680   0x000000a4   Code   RO          400    i.IIC_Read_Byte     iic.o
    0x08007724   0x08007724   0x0000005c   Code   RO          401    i.IIC_Send_Byte     iic.o
    0x08007780   0x08007780   0x00000034   Code   RO          402    i.IIC_Start         iic.o
    0x080077b4   0x080077b4   0x00000028   Code   RO          403    i.IIC_Stop          iic.o
    0x080077dc   0x080077dc   0x00000058   Code   RO          404    i.IIC_Wait_Ack      iic.o
    0x08007834   0x08007834   0x00000072   Code   RO          449    i.M24C02_ReadData   m24c02.o
    0x080078a6   0x080078a6   0x00000002   PAD
    0x080078a8   0x080078a8   0x0000001c   Code   RO          450    i.M24C02_ReadOTAInfo  m24c02.o
    0x080078c4   0x080078c4   0x00000030   Code   RO          452    i.M24C02_WriteOTAInfo  m24c02.o
    0x080078f4   0x080078f4   0x00000056   Code   RO          453    i.M24C02_WritePage  m24c02.o
    0x0800794a   0x0800794a   0x00000002   PAD
    0x0800794c   0x0800794c   0x000001d0   Code   RO          656    i.MQTT_ConnectPack  mqtt.o
    0x08007b1c   0x08007b1c   0x00000040   Code   RO          657    i.MQTT_DealPack     mqtt.o
    0x08007b5c   0x08007b5c   0x00000138   Code   RO          658    i.MQTT_ResponseQs0Pack  mqtt.o
    0x08007c94   0x08007c94   0x00000190   Code   RO          659    i.MQTT_ResponseQs1Pack  mqtt.o
    0x08007e24   0x08007e24   0x00000164   Code   RO          660    i.MQTT_SubscribePack  mqtt.o
    0x08007f88   0x08007f88   0x00000004   Code   RO          214    i.MemManage_Handler  gd32f10x_it.o
    0x08007f8c   0x08007f8c   0x00000004   Code   RO          215    i.NMI_Handler       gd32f10x_it.o
    0x08007f90   0x08007f90   0x00000028   Code   RO          608    i.NVIC_SystemReset  4g.o
    0x08007fb8   0x08007fb8   0x00000090   Code   RO          609    i.OTA_Download_by_Piece  4g.o
    0x08008048   0x08008048   0x00000004   Code   RO          216    i.PendSV_Handler    gd32f10x_it.o
    0x0800804c   0x0800804c   0x00000074   Code   RO          610    i.Report_OTA_Version  4g.o
    0x080080c0   0x080080c0   0x00000068   Code   RO          493    i.SPI0_Init         spi.o
    0x08008128   0x08008128   0x00000038   Code   RO          495    i.SPI0_TransmitAndReceive  spi.o
    0x08008160   0x08008160   0x0000001a   Code   RO          496    i.SPI0_Write        spi.o
    0x0800817a   0x0800817a   0x00000004   Code   RO          217    i.SVC_Handler       gd32f10x_it.o
    0x0800817e   0x0800817e   0x00000002   Code   RO          218    i.SysTick_Handler   gd32f10x_it.o
    0x08008180   0x08008180   0x000000d8   Code   RO          166    i.SystemInit        system_gd32f10x.o
    0x08008258   0x08008258   0x0000005c   Code   RO          302    i.U0_MyPrintf       usart.o
    0x080082b4   0x080082b4   0x000005f0   Code   RO          611    i.U2_Event          4g.o
    0x080088a4   0x080088a4   0x00000020   Code   RO          303    i.U2_RxPtrInit      usart.o
    0x080088c4   0x080088c4   0x0000009c   Code   RO          304    i.U2_SendData       usart.o
    0x08008960   0x08008960   0x00000034   Code   RO          305    i.U2_TxPtrInit      usart.o
    0x08008994   0x08008994   0x000000cc   Code   RO          219    i.USART2_IRQHandler  gd32f10x_it.o
    0x08008a60   0x08008a60   0x00000004   Code   RO          220    i.UsageFault_Handler  gd32f10x_it.o
    0x08008a64   0x08008a64   0x00000060   Code   RO          306    i.Usart0_Init       usart.o
    0x08008ac4   0x08008ac4   0x000000b0   Code   RO          307    i.Usart2_Init       usart.o
    0x08008b74   0x08008b74   0x00000024   Code   RO          531    i.W25Q64_Enable     w25q64.o
    0x08008b98   0x08008b98   0x0000004c   Code   RO          532    i.W25Q64_Erase64k   w25q64.o
    0x08008be4   0x08008be4   0x00000028   Code   RO          533    i.W25Q64_Init       w25q64.o
    0x08008c0c   0x08008c0c   0x00000054   Code   RO          534    i.W25Q64_PageWrite  w25q64.o
    0x08008c60   0x08008c60   0x00000030   Code   RO          536    i.W25Q64_WaitBusy   w25q64.o
    0x08008c90   0x08008c90   0x00000028   Code   RO         2908    i.__ARM_fpclassify  m_ws.l(fpclassify.o)
    0x08008cb8   0x08008cb8   0x0000000e   Code   RO         2707    i._is_digit         c_w.l(__printf_wp.o)
    0x08008cc6   0x08008cc6   0x00000032   Code   RO         2286    i.dma_channel_disable  gd32f10x_dma.o
    0x08008cf8   0x08008cf8   0x00000032   Code   RO         2287    i.dma_channel_enable  gd32f10x_dma.o
    0x08008d2a   0x08008d2a   0x00000032   Code   RO         2288    i.dma_circulation_disable  gd32f10x_dma.o
    0x08008d5c   0x08008d5c   0x00000070   Code   RO         2290    i.dma_deinit        gd32f10x_dma.o
    0x08008dcc   0x08008dcc   0x0000012e   Code   RO         2293    i.dma_init          gd32f10x_dma.o
    0x08008efa   0x08008efa   0x00000032   Code   RO         2295    i.dma_interrupt_enable  gd32f10x_dma.o
    0x08008f2c   0x08008f2c   0x00000010   Code   RO         2296    i.dma_interrupt_flag_clear  gd32f10x_dma.o
    0x08008f3c   0x08008f3c   0x00000082   Code   RO         2297    i.dma_interrupt_flag_get  gd32f10x_dma.o
    0x08008fbe   0x08008fbe   0x00000024   Code   RO         2298    i.dma_memory_address_config  gd32f10x_dma.o
    0x08008fe2   0x08008fe2   0x00000002   PAD
    0x08008fe4   0x08008fe4   0x00000018   Code   RO         2305    i.dma_periph_and_channel_check  gd32f10x_dma.o
    0x08008ffc   0x08008ffc   0x00000026   Code   RO         2312    i.dma_transfer_number_config  gd32f10x_dma.o
    0x08009022   0x08009022   0x00000022   Code   RO         2313    i.dma_transfer_number_get  gd32f10x_dma.o
    0x08009044   0x08009044   0x0000001c   Code   RO          704    i.exti_deinit       gd32f10x_exti.o
    0x08009060   0x08009060   0x000000bc   Code   RO          709    i.exti_init         gd32f10x_exti.o
    0x0800911c   0x0800911c   0x00000010   Code   RO          711    i.exti_interrupt_enable  gd32f10x_exti.o
    0x0800912c   0x0800912c   0x0000000c   Code   RO          712    i.exti_interrupt_flag_clear  gd32f10x_exti.o
    0x08009138   0x08009138   0x00000018   Code   RO          713    i.exti_interrupt_flag_get  gd32f10x_exti.o
    0x08009150   0x08009150   0x00000004   Code   RO          791    i.gpio_bit_reset    gd32f10x_gpio.o
    0x08009154   0x08009154   0x00000004   Code   RO          792    i.gpio_bit_set      gd32f10x_gpio.o
    0x08009158   0x08009158   0x00000098   Code   RO          798    i.gpio_exti_source_select  gd32f10x_gpio.o
    0x080091f0   0x080091f0   0x000000ac   Code   RO          799    i.gpio_init         gd32f10x_gpio.o
    0x0800929c   0x0800929c   0x00000010   Code   RO          800    i.gpio_input_bit_get  gd32f10x_gpio.o
    0x080092ac   0x080092ac   0x000001ec   Code   RO            3    i.main              main.o
    0x08009498   0x08009498   0x000000ac   Code   RO         1107    i.nvic_irq_enable   gd32f10x_misc.o
    0x08009544   0x08009544   0x00000014   Code   RO         1108    i.nvic_priority_group_set  gd32f10x_misc.o
    0x08009558   0x08009558   0x00000018   Code   RO         1109    i.nvic_vector_table_set  gd32f10x_misc.o
    0x08009570   0x08009570   0x00000124   Code   RO         1170    i.rcu_clock_freq_get  gd32f10x_rcu.o
    0x08009694   0x08009694   0x00000020   Code   RO         1187    i.rcu_periph_clock_enable  gd32f10x_rcu.o
    0x080096b4   0x080096b4   0x00000020   Code   RO         1190    i.rcu_periph_reset_disable  gd32f10x_rcu.o
    0x080096d4   0x080096d4   0x00000020   Code   RO         1191    i.rcu_periph_reset_enable  gd32f10x_rcu.o
    0x080096f4   0x080096f4   0x0000000a   Code   RO         1407    i.spi_enable        gd32f10x_spi.o
    0x080096fe   0x080096fe   0x00000008   Code   RO         1409    i.spi_i2s_data_receive  gd32f10x_spi.o
    0x08009706   0x08009706   0x00000004   Code   RO         1410    i.spi_i2s_data_transmit  gd32f10x_spi.o
    0x0800970a   0x0800970a   0x00000002   PAD
    0x0800970c   0x0800970c   0x00000058   Code   RO         1411    i.spi_i2s_deinit    gd32f10x_spi.o
    0x08009764   0x08009764   0x00000010   Code   RO         1412    i.spi_i2s_flag_get  gd32f10x_spi.o
    0x08009774   0x08009774   0x00000032   Code   RO         1416    i.spi_init          gd32f10x_spi.o
    0x080097a6   0x080097a6   0x00000002   PAD
    0x080097a8   0x080097a8   0x000000c4   Code   RO          167    i.system_clock_108m_hxtal  system_gd32f10x.o
    0x0800986c   0x0800986c   0x00000008   Code   RO          168    i.system_clock_config  system_gd32f10x.o
    0x08009874   0x08009874   0x00000028   Code   RO         1112    i.systick_clksource_set  gd32f10x_misc.o
    0x0800989c   0x0800989c   0x00000090   Code   RO         2015    i.usart_baudrate_set  gd32f10x_usart.o
    0x0800992c   0x0800992c   0x0000000a   Code   RO         2016    i.usart_data_receive  gd32f10x_usart.o
    0x08009936   0x08009936   0x00000008   Code   RO         2017    i.usart_data_transmit  gd32f10x_usart.o
    0x0800993e   0x0800993e   0x00000002   PAD
    0x08009940   0x08009940   0x00000090   Code   RO         2018    i.usart_deinit      gd32f10x_usart.o
    0x080099d0   0x080099d0   0x00000014   Code   RO         2020    i.usart_dma_receive_config  gd32f10x_usart.o
    0x080099e4   0x080099e4   0x00000014   Code   RO         2021    i.usart_dma_transmit_config  gd32f10x_usart.o
    0x080099f8   0x080099f8   0x0000000a   Code   RO         2022    i.usart_enable      gd32f10x_usart.o
    0x08009a02   0x08009a02   0x0000001e   Code   RO         2024    i.usart_flag_get    gd32f10x_usart.o
    0x08009a20   0x08009a20   0x0000001a   Code   RO         2031    i.usart_interrupt_enable  gd32f10x_usart.o
    0x08009a3a   0x08009a3a   0x00000038   Code   RO         2033    i.usart_interrupt_flag_get  gd32f10x_usart.o
    0x08009a72   0x08009a72   0x00000010   Code   RO         2043    i.usart_parity_config  gd32f10x_usart.o
    0x08009a82   0x08009a82   0x00000010   Code   RO         2045    i.usart_receive_config  gd32f10x_usart.o
    0x08009a92   0x08009a92   0x00000010   Code   RO         2051    i.usart_stop_bit_set  gd32f10x_usart.o
    0x08009aa2   0x08009aa2   0x00000010   Code   RO         2055    i.usart_transmit_config  gd32f10x_usart.o
    0x08009ab2   0x08009ab2   0x00000010   Code   RO         2056    i.usart_word_length_set  gd32f10x_usart.o
    0x08009ac2   0x08009ac2   0x00000002   PAD
    0x08009ac4   0x08009ac4   0x0000002c   Code   RO         2895    locale$$code        c_w.l(lc_numeric_c.o)
    0x08009af0   0x08009af0   0x0000002c   Code   RO         2916    locale$$code        c_w.l(lc_ctype_c.o)
    0x08009b1c   0x08009b1c   0x00000004   Code   RO         2818    x$fpl$printf1       fz_ws.l(printf1.o)
    0x08009b20   0x08009b20   0x00000004   Code   RO         2820    x$fpl$printf2       fz_ws.l(printf2.o)
    0x08009b24   0x08009b24   0x00000000   Code   RO         2907    x$fpl$usenofp       fz_ws.l(usenofp.o)
    0x08009b24   0x08009b24   0x00000011   Data   RO         2715    .constdata          c_w.l(__printf_flags_ss_wp.o)
    0x08009b35   0x08009b35   0x00000003   PAD
    0x08009b38   0x08009b38   0x00000008   Data   RO         2760    .constdata          c_w.l(_printf_wctomb.o)
    0x08009b40   0x08009b40   0x00000028   Data   RO         2789    .constdata          c_w.l(_printf_hex_int_ll_ptr.o)
    0x08009b68   0x08009b68   0x00000026   Data   RO         2848    .constdata          c_w.l(_printf_fp_hex.o)
    0x08009b8e   0x08009b8e   0x00000002   PAD
    0x08009b90   0x08009b90   0x00000094   Data   RO         2870    .constdata          c_w.l(bigflt0.o)
    0x08009c24   0x08009c24   0x0000013a   Data   RO          612    .conststring        4g.o
    0x08009d5e   0x08009d5e   0x00000002   PAD
    0x08009d60   0x08009d60   0x00000091   Data   RO          662    .conststring        mqtt.o
    0x08009df1   0x08009df1   0x00000003   PAD
    0x08009df4   0x08009df4   0x00000020   Data   RO         3044    Region$$Table       anon$$obj.o
    0x08009e14   0x08009e14   0x0000001c   Data   RO         2894    locale$$data        c_w.l(lc_numeric_c.o)
    0x08009e30   0x08009e30   0x00000110   Data   RO         2915    locale$$data        c_w.l(lc_ctype_c.o)


    Execution Region RW_IRAM1 (Exec base: 0x20000000, Load base: 0x08009f40, Size: 0x00003980, Max: 0x00005000, ABSOLUTE)

    Exec Addr    Load Addr    Size         Type   Attr      Idx    E Section Name        Object

    0x20000000   0x08009f40   0x00000004   Data   RW            5    .data               main.o
    0x20000004        -       0x00000460   Zero   RW            4    .bss                main.o
    0x20000464        -       0x00002a80   Zero   RW          308    .bss                usart.o
    0x20002ee4        -       0x0000043c   Zero   RW          661    .bss                mqtt.o
    0x20003320        -       0x00000060   Zero   RW         2911    .bss                c_w.l(libspace.o)
    0x20003380        -       0x00000200   Zero   RW          201    HEAP                startup_gd32f10x_md.o
    0x20003580        -       0x00000400   Zero   RW          200    STACK               startup_gd32f10x_md.o


==============================================================================

Image component sizes


      Code (inc. data)   RO Data    RW Data    ZI Data      Debug   Object Name

      1924       1012        314          0          0      25294   4g.o
        94          0          0          0          0       1315   delay.o
       892          6          0          0          0       7903   gd32f10x_dma.o
       268         24          0          0          0       2560   gd32f10x_exti.o
       348          6          0          0          0       2999   gd32f10x_gpio.o
       442        130          0          0          0       6016   gd32f10x_it.o
       256         28          0          0          0       2268   gd32f10x_misc.o
       388         40          0          0          0       2548   gd32f10x_rcu.o
       176          6          0          0          0       3899   gd32f10x_spi.o
       548         16          0          0          0       8332   gd32f10x_usart.o
       492         26          0          0          0       3005   iic.o
       276         10          0          0          0       3040   m24c02.o
       492        104          0          4       1120      44037   main.o
      1596         54        145          0       1084       3636   mqtt.o
       186         16          0          0          0       2023   spi.o
        64         26        260          0       1536        840   startup_gd32f10x_md.o
       420         32          0          0          0       2325   system_gd32f10x.o
       792         68          0          0      10880       5173   usart.o
       284         24          0          0          0       2897   w25q64.o

    ----------------------------------------------------------------------
      9956       1628        756          4      14620     130110   Object Totals
         0          0         32          0          0          0   (incl. Generated)
        18          0          5          0          0          0   (incl. Padding)

    ----------------------------------------------------------------------

      Code (inc. data)   RO Data    RW Data    ZI Data      Debug   Library Member Name

        60          8          0          0          0         84   __0sscanf.o
        44          6          0          0          0         84   __2sprintf.o
         8          0          0          0          0         68   __main.o
       392          4         17          0          0         92   __printf_flags_ss_wp.o
        14          0          0          0          0         68   __printf_wp.o
         0          0          0          0          0          0   __rtentry.o
        12          0          0          0          0          0   __rtentry2.o
         6          0          0          0          0          0   __rtentry4.o
        52          8          0          0          0          0   __scatter.o
        26          0          0          0          0          0   __scatter_copy.o
        28          0          0          0          0          0   __scatter_zi.o
        28          0          0          0          0         68   _chval.o
         6          0          0          0          0          0   _printf_a.o
         6          0          0          0          0          0   _printf_c.o
        44          0          0          0          0        108   _printf_char.o
        48          6          0          0          0         96   _printf_char_common.o
        40          0          0          0          0         68   _printf_charcount.o
         6          0          0          0          0          0   _printf_d.o
       120         16          0          0          0         92   _printf_dec.o
         6          0          0          0          0          0   _printf_e.o
         6          0          0          0          0          0   _printf_f.o
      1054          0          0          0          0        216   _printf_fp_dec.o
       764          8         38          0          0        100   _printf_fp_hex.o
       128         16          0          0          0         84   _printf_fp_infnan.o
         6          0          0          0          0          0   _printf_g.o
       148          4         40          0          0        160   _printf_hex_int_ll_ptr.o
         6          0          0          0          0          0   _printf_i.o
       178          0          0          0          0         88   _printf_intcommon.o
        10          0          0          0          0          0   _printf_l.o
         6          0          0          0          0          0   _printf_lc.o
        10          0          0          0          0          0   _printf_ll.o
         6          0          0          0          0          0   _printf_lld.o
         6          0          0          0          0          0   _printf_lli.o
         6          0          0          0          0          0   _printf_llo.o
         6          0          0          0          0          0   _printf_llu.o
         6          0          0          0          0          0   _printf_llx.o
       124         16          0          0          0         92   _printf_longlong_dec.o
         6          0          0          0          0          0   _printf_ls.o
         6          0          0          0          0          0   _printf_n.o
         6          0          0          0          0          0   _printf_o.o
       112         10          0          0          0        124   _printf_oct_int_ll.o
         6          0          0          0          0          0   _printf_p.o
        78          0          0          0          0        108   _printf_pad.o
         0          0          0          0          0          0   _printf_percent.o
         4          0          0          0          0          0   _printf_percent_end.o
         6          0          0          0          0          0   _printf_s.o
        82          0          0          0          0         80   _printf_str.o
        36          0          0          0          0         84   _printf_truncate.o
         6          0          0          0          0          0   _printf_u.o
        44          0          0          0          0        108   _printf_wchar.o
       188          6          8          0          0         92   _printf_wctomb.o
         6          0          0          0          0          0   _printf_x.o
       884          4          0          0          0        100   _scanf.o
       332          0          0          0          0         96   _scanf_int.o
       224          0          0          0          0         96   _scanf_str.o
        64          0          0          0          0         84   _sgetc.o
        10          0          0          0          0         68   _sputc.o
        64          0          0          0          0         92   _wcrtomb.o
       228          4        148          0          0         96   bigflt0.o
      1936        128          0          0          0        672   btod.o
        18          0          0          0          0         80   exit.o
         6          0          0          0          0        152   heapauxi.o
         0          0          0          0          0          0   indicate_semi.o
        18          0          0          0          0         76   isspace.o
        44         10        272          0          0         76   lc_ctype_c.o
        44         10         28          0          0         76   lc_numeric_c.o
         2          0          0          0          0          0   libinit.o
        30          0          0          0          0          0   libinit2.o
         2          0          0          0          0          0   libshutdown.o
         2          0          0          0          0          0   libshutdown2.o
         8          4          0          0         96         68   libspace.o
       138          0          0          0          0         80   lludiv10.o
        88          0          0          0          0         76   memcmp.o
        16          4          0          0          0         76   rt_ctype_table.o
         8          4          0          0          0         68   rt_locale_intlibspace.o
        68          0          0          0          0         68   rt_memclr.o
        78          0          0          0          0         80   rt_memclr_w.o
       138          0          0          0          0         68   rt_memcpy_v6.o
       100          0          0          0          0         80   rt_memcpy_w.o
         2          0          0          0          0          0   rtexit.o
        10          0          0          0          0          0   rtexit2.o
        44          8          0          0          0         84   scanf_char.o
       128          0          0          0          0         68   strcmpv7m.o
        62          0          0          0          0         76   strlen.o
        36          0          0          0          0         80   strstr.o
        12          4          0          0          0         68   sys_exit.o
        74          0          0          0          0         80   sys_stackheap_outer.o
         2          0          0          0          0         68   use_no_semi.o
        36          4          0          0          0         76   vsprintf.o
         4          0          0          0          0         68   printf1.o
         4          0          0          0          0         68   printf2.o
         0          0          0          0          0          0   usenofp.o
        40          0          0          0          0         68   fpclassify.o

    ----------------------------------------------------------------------
      9020        292        556          0         96       5396   Library Totals
        14          0          5          0          0          0   (incl. Padding)

    ----------------------------------------------------------------------

      Code (inc. data)   RO Data    RW Data    ZI Data      Debug   Library Name

      8958        292        551          0         96       5192   c_w.l
         8          0          0          0          0        136   fz_ws.l
        40          0          0          0          0         68   m_ws.l

    ----------------------------------------------------------------------
      9020        292        556          0         96       5396   Library Totals

    ----------------------------------------------------------------------

==============================================================================


      Code (inc. data)   RO Data    RW Data    ZI Data      Debug   

     18976       1920       1312          4      14716     127182   Grand Totals
     18976       1920       1312          4      14716     127182   ELF Image Totals
     18976       1920       1312          4          0          0   ROM Totals

==============================================================================

    Total RO  Size (Code + RO Data)                20288 (  19.81kB)
    Total RW  Size (RW Data + ZI Data)             14720 (  14.38kB)
    Total ROM Size (Code + RO Data + RW Data)      20292 (  19.82kB)

==============================================================================

