Component: ARM Compiler 5.06 update 7 (build 960) Tool: armlink [4d3601]

==============================================================================

Section Cross References

    main.o(i.main) refers to delay.o(i.Deley_Init) for Deley_Init
    main.o(i.main) refers to usart.o(i.Usart2_Init) for Usart2_Init
    main.o(i.main) refers to usart.o(i.Usart0_Init) for Usart0_Init
    main.o(i.main) refers to iic.o(i.IIC_Init) for IIC_Init
    main.o(i.main) refers to w25q64.o(i.W25Q64_Init) for W25Q64_Init
    main.o(i.main) refers to m24c02.o(i.M24C02_ReadOTAInfo) for M24C02_ReadOTAInfo
    main.o(i.main) refers to boot.o(i.Bootloader_Branch_Judge) for Bootloader_Branch_Judge
    main.o(i.main) refers to 4g.o(i.GM_4G_Init) for GM_4G_Init
    main.o(i.main) refers to delay.o(i.Delay_Ms) for Delay_Ms
    main.o(i.main) refers to boot.o(i.BootLoaderCommandChoose) for BootLoaderCommandChoose
    main.o(i.main) refers to usart.o(i.U0_MyPrintf) for U0_MyPrintf
    main.o(i.main) refers to 4g.o(i.U2_Event) for U2_Event
    main.o(i.main) refers to fmc.o(i.GD32_EraseFalash) for GD32_EraseFalash
    main.o(i.main) refers to w25q64.o(i.W25Q64_ReadData) for W25Q64_ReadData
    main.o(i.main) refers to fmc.o(i.GD32_WriteFlash) for GD32_WriteFlash
    main.o(i.main) refers to m24c02.o(i.M24C02_WriteOTAInfo) for M24C02_WriteOTAInfo
    main.o(i.main) refers to usart.o(.bss) for U0_ControlBlock
    main.o(i.main) refers to main.o(.data) for BootStatusFlag
    main.o(i.main) refers to main.o(.bss) for updataA
    system_gd32f10x.o(i.SystemInit) refers to system_gd32f10x.o(i.system_clock_config) for system_clock_config
    system_gd32f10x.o(i.SystemInit) refers to gd32f10x_misc.o(i.nvic_vector_table_set) for nvic_vector_table_set
    system_gd32f10x.o(i.system_clock_config) refers to system_gd32f10x.o(i.system_clock_108m_hxtal) for system_clock_108m_hxtal
    startup_gd32f10x_md.o(STACK) refers (Special) to heapauxi.o(.text) for __use_two_region_memory
    startup_gd32f10x_md.o(HEAP) refers (Special) to heapauxi.o(.text) for __use_two_region_memory
    startup_gd32f10x_md.o(RESET) refers (Special) to heapauxi.o(.text) for __use_two_region_memory
    startup_gd32f10x_md.o(RESET) refers to startup_gd32f10x_md.o(STACK) for __initial_sp
    startup_gd32f10x_md.o(RESET) refers to startup_gd32f10x_md.o(.text) for Reset_Handler
    startup_gd32f10x_md.o(RESET) refers to gd32f10x_it.o(i.NMI_Handler) for NMI_Handler
    startup_gd32f10x_md.o(RESET) refers to gd32f10x_it.o(i.HardFault_Handler) for HardFault_Handler
    startup_gd32f10x_md.o(RESET) refers to gd32f10x_it.o(i.MemManage_Handler) for MemManage_Handler
    startup_gd32f10x_md.o(RESET) refers to gd32f10x_it.o(i.BusFault_Handler) for BusFault_Handler
    startup_gd32f10x_md.o(RESET) refers to gd32f10x_it.o(i.UsageFault_Handler) for UsageFault_Handler
    startup_gd32f10x_md.o(RESET) refers to gd32f10x_it.o(i.SVC_Handler) for SVC_Handler
    startup_gd32f10x_md.o(RESET) refers to gd32f10x_it.o(i.DebugMon_Handler) for DebugMon_Handler
    startup_gd32f10x_md.o(RESET) refers to gd32f10x_it.o(i.PendSV_Handler) for PendSV_Handler
    startup_gd32f10x_md.o(RESET) refers to gd32f10x_it.o(i.SysTick_Handler) for SysTick_Handler
    startup_gd32f10x_md.o(RESET) refers to gd32f10x_it.o(i.USART0_IRQHandler) for USART0_IRQHandler
    startup_gd32f10x_md.o(RESET) refers to gd32f10x_it.o(i.USART2_IRQHandler) for USART2_IRQHandler
    startup_gd32f10x_md.o(.text) refers (Special) to heapauxi.o(.text) for __use_two_region_memory
    startup_gd32f10x_md.o(.text) refers to system_gd32f10x.o(i.SystemInit) for SystemInit
    startup_gd32f10x_md.o(.text) refers to __main.o(!!!main) for __main
    startup_gd32f10x_md.o(.text) refers to startup_gd32f10x_md.o(HEAP) for Heap_Mem
    startup_gd32f10x_md.o(.text) refers to startup_gd32f10x_md.o(STACK) for Stack_Mem
    gd32f10x_it.o(i.USART0_IRQHandler) refers to gd32f10x_usart.o(i.usart_interrupt_flag_get) for usart_interrupt_flag_get
    gd32f10x_it.o(i.USART0_IRQHandler) refers to gd32f10x_usart.o(i.usart_flag_get) for usart_flag_get
    gd32f10x_it.o(i.USART0_IRQHandler) refers to gd32f10x_usart.o(i.usart_data_receive) for usart_data_receive
    gd32f10x_it.o(i.USART0_IRQHandler) refers to gd32f10x_dma.o(i.dma_transfer_number_get) for dma_transfer_number_get
    gd32f10x_it.o(i.USART0_IRQHandler) refers to gd32f10x_dma.o(i.dma_channel_disable) for dma_channel_disable
    gd32f10x_it.o(i.USART0_IRQHandler) refers to gd32f10x_dma.o(i.dma_transfer_number_config) for dma_transfer_number_config
    gd32f10x_it.o(i.USART0_IRQHandler) refers to gd32f10x_dma.o(i.dma_memory_address_config) for dma_memory_address_config
    gd32f10x_it.o(i.USART0_IRQHandler) refers to gd32f10x_dma.o(i.dma_channel_enable) for dma_channel_enable
    gd32f10x_it.o(i.USART0_IRQHandler) refers to usart.o(.bss) for U0_ControlBlock
    gd32f10x_it.o(i.USART2_IRQHandler) refers to gd32f10x_usart.o(i.usart_interrupt_flag_get) for usart_interrupt_flag_get
[...]
    i.GM_4G_Init                             0x08002c9c   Section        0  4g.o(i.GM_4G_Init)
    i.HardFault_Handler                      0x08002d04   Section        0  gd32f10x_it.o(i.HardFault_Handler)
    i.IIC_Init                               0x08002d08   Section        0  iic.o(i.IIC_Init)
    i.IIC_Read_Byte                          0x08002d40   Section        0  iic.o(i.IIC_Read_Byte)
    i.IIC_Send_Byte                          0x08002de4   Section        0  iic.o(i.IIC_Send_Byte)
    i.IIC_Start                              0x08002e40   Section        0  iic.o(i.IIC_Start)
    i.IIC_Stop                               0x08002e74   Section        0  iic.o(i.IIC_Stop)
    i.IIC_Wait_Ack                           0x08002e9c   Section        0  iic.o(i.IIC_Wait_Ack)
    i.LOAD_App                               0x08002ef4   Section        0  boot.o(i.LOAD_App)
    i.M24C02_ReadData                        0x08002f60   Section        0  m24c02.o(i.M24C02_ReadData)
    i.M24C02_ReadOTAInfo                     0x08002fd4   Section        0  m24c02.o(i.M24C02_ReadOTAInfo)
    i.M24C02_WriteOTAInfo                    0x08002ff0   Section        0  m24c02.o(i.M24C02_WriteOTAInfo)
    i.M24C02_WritePage                       0x08003020   Section        0  m24c02.o(i.M24C02_WritePage)
    i.MemManage_Handler                      0x08003076   Section        0  gd32f10x_it.o(i.MemManage_Handler)
    i.NMI_Handler                            0x0800307a   Section        0  gd32f10x_it.o(i.NMI_Handler)
    i.NVIC_SystemReset                       0x08003080   Section        0  boot.o(i.NVIC_SystemReset)
    NVIC_SystemReset                         0x08003081   Thumb Code    30  boot.o(i.NVIC_SystemReset)
    i.PendSV_Handler                         0x080030a8   Section        0  gd32f10x_it.o(i.PendSV_Handler)
    i.Print_BootLoader_Control_Info          0x080030ac   Section        0  boot.o(i.Print_BootLoader_Control_Info)
    i.SPI0_Init                              0x080031a0   Section        0  spi.o(i.SPI0_Init)
    i.SPI0_Read                              0x08003208   Section        0  spi.o(i.SPI0_Read)
    i.SPI0_TransmitAndReceive                0x08003224   Section        0  spi.o(i.SPI0_TransmitAndReceive)
    i.SPI0_Write                             0x0800325c   Section        0  spi.o(i.SPI0_Write)
    i.SVC_Handler                            0x08003276   Section        0  gd32f10x_it.o(i.SVC_Handler)
    i.SysTick_Handler                        0x0800327a   Section        0  gd32f10x_it.o(i.SysTick_Handler)
    i.SystemInit                             0x0800327c   Section        0  system_gd32f10x.o(i.SystemInit)
    i.U0_MyPrintf                            0x08003350   Section        0  usart.o(i.U0_MyPrintf)
    i.U0_RxPtrInit                           0x080033ac   Section        0  usart.o(i.U0_RxPtrInit)
    i.U2_Event                               0x080033cc   Section        0  4g.o(i.U2_Event)
    i.U2_MyPrintf                            0x08003498   Section        0  usart.o(i.U2_MyPrintf)
    i.U2_RxPtrInit                           0x080034f4   Section        0  usart.o(i.U2_RxPtrInit)
    i.USART0_IRQHandler                      0x08003514   Section        0  gd32f10x_it.o(i.USART0_IRQHandler)
    i.USART2_IRQHandler                      0x080035e0   Section        0  gd32f10x_it.o(i.USART2_IRQHandler)
    i.UsageFault_Handler                     0x080036ac   Section        0  gd32f10x_it.o(i.UsageFault_Handler)
    i.Usart0_Init                            0x080036b0   Section        0  usart.o(i.Usart0_Init)
    i.Usart2_Init                            0x08003754   Section        0  usart.o(i.Usart2_Init)
    i.W25Q64_Enable                          0x080037ec   Section        0  w25q64.o(i.W25Q64_Enable)
    i.W25Q64_Erase64k                        0x08003810   Section        0  w25q64.o(i.W25Q64_Erase64k)
    i.W25Q64_Init                            0x0800385c   Section        0  w25q64.o(i.W25Q64_Init)
    i.W25Q64_PageWrite                       0x08003884   Section        0  w25q64.o(i.W25Q64_PageWrite)
    i.W25Q64_ReadData                        0x080038d8   Section        0  w25q64.o(i.W25Q64_ReadData)
    i.W25Q64_WaitBusy                        0x08003924   Section        0  w25q64.o(i.W25Q64_WaitBusy)
    i.Xmodem_CRC16                           0x08003954   Section        0  boot.o(i.Xmodem_CRC16)
    i.__ARM_fpclassify                       0x08003998   Section        0  fpclassify.o(i.__ARM_fpclassify)
    i._is_digit                              0x080039c0   Section        0  __printf_wp.o(i._is_digit)
    i.dma_channel_disable                    0x080039ce   Section        0  gd32f10x_dma.o(i.dma_channel_disable)
    i.dma_channel_enable                     0x08003a00   Section        0  gd32f10x_dma.o(i.dma_channel_enable)
    i.dma_circulation_disable                0x08003a32   Section        0  gd32f10x_dma.o(i.dma_circulation_disable)
    i.dma_deinit                             0x08003a64   Section        0  gd32f10x_dma.o(i.dma_deinit)
    i.dma_init                               0x08003ad4   Section        0  gd32f10x_dma.o(i.dma_init)
    i.dma_memory_address_config              0x08003c02   Section        0  gd32f10x_dma.o(i.dma_memory_address_config)
    i.dma_periph_and_channel_check           0x08003c28   Section        0  gd32f10x_dma.o(i.dma_periph_and_channel_check)
    dma_periph_and_channel_check             0x08003c29   Thumb Code    18  gd32f10x_dma.o(i.dma_periph_and_channel_check)
    i.dma_transfer_number_config             0x08003c40   Section        0  gd32f10x_dma.o(i.dma_transfer_number_config)
    i.dma_transfer_number_get                0x08003c66   Section        0  gd32f10x_dma.o(i.dma_transfer_number_get)
    i.fmc_bank0_ready_wait                   0x08003c88   Section        0  gd32f10x_fmc.o(i.fmc_bank0_ready_wait)
    i.fmc_bank0_state_get                    0x08003cac   Section        0  gd32f10x_fmc.o(i.fmc_bank0_state_get)
    i.fmc_bank1_ready_wait                   0x08003cdc   Section        0  gd32f10x_fmc.o(i.fmc_bank1_ready_wait)
    i.fmc_bank1_state_get                    0x08003d00   Section        0  gd32f10x_fmc.o(i.fmc_bank1_state_get)
    i.fmc_lock                               0x08003d30   Section        0  gd32f10x_fmc.o(i.fmc_lock)
    i.fmc_page_erase                         0x08003d5c   Section        0  gd32f10x_fmc.o(i.fmc_page_erase)
    i.fmc_unlock                             0x08003e54   Section        0  gd32f10x_fmc.o(i.fmc_unlock)
    i.fmc_word_program                       0x08003e98   Section        0  gd32f10x_fmc.o(i.fmc_word_program)
    i.gpio_bit_reset                         0x08003f58   Section        0  gd32f10x_gpio.o(i.gpio_bit_reset)
    i.gpio_bit_set                           0x08003f5c   Section        0  gd32f10x_gpio.o(i.gpio_bit_set)
    i.gpio_deinit                            0x08003f60   Section        0  gd32f10x_gpio.o(i.gpio_deinit)
    i.gpio_init                              0x08004024   Section        0  gd32f10x_gpio.o(i.gpio_init)
    i.gpio_input_bit_get                     0x080040d0   Section        0  gd32f10x_gpio.o(i.gpio_input_bit_get)
    i.main                                   0x080040e0   Section        0  main.o(i.main)
    i.nvic_irq_enable                        0x080043e8   Section        0  gd32f10x_misc.o(i.nvic_irq_enable)
    i.nvic_priority_group_set                0x08004494   Section        0  gd32f10x_misc.o(i.nvic_priority_group_set)
    i.nvic_vector_table_set                  0x080044a8   Section        0  gd32f10x_misc.o(i.nvic_vector_table_set)
    i.rcu_clock_freq_get                     0x080044c0   Section        0  gd32f10x_rcu.o(i.rcu_clock_freq_get)
    i.rcu_periph_clock_enable                0x080045e4   Section        0  gd32f10x_rcu.o(i.rcu_periph_clock_enable)
    i.rcu_periph_reset_disable               0x08004604   Section        0  gd32f10x_rcu.o(i.rcu_periph_reset_disable)
    i.rcu_periph_reset_enable                0x08004624   Section        0  gd32f10x_rcu.o(i.rcu_periph_reset_enable)
    i.spi_enable                             0x08004644   Section        0  gd32f10x_spi.o(i.spi_enable)
    i.spi_i2s_data_receive                   0x0800464e   Section        0  gd32f10x_spi.o(i.spi_i2s_data_receive)
    i.spi_i2s_data_transmit                  0x08004656   Section        0  gd32f10x_spi.o(i.spi_i2s_data_transmit)
    i.spi_i2s_deinit                         0x0800465c   Section        0  gd32f10x_spi.o(i.spi_i2s_deinit)
    i.spi_i2s_flag_get                       0x080046b4   Section        0  gd32f10x_spi.o(i.spi_i2s_flag_get)
    i.spi_init                               0x080046c4   Section        0  gd32f10x_spi.o(i.spi_init)
    i.system_clock_108m_hxtal                0x080046f8   Section        0  system_gd32f10x.o(i.system_clock_108m_hxtal)
    system_clock_108m_hxtal                  0x080046f9   Thumb Code   182  system_gd32f10x.o(i.system_clock_108m_hxtal)
    i.system_clock_config                    0x080047bc   Section        0  system_gd32f10x.o(i.system_clock_config)
    system_clock_config                      0x080047bd   Thumb Code     8  system_gd32f10x.o(i.system_clock_config)
    i.systick_clksource_set                  0x080047c4   Section        0  gd32f10x_misc.o(i.systick_clksource_set)
    i.usart_baudrate_set                     0x080047ec   Section        0  gd32f10x_usart.o(i.usart_baudrate_set)
    i.usart_data_receive                     0x0800487c   Section        0  gd32f10x_usart.o(i.usart_data_receive)
    i.usart_data_transmit                    0x08004886   Section        0  gd32f10x_usart.o(i.usart_data_transmit)
    i.usart_deinit                           0x08004890   Section        0  gd32f10x_usart.o(i.usart_deinit)
    i.usart_dma_receive_config               0x08004920   Section        0  gd32f10x_usart.o(i.usart_dma_receive_config)
    i.usart_enable                           0x08004934   Section        0  gd32f10x_usart.o(i.usart_enable)
    i.usart_flag_get                         0x0800493e   Section        0  gd32f10x_usart.o(i.usart_flag_get)
    i.usart_interrupt_enable                 0x0800495c   Section        0  gd32f10x_usart.o(i.usart_interrupt_enable)
    i.usart_interrupt_flag_get               0x08004976   Section        0  gd32f10x_usart.o(i.usart_interrupt_flag_get)
    i.usart_parity_config                    0x080049ae   Section        0  gd32f10x_usart.o(i.usart_parity_config)
    i.usart_receive_config                   0x080049be   Section        0  gd32f10x_usart.o(i.usart_receive_config)
    i.usart_stop_bit_set                     0x080049ce   Section        0  gd32f10x_usart.o(i.usart_stop_bit_set)
    i.usart_transmit_config                  0x080049de   Section        0  gd32f10x_usart.o(i.usart_transmit_config)
    i.usart_word_length_set                  0x080049ee   Section        0  gd32f10x_usart.o(i.usart_word_length_set)
    locale$$code                             0x08004a00   Section       44  lc_numeric_c.o(locale$$code)
    locale$$code                             0x08004a2c   Section       44  lc_ctype_c.o(locale$$code)
    x$fpl$printf1                            0x08004a58   Section        4  printf1.o(x$fpl$printf1)
    x$fpl$printf2                            0x08004a5c   Section        4  printf2.o(x$fpl$printf2)
    .constdata                               0x08004a60   Section        8  _printf_wctomb.o(.constdata)
    x$fpl$usenofp                            0x08004a60   Section        0  usenofp.o(x$fpl$usenofp)
    initial_mbstate                          0x08004a60   Data           8  _printf_wctomb.o(.constdata)
    .constdata                               0x08004a68   Section       40  _printf_hex_int_ll_ptr.o(.constdata)
    uc_hextab                                0x08004a68   Data          20  _printf_hex_int_ll_ptr.o(.constdata)
    lc_hextab                                0x08004a7c   Data          20  _printf_hex_int_ll_ptr.o(.constdata)
    .constdata                               0x08004a90   Section       17  __printf_flags_ss_wp.o(.constdata)
    maptable                                 0x08004a90   Data          17  __printf_flags_ss_wp.o(.constdata)
    .constdata                               0x08004aa1   Section       38  _printf_fp_hex.o(.constdata)
    lc_hextab                                0x08004aa1   Data          19  _printf_fp_hex.o(.constdata)
    uc_hextab                                0x08004ab4   Data          19  _printf_fp_hex.o(.constdata)
    .constdata                               0x08004ac8   Section      148  bigflt0.o(.constdata)
    tenpwrs_x                                0x08004ac8   Data          60  bigflt0.o(.constdata)
    tenpwrs_i                                0x08004b04   Data          64  bigflt0.o(.constdata)
    .conststring                             0x08004b5c   Section      250  boot.o(.conststring)
    locale$$data                             0x08004c78   Section       28  lc_numeric_c.o(locale$$data)
    __lcnum_c_name                           0x08004c7c   Data           2  lc_numeric_c.o(locale$$data)
    __lcnum_c_start                          0x08004c84   Data           0  lc_numeric_c.o(locale$$data)
    __lcnum_c_point                          0x08004c90   Data           0  lc_numeric_c.o(locale$$data)
    __lcnum_c_thousands                      0x08004c92   Data           0  lc_numeric_c.o(locale$$data)
    __lcnum_c_grouping                       0x08004c93   Data           0  lc_numeric_c.o(locale$$data)
    locale$$data                             0x08004c94   Section      272  lc_ctype_c.o(locale$$data)
    __lcnum_c_end                            0x08004c94   Data           0  lc_numeric_c.o(locale$$data)
    __lcctype_c_name                         0x08004c98   Data           2  lc_ctype_c.o(locale$$data)
    __lcctype_c_start                        0x08004ca0   Data           0  lc_ctype_c.o(locale$$data)
    __lcctype_c_end                          0x08004da4   Data           0  lc_ctype_c.o(locale$$data)
    .data                                    0x20000000   Section        4  main.o(.data)
    .data                                    0x20000004   Section        4  boot.o(.data)
    .bss                                     0x20000008   Section     1120  main.o(.bss)
    .bss                                     0x20000468   Section     8384  usart.o(.bss)
    .bss                                     0x20002528   Section       96  libspace.o(.bss)
    HEAP                                     0x20002588   Section      512  startup_gd32f10x_md.o(HEAP)
    Heap_Mem                                 0x20002588   Data         512  startup_gd32f10x_md.o(HEAP)
    STACK                                    0x20002788   Section     1024  startup_gd32f10x_md.o(STACK)
    Stack_Mem                                0x20002788   Data        1024  startup_gd32f10x_md.o(STACK)
    __initial_sp                             0x20002b88   Data           0  startup_gd32f10x_md.o(STACK)

    Global Symbols

    Symbol Name                              Value     Ov Type        Size  Object(Section)

    BuildAttributes$$THM_ISAv4$P$D$K$B$S$PE$A:L22UL41UL21$X:L11$S22US41US21$IEEE1$IW$USESV6$~STKCKD$USESV7$~SHL$OTIME$ROPI$IEEEJ$EBA8$UX$STANDARDLIB$REQ8$PRES8$EABIv2 0x00000000   Number         0  anon$$obj.o ABSOLUTE
    __ARM_use_no_argv                        0x00000000   Number         0  main.o ABSOLUTE
    _printf_flags                            0x00000000   Number         0  printf_stubs.o ABSOLUTE
    _printf_return_value                     0x00000000   Number         0  printf_stubs.o ABSOLUTE
    _printf_sizespec                         0x00000000   Number         0  printf_stubs.o ABSOLUTE
    _printf_widthprec                        0x00000000   Number         0  printf_stubs.o ABSOLUTE
    __ARM_exceptions_init                     - Undefined Weak Reference
    __alloca_initialize                       - Undefined Weak Reference
    __arm_fini_                               - Undefined Weak Reference
    __arm_preinit_                            - Undefined Weak Reference
    __cpp_initialize__aeabi_                  - Undefined Weak Reference
    __cxa_finalize                            - Undefined Weak Reference
    __sigvec_lookup                           - Undefined Weak Reference
    _atexit_init                              - Undefined Weak Reference
    _call_atexit_fns                          - Undefined Weak Reference
    _clock_init                               - Undefined Weak Reference
    _fp_trap_init                             - Undefined Weak Reference
    _fp_trap_shutdown                         - Undefined Weak Reference
    _get_lc_collate                           - Undefined Weak Reference
    _get_lc_monetary                          - Undefined Weak Reference
    _get_lc_time                              - Undefined Weak Reference
    _getenv_init                              - Undefined Weak Reference
    _handle_redirection                       - Undefined Weak Reference
    _init_alloc                               - Undefined Weak Reference
    _init_user_alloc                          - Undefined Weak Reference
    _initio                                   - Undefined Weak Reference
    _printf_mbtowc                            - Undefined Weak Reference
    _printf_wc                                - Undefined Weak Reference
    _rand_init                                - Undefined Weak Reference
    _scanf_longlong                           - Undefined Weak Reference
    _scanf_mbtowc                             - Undefined Weak Reference
    _scanf_real                               - Undefined Weak Reference
    _scanf_string                             - Undefined Weak Reference
    _scanf_wctomb                             - Undefined Weak Reference
    _scanf_wstring                            - Undefined Weak Reference
    _signal_finish                            - Undefined Weak Reference
    _signal_init                              - Undefined Weak Reference
    _terminate_alloc                          - Undefined Weak Reference
    _terminate_user_alloc                     - Undefined Weak Reference
    _terminateio                              - Undefined Weak Reference
    __Vectors_Size                           0x00000104   Number         0  startup_gd32f10x_md.o ABSOLUTE
    __Vectors                                0x08000000   Data           4  startup_gd32f10x_md.o(RESET)
    __Vectors_End                            0x08000104   Data           0  startup_gd32f10x_md.o(RESET)
    __main                                   0x08000105   Thumb Code     8  __main.o(!!!main)
    __scatterload                            0x0800010d   Thumb Code     0  __scatter.o(!!!scatter)
    __scatterload_rt2                        0x0800010d   Thumb Code    44  __scatter.o(!!!scatter)
    __scatterload_rt2_thumb_only             0x0800010d   Thumb Code     0  __scatter.o(!!!scatter)
    __scatterload_null                       0x0800011b   Thumb Code     0  __scatter.o(!!!scatter)
    __scatterload_copy                       0x08000141   Thumb Code    26  __scatter_copy.o(!!handler_copy)
    __scatterload_zeroinit                   0x0800015d   Thumb Code    28  __scatter_zi.o(!!handler_zi)
    _printf_n                                0x08000179   Thumb Code     0  _printf_n.o(.ARM.Collect$$_printf_percent$$00000001)
    _printf_percent                          0x08000179   Thumb Code     0  _printf_percent.o(.ARM.Collect$$_printf_percent$$00000000)
    _printf_p                                0x0800017f   Thumb Code     0  _printf_p.o(.ARM.Collect$$_printf_percent$$00000002)
    _printf_f                                0x08000185   Thumb Code     0  _printf_f.o(.ARM.Collect$$_printf_percent$$00000003)
    _printf_e                                0x0800018b   Thumb Code     0  _printf_e.o(.ARM.Collect$$_printf_percent$$00000004)
    _printf_g                                0x08000191   Thumb Code     0  _printf_g.o(.ARM.Collect$$_printf_percent$$00000005)
    _printf_a                                0x08000197   Thumb Code     0  _printf_a.o(.ARM.Collect$$_printf_percent$$00000006)
    _printf_ll                               0x0800019d   Thumb Code     0  _printf_ll.o(.ARM.Collect$$_printf_percent$$00000007)
    _printf_i                                0x080001a7   Thumb Code     0  _printf_i.o(.ARM.Collect$$_printf_percent$$00000008)
    _printf_d                                0x080001ad   Thumb Code     0  _printf_d.o(.ARM.Collect$$_printf_percent$$00000009)
    _printf_u                                0x080001b3   Thumb Code     0  _printf_u.o(.ARM.Collect$$_printf_percent$$0000000A)
    _printf_o                                0x080001b9   Thumb Code     0  _printf_o.o(.ARM.Collect$$_printf_percent$$0000000B)
    _printf_x                                0x080001bf   Thumb Code     0  _printf_x.o(.ARM.Collect$$_printf_percent$$0000000C)
    _printf_lli                              0x080001c5   Thumb Code     0  _printf_lli.o(.ARM.Collect$$_printf_percent$$0000000D)
    _printf_lld                              0x080001cb   Thumb Code     0  _printf_lld.o(.ARM.Collect$$_printf_percent$$0000000E)
    _printf_llu                              0x080001d1   Thumb Code     0  _printf_llu.o(.ARM.Collect$$_printf_percent$$0000000F)
    _printf_llo                              0x080001d7   Thumb Code     0  _printf_llo.o(.ARM.Collect$$_printf_percent$$00000010)
    _printf_llx                              0x080001dd   Thumb Code     0  _printf_llx.o(.ARM.Collect$$_printf_percent$$00000011)
    _printf_l                                0x080001e3   Thumb Code     0  _printf_l.o(.ARM.Collect$$_printf_percent$$00000012)
    _printf_c                                0x080001ed   Thumb Code     0  _printf_c.o(.ARM.Collect$$_printf_percent$$00000013)
    _printf_s                                0x080001f3   Thumb Code     0  _printf_s.o(.ARM.Collect$$_printf_percent$$00000014)
    _printf_lc                               0x080001f9   Thumb Code     0  _printf_lc.o(.ARM.Collect$$_printf_percent$$00000015)
    _printf_ls                               0x080001ff   Thumb Code     0  _printf_ls.o(.ARM.Collect$$_printf_percent$$00000016)
    _printf_percent_end                      0x08000205   Thumb Code     0  _printf_percent_end.o(.ARM.Collect$$_printf_percent$$00000017)
    __rt_lib_init                            0x08000209   Thumb Code     0  libinit.o(.ARM.Collect$$libinit$$00000000)
    __rt_lib_init_fp_1                       0x0800020b   Thumb Code     0  libinit2.o(.ARM.Collect$$libinit$$00000002)
    __rt_lib_init_heap_1                     0x0800020b   Thumb Code     0  libinit2.o(.ARM.Collect$$libinit$$0000000A)
    __rt_lib_init_lc_common                  0x0800020b   Thumb Code     0  libinit2.o(.ARM.Collect$$libinit$$0000000F)
    __rt_lib_init_preinit_1                  0x0800020b   Thumb Code     0  libinit2.o(.ARM.Collect$$libinit$$00000004)
    __rt_lib_init_rand_1                     0x0800020b   Thumb Code     0  libinit2.o(.ARM.Collect$$libinit$$0000000E)
    __rt_lib_init_user_alloc_1               0x0800020b   Thumb Code     0  libinit2.o(.ARM.Collect$$libinit$$0000000C)
    __rt_lib_init_lc_collate_1               0x08000211   Thumb Code     0  libinit2.o(.ARM.Collect$$libinit$$00000011)
    __rt_lib_init_lc_ctype_2                 0x08000211   Thumb Code     0  libinit2.o(.ARM.Collect$$libinit$$00000012)
    __rt_lib_init_lc_ctype_1                 0x0800021d   Thumb Code     0  libinit2.o(.ARM.Collect$$libinit$$00000013)
    __rt_lib_init_lc_monetary_1              0x0800021d   Thumb Code     0  libinit2.o(.ARM.Collect$$libinit$$00000015)
    __rt_lib_init_lc_numeric_2               0x0800021d   Thumb Code     0  libinit2.o(.ARM.Collect$$libinit$$00000016)
    __rt_lib_init_alloca_1                   0x08000227   Thumb Code     0  libinit2.o(.ARM.Collect$$libinit$$0000002E)
    __rt_lib_init_argv_1                     0x08000227   Thumb Code     0  libinit2.o(.ARM.Collect$$libinit$$0000002C)
    __rt_lib_init_atexit_1                   0x08000227   Thumb Code     0  libinit2.o(.ARM.Collect$$libinit$$0000001B)
    __rt_lib_init_clock_1                    0x08000227   Thumb Code     0  libinit2.o(.ARM.Collect$$libinit$$00000021)
    __rt_lib_init_cpp_1                      0x08000227   Thumb Code     0  libinit2.o(.ARM.Collect$$libinit$$00000032)
    __rt_lib_init_exceptions_1               0x08000227   Thumb Code     0  libinit2.o(.ARM.Collect$$libinit$$00000030)
    __rt_lib_init_fp_trap_1                  0x08000227   Thumb Code     0  libinit2.o(.ARM.Collect$$libinit$$0000001F)
    __rt_lib_init_getenv_1                   0x08000227   Thumb Code     0  libinit2.o(.ARM.Collect$$libinit$$00000023)
    __rt_lib_init_lc_numeric_1               0x08000227   Thumb Code     0  libinit2.o(.ARM.Collect$$libinit$$00000017)
    __rt_lib_init_lc_time_1                  0x08000227   Thumb Code     0  libinit2.o(.ARM.Collect$$libinit$$00000019)
    __rt_lib_init_return                     0x08000227   Thumb Code     0  libinit2.o(.ARM.Collect$$libinit$$00000033)
    __rt_lib_init_signal_1                   0x08000227   Thumb Code     0  libinit2.o(.ARM.Collect$$libinit$$0000001D)
    __rt_lib_init_stdio_1                    0x08000227   Thumb Code     0  libinit2.o(.ARM.Collect$$libinit$$00000025)
    __rt_lib_shutdown                        0x08000229   Thumb Code     0  libshutdown.o(.ARM.Collect$$libshutdown$$00000000)
    __rt_lib_shutdown_cpp_1                  0x0800022b   Thumb Code     0  libshutdown2.o(.ARM.Collect$$libshutdown$$00000004)
    __rt_lib_shutdown_fini_1                 0x0800022b   Thumb Code     0  libshutdown2.o(.ARM.Collect$$libshutdown$$00000002)
    __rt_lib_shutdown_fp_trap_1              0x0800022b   Thumb Code     0  libshutdown2.o(.ARM.Collect$$libshutdown$$00000009)
    __rt_lib_shutdown_heap_1                 0x0800022b   Thumb Code     0  libshutdown2.o(.ARM.Collect$$libshutdown$$00000011)
    __rt_lib_shutdown_return                 0x0800022b   Thumb Code     0  libshutdown2.o(.ARM.Collect$$libshutdown$$00000012)
    __rt_lib_shutdown_signal_1               0x0800022b   Thumb Code     0  libshutdown2.o(.ARM.Collect$$libshutdown$$0000000C)
    __rt_lib_shutdown_stdio_1                0x0800022b   Thumb Code     0  libshutdown2.o(.ARM.Collect$$libshutdown$$00000006)
    __rt_lib_shutdown_user_alloc_1           0x0800022b   Thumb Code     0  libshutdown2.o(.ARM.Collect$$libshutdown$$0000000E)
    __rt_entry                               0x0800022d   Thumb Code     0  __rtentry.o(.ARM.Collect$$rtentry$$00000000)
    __rt_entry_presh_1                       0x0800022d   Thumb Code     0  __rtentry2.o(.ARM.Collect$$rtentry$$00000002)
    __rt_entry_sh                            0x0800022d   Thumb Code     0  __rtentry4.o(.ARM.Collect$$rtentry$$00000004)
    __rt_entry_li                            0x08000233   Thumb Code     0  __rtentry2.o(.ARM.Collect$$rtentry$$0000000A)
    __rt_entry_postsh_1                      0x08000233   Thumb Code     0  __rtentry2.o(.ARM.Collect$$rtentry$$00000009)
    __rt_entry_main                          0x08000237   Thumb Code     0  __rtentry2.o(.ARM.Collect$$rtentry$$0000000D)
    __rt_entry_postli_1                      0x08000237   Thumb Code     0  __rtentry2.o(.ARM.Collect$$rtentry$$0000000C)
    __rt_exit                                0x0800023f   Thumb Code     0  rtexit.o(.ARM.Collect$$rtexit$$00000000)
    __rt_exit_ls                             0x08000241   Thumb Code     0  rtexit2.o(.ARM.Collect$$rtexit$$00000003)
    __rt_exit_prels_1                        0x08000241   Thumb Code     0  rtexit2.o(.ARM.Collect$$rtexit$$00000002)
    __rt_exit_exit                           0x08000245   Thumb Code     0  rtexit2.o(.ARM.Collect$$rtexit$$00000004)
    MSR_SP                                   0x0800024d   Thumb Code     6  boot.o(.emb_text)
    Reset_Handler                            0x08000255   Thumb Code     8  startup_gd32f10x_md.o(.text)
    ADC0_1_IRQHandler                        0x0800026f   Thumb Code     0  startup_gd32f10x_md.o(.text)
    CAN0_EWMC_IRQHandler                     0x0800026f   Thumb Code     0  startup_gd32f10x_md.o(.text)
    CAN0_RX1_IRQHandler                      0x0800026f   Thumb Code     0  startup_gd32f10x_md.o(.text)
    DMA0_Channel0_IRQHandler                 0x0800026f   Thumb Code     0  startup_gd32f10x_md.o(.text)
    DMA0_Channel1_IRQHandler                 0x0800026f   Thumb Code     0  startup_gd32f10x_md.o(.text)
    DMA0_Channel2_IRQHandler                 0x0800026f   Thumb Code     0  startup_gd32f10x_md.o(.text)
    DMA0_Channel3_IRQHandler                 0x0800026f   Thumb Code     0  startup_gd32f10x_md.o(.text)
    DMA0_Channel4_IRQHandler                 0x0800026f   Thumb Code     0  startup_gd32f10x_md.o(.text)
    DMA0_Channel5_IRQHandler                 0x0800026f   Thumb Code     0  startup_gd32f10x_md.o(.text)
    DMA0_Channel6_IRQHandler                 0x0800026f   Thumb Code     0  startup_gd32f10x_md.o(.text)
    EXMC_IRQHandler                          0x0800026f   Thumb Code     0  startup_gd32f10x_md.o(.text)
    EXTI0_IRQHandler                         0x0800026f   Thumb Code     0  startup_gd32f10x_md.o(.text)
    EXTI10_15_IRQHandler                     0x0800026f   Thumb Code     0  startup_gd32f10x_md.o(.text)
    EXTI1_IRQHandler                         0x0800026f   Thumb Code     0  startup_gd32f10x_md.o(.text)
    EXTI2_IRQHandler                         0x0800026f   Thumb Code     0  startup_gd32f10x_md.o(.text)
    EXTI3_IRQHandler                         0x0800026f   Thumb Code     0  startup_gd32f10x_md.o(.text)
    EXTI4_IRQHandler                         0x0800026f   Thumb Code     0  startup_gd32f10x_md.o(.text)
    EXTI5_9_IRQHandler                       0x0800026f   Thumb Code     0  startup_gd32f10x_md.o(.text)
    FMC_IRQHandler                           0x0800026f   Thumb Code     0  startup_gd32f10x_md.o(.text)
    I2C0_ER_IRQHandler                       0x0800026f   Thumb Code     0  startup_gd32f10x_md.o(.text)
    I2C0_EV_IRQHandler                       0x0800026f   Thumb Code     0  startup_gd32f10x_md.o(.text)
    I2C1_ER_IRQHandler                       0x0800026f   Thumb Code     0  startup_gd32f10x_md.o(.text)
    I2C1_EV_IRQHandler                       0x0800026f   Thumb Code     0  startup_gd32f10x_md.o(.text)
    LVD_IRQHandler                           0x0800026f   Thumb Code     0  startup_gd32f10x_md.o(.text)
    RCU_IRQHandler                           0x0800026f   Thumb Code     0  startup_gd32f10x_md.o(.text)
    RTC_Alarm_IRQHandler                     0x0800026f   Thumb Code     0  startup_gd32f10x_md.o(.text)
    RTC_IRQHandler                           0x0800026f   Thumb Code     0  startup_gd32f10x_md.o(.text)
    SPI0_IRQHandler                          0x0800026f   Thumb Code     0  startup_gd32f10x_md.o(.text)
    SPI1_IRQHandler                          0x0800026f   Thumb Code     0  startup_gd32f10x_md.o(.text)
    TAMPER_IRQHandler                        0x0800026f   Thumb Code     0  startup_gd32f10x_md.o(.text)
    TIMER0_BRK_IRQHandler                    0x0800026f   Thumb Code     0  startup_gd32f10x_md.o(.text)
    TIMER0_Channel_IRQHandler                0x0800026f   Thumb Code     0  startup_gd32f10x_md.o(.text)
    TIMER0_TRG_CMT_IRQHandler                0x0800026f   Thumb Code     0  startup_gd32f10x_md.o(.text)
    TIMER0_UP_IRQHandler                     0x0800026f   Thumb Code     0  startup_gd32f10x_md.o(.text)
    TIMER1_IRQHandler                        0x0800026f   Thumb Code     0  startup_gd32f10x_md.o(.text)
    TIMER2_IRQHandler                        0x0800026f   Thumb Code     0  startup_gd32f10x_md.o(.text)
    TIMER3_IRQHandler                        0x0800026f   Thumb Code     0  startup_gd32f10x_md.o(.text)
    USART1_IRQHandler                        0x0800026f   Thumb Code     0  startup_gd32f10x_md.o(.text)
    USBD_HP_CAN0_TX_IRQHandler               0x0800026f   Thumb Code     0  startup_gd32f10x_md.o(.text)
    USBD_LP_CAN0_RX0_IRQHandler              0x0800026f   Thumb Code     0  startup_gd32f10x_md.o(.text)
    USBD_WKUP_IRQHandler                     0x0800026f   Thumb Code     0  startup_gd32f10x_md.o(.text)
    WWDGT_IRQHandler                         0x0800026f   Thumb Code     0  startup_gd32f10x_md.o(.text)
    __user_initial_stackheap                 0x08000271   Thumb Code    10  startup_gd32f10x_md.o(.text)
    vsprintf                                 0x08000295   Thumb Code    32  vsprintf.o(.text)
    __0sscanf                                0x080002b9   Thumb Code    52  __0sscanf.o(.text)
    _scanf_int                               0x080002f5   Thumb Code   332  _scanf_int.o(.text)
    memcmp                                   0x08000441   Thumb Code    88  memcmp.o(.text)
    strlen                                   0x08000499   Thumb Code    62  strlen.o(.text)
    __aeabi_memcpy                           0x080004d7   Thumb Code     0  rt_memcpy_v6.o(.text)
    __rt_memcpy                              0x080004d7   Thumb Code   138  rt_memcpy_v6.o(.text)
    _memcpy_lastbytes                        0x0800053d   Thumb Code     0  rt_memcpy_v6.o(.text)
    __aeabi_memclr4                          0x08000561   Thumb Code     0  rt_memclr_w.o(.text)
    __aeabi_memclr8                          0x08000561   Thumb Code     0  rt_memclr_w.o(.text)
    __rt_memclr_w                            0x08000561   Thumb Code    78  rt_memclr_w.o(.text)
    _memset_w                                0x08000565   Thumb Code     0  rt_memclr_w.o(.text)
    __use_two_region_memory                  0x080005af   Thumb Code     2  heapauxi.o(.text)
    __rt_heap_escrow$2region                 0x080005b1   Thumb Code     2  heapauxi.o(.text)
    __rt_heap_expand$2region                 0x080005b3   Thumb Code     2  heapauxi.o(.text)
    _printf_pre_padding                      0x080005b5   Thumb Code    44  _printf_pad.o(.text)
    _printf_post_padding                     0x080005e1   Thumb Code    34  _printf_pad.o(.text)
    _printf_truncate_signed                  0x08000603   Thumb Code    18  _printf_truncate.o(.text)
    _printf_truncate_unsigned                0x08000615   Thumb Code    18  _printf_truncate.o(.text)
    _printf_str                              0x08000627   Thumb Code    82  _printf_str.o(.text)
    _printf_int_dec                          0x08000679   Thumb Code   104  _printf_dec.o(.text)
    _printf_charcount                        0x080006f1   Thumb Code    40  _printf_charcount.o(.text)
    _printf_char_common                      0x08000723   Thumb Code    32  _printf_char_common.o(.text)
    _sputc                                   0x08000749   Thumb Code    10  _sputc.o(.text)
    _printf_wctomb                           0x08000755   Thumb Code   182  _printf_wctomb.o(.text)
    _printf_longlong_dec                     0x08000811   Thumb Code   108  _printf_longlong_dec.o(.text)
    _printf_longlong_oct                     0x0800088d   Thumb Code    66  _printf_oct_int_ll.o(.text)
    _printf_int_oct                          0x080008cf   Thumb Code    24  _printf_oct_int_ll.o(.text)
    _printf_ll_oct                           0x080008e7   Thumb Code    12  _printf_oct_int_ll.o(.text)
    _printf_longlong_hex                     0x080008fd   Thumb Code    86  _printf_hex_int_ll_ptr.o(.text)
    _printf_int_hex                          0x08000953   Thumb Code    28  _printf_hex_int_ll_ptr.o(.text)
    _printf_ll_hex                           0x0800096f   Thumb Code    12  _printf_hex_int_ll_ptr.o(.text)
    _printf_hex_ptr                          0x0800097b   Thumb Code    18  _printf_hex_int_ll_ptr.o(.text)
    __printf                                 0x08000991   Thumb Code   388  __printf_flags_ss_wp.o(.text)
    _chval                                   0x08000b19   Thumb Code    28  _chval.o(.text)
    __vfscanf_char                           0x08000b41   Thumb Code    24  scanf_char.o(.text)
    _sgetc                                   0x08000b61   Thumb Code    30  _sgetc.o(.text)
    _sbackspace                              0x08000b7f   Thumb Code    34  _sgetc.o(.text)
    __aeabi_memcpy4                          0x08000ba1   Thumb Code     0  rt_memcpy_w.o(.text)
    __aeabi_memcpy8                          0x08000ba1   Thumb Code     0  rt_memcpy_w.o(.text)
    __rt_memcpy_w                            0x08000ba1   Thumb Code   100  rt_memcpy_w.o(.text)
    _memcpy_lastbytes_aligned                0x08000be9   Thumb Code     0  rt_memcpy_w.o(.text)
    _ll_udiv10                               0x08000c05   Thumb Code   138  lludiv10.o(.text)
    isspace                                  0x08000c8f   Thumb Code    18  isspace.o(.text)
    _printf_int_common                       0x08000ca1   Thumb Code   178  _printf_intcommon.o(.text)
    __lib_sel_fp_printf                      0x08000d53   Thumb Code     2  _printf_fp_dec.o(.text)
    _printf_fp_dec_real                      0x08000f05   Thumb Code   620  _printf_fp_dec.o(.text)
    _printf_fp_hex_real                      0x08001171   Thumb Code   756  _printf_fp_hex.o(.text)
    _printf_cs_common                        0x0800146d   Thumb Code    20  _printf_char.o(.text)
    _printf_char                             0x08001481   Thumb Code    16  _printf_char.o(.text)
    _printf_string                           0x08001491   Thumb Code     8  _printf_char.o(.text)
    _printf_lcs_common                       0x08001499   Thumb Code    20  _printf_wchar.o(.text)
    _printf_wchar                            0x080014ad   Thumb Code    16  _printf_wchar.o(.text)
    _printf_wstring                          0x080014bd   Thumb Code     8  _printf_wchar.o(.text)
    __vfscanf                                0x080014c5   Thumb Code   880  _scanf.o(.text)
    _wcrtomb                                 0x08001839   Thumb Code    64  _wcrtomb.o(.text)
    __user_setup_stackheap                   0x08001879   Thumb Code    74  sys_stackheap_outer.o(.text)
    __rt_ctype_table                         0x080018c5   Thumb Code    16  rt_ctype_table.o(.text)
    __rt_locale                              0x080018d5   Thumb Code     8  rt_locale_intlibspace.o(.text)
    _printf_fp_infnan                        0x080018dd   Thumb Code   112  _printf_fp_infnan.o(.text)
    _btod_etento                             0x0800195d   Thumb Code   224  bigflt0.o(.text)
    exit                                     0x08001a41   Thumb Code    18  exit.o(.text)
    __user_libspace                          0x08001a55   Thumb Code     8  libspace.o(.text)
    __user_perproc_libspace                  0x08001a55   Thumb Code     0  libspace.o(.text)
    __user_perthread_libspace                0x08001a55   Thumb Code     0  libspace.o(.text)
    strcmp                                   0x08001a5d   Thumb Code   128  strcmpv7m.o(.text)
    _sys_exit                                0x08001add   Thumb Code     8  sys_exit.o(.text)
    __I$use$semihosting                      0x08001ae9   Thumb Code     0  use_no_semi.o(.text)
    __use_no_semihosting_swi                 0x08001ae9   Thumb Code     2  use_no_semi.o(.text)
    __semihosting_library_function           0x08001aeb   Thumb Code     0  indicate_semi.o(.text)
    _btod_d2e                                0x08001aeb   Thumb Code    62  btod.o(CL$$btod_d2e)
    _d2e_denorm_low                          0x08001b29   Thumb Code    70  btod.o(CL$$btod_d2e_denorm_low)
    _d2e_norm_op1                            0x08001b6f   Thumb Code    96  btod.o(CL$$btod_d2e_norm_op1)
    __btod_div_common                        0x08001bcf   Thumb Code   696  btod.o(CL$$btod_div_common)
    _e2e                                     0x08001f07   Thumb Code   220  btod.o(CL$$btod_e2e)
    _btod_ediv                               0x08001fe3   Thumb Code    42  btod.o(CL$$btod_ediv)
    _btod_emul                               0x0800200d   Thumb Code    42  btod.o(CL$$btod_emul)
    __btod_mult_common                       0x08002037   Thumb Code   580  btod.o(CL$$btod_mult_common)
    BootLoaderCommandChoose                  0x0800227d   Thumb Code  1696  boot.o(i.BootLoaderCommandChoose)
    BootLoader_Clear                         0x08002a01   Thumb Code    22  boot.o(i.BootLoader_Clear)
    BootLoader_Enter_Notify                  0x08002a25   Thumb Code    46  boot.o(i.BootLoader_Enter_Notify)
    Bootloader_Branch_Judge                  0x08002a5d   Thumb Code    74  boot.o(i.Bootloader_Branch_Judge)
    BusFault_Handler                         0x08002b25   Thumb Code     4  gd32f10x_it.o(i.BusFault_Handler)
    DMA_Init                                 0x08002b29   Thumb Code   172  usart.o(i.DMA_Init)
    DebugMon_Handler                         0x08002be9   Thumb Code     4  gd32f10x_it.o(i.DebugMon_Handler)
    Delay_Ms                                 0x08002bed   Thumb Code    26  delay.o(i.Delay_Ms)
    Delay_Us                                 0x08002c07   Thumb Code    58  delay.o(i.Delay_Us)
    Deley_Init                               0x08002c41   Thumb Code    10  delay.o(i.Deley_Init)
    GD32_EraseFalash                         0x08002c4b   Thumb Code    42  fmc.o(i.GD32_EraseFalash)
    GD32_WriteFlash                          0x08002c75   Thumb Code    38  fmc.o(i.GD32_WriteFlash)
    GM_4G_Init                               0x08002c9d   Thumb Code    66  4g.o(i.GM_4G_Init)
    HardFault_Handler                        0x08002d05   Thumb Code     4  gd32f10x_it.o(i.HardFault_Handler)
    IIC_Init                                 0x08002d09   Thumb Code    52  iic.o(i.IIC_Init)
    IIC_Read_Byte                            0x08002d41   Thumb Code   160  iic.o(i.IIC_Read_Byte)
    IIC_Send_Byte                            0x08002de5   Thumb Code    88  iic.o(i.IIC_Send_Byte)
    IIC_Start                                0x08002e41   Thumb Code    48  iic.o(i.IIC_Start)
    IIC_Stop                                 0x08002e75   Thumb Code    34  iic.o(i.IIC_Stop)
    IIC_Wait_Ack                             0x08002e9d   Thumb Code    84  iic.o(i.IIC_Wait_Ack)
    LOAD_App                                 0x08002ef5   Thumb Code    52  boot.o(i.LOAD_App)
    M24C02_ReadData                          0x08002f61   Thumb Code   114  m24c02.o(i.M24C02_ReadData)
    M24C02_ReadOTAInfo                       0x08002fd5   Thumb Code    22  m24c02.o(i.M24C02_ReadOTAInfo)
    M24C02_WriteOTAInfo                      0x08002ff1   Thumb Code    44  m24c02.o(i.M24C02_WriteOTAInfo)
    M24C02_WritePage                         0x08003021   Thumb Code    86  m24c02.o(i.M24C02_WritePage)
    MemManage_Handler                        0x08003077   Thumb Code     4  gd32f10x_it.o(i.MemManage_Handler)
    NMI_Handler                              0x0800307b   Thumb Code     4  gd32f10x_it.o(i.NMI_Handler)
    PendSV_Handler                           0x080030a9   Thumb Code     4  gd32f10x_it.o(i.PendSV_Handler)
    Print_BootLoader_Control_Info            0x080030ad   Thumb Code    58  boot.o(i.Print_BootLoader_Control_Info)
    SPI0_Init                                0x080031a1   Thumb Code    94  spi.o(i.SPI0_Init)
    SPI0_Read                                0x08003209   Thumb Code    28  spi.o(i.SPI0_Read)
    SPI0_TransmitAndReceive                  0x08003225   Thumb Code    50  spi.o(i.SPI0_TransmitAndReceive)
    SPI0_Write                               0x0800325d   Thumb Code    26  spi.o(i.SPI0_Write)
    SVC_Handler                              0x08003277   Thumb Code     4  gd32f10x_it.o(i.SVC_Handler)
    SysTick_Handler                          0x0800327b   Thumb Code     2  gd32f10x_it.o(i.SysTick_Handler)
    SystemInit                               0x0800327d   Thumb Code   196  system_gd32f10x.o(i.SystemInit)
    U0_MyPrintf                              0x08003351   Thumb Code    84  usart.o(i.U0_MyPrintf)
    U0_RxPtrInit                             0x080033ad   Thumb Code    24  usart.o(i.U0_RxPtrInit)
    U2_Event                                 0x080033cd   Thumb Code    84  4g.o(i.U2_Event)
    U2_MyPrintf                              0x08003499   Thumb Code    84  usart.o(i.U2_MyPrintf)
    U2_RxPtrInit                             0x080034f5   Thumb Code    24  usart.o(i.U2_RxPtrInit)
    USART0_IRQHandler                        0x08003515   Thumb Code   182  gd32f10x_it.o(i.USART0_IRQHandler)
    USART2_IRQHandler                        0x080035e1   Thumb Code   182  gd32f10x_it.o(i.USART2_IRQHandler)
    UsageFault_Handler                       0x080036ad   Thumb Code     4  gd32f10x_it.o(i.UsageFault_Handler)
    Usart0_Init                              0x080036b1   Thumb Code   154  usart.o(i.Usart0_Init)
    Usart2_Init                              0x08003755   Thumb Code   142  usart.o(i.Usart2_Init)
    W25Q64_Enable                            0x080037ed   Thumb Code    30  w25q64.o(i.W25Q64_Enable)
    W25Q64_Erase64k                          0x08003811   Thumb Code    70  w25q64.o(i.W25Q64_Erase64k)
    W25Q64_Init                              0x0800385d   Thumb Code    36  w25q64.o(i.W25Q64_Init)
    W25Q64_PageWrite                         0x08003885   Thumb Code    80  w25q64.o(i.W25Q64_PageWrite)
    W25Q64_ReadData                          0x080038d9   Thumb Code    70  w25q64.o(i.W25Q64_ReadData)
    W25Q64_WaitBusy                          0x08003925   Thumb Code    44  w25q64.o(i.W25Q64_WaitBusy)
    Xmodem_CRC16                             0x08003955   Thumb Code    68  boot.o(i.Xmodem_CRC16)
    __ARM_fpclassify                         0x08003999   Thumb Code    40  fpclassify.o(i.__ARM_fpclassify)
    _is_digit                                0x080039c1   Thumb Code    14  __printf_wp.o(i._is_digit)
    dma_channel_disable                      0x080039cf   Thumb Code    50  gd32f10x_dma.o(i.dma_channel_disable)
    dma_channel_enable                       0x08003a01   Thumb Code    50  gd32f10x_dma.o(i.dma_channel_enable)
    dma_circulation_disable                  0x08003a33   Thumb Code    50  gd32f10x_dma.o(i.dma_circulation_disable)
    dma_deinit                               0x08003a65   Thumb Code   112  gd32f10x_dma.o(i.dma_deinit)
    dma_init                                 0x08003ad5   Thumb Code   302  gd32f10x_dma.o(i.dma_init)
    dma_memory_address_config                0x08003c03   Thumb Code    36  gd32f10x_dma.o(i.dma_memory_address_config)
    dma_transfer_number_config               0x08003c41   Thumb Code    38  gd32f10x_dma.o(i.dma_transfer_number_config)
    dma_transfer_number_get                  0x08003c67   Thumb Code    34  gd32f10x_dma.o(i.dma_transfer_number_get)
    fmc_bank0_ready_wait                     0x08003c89   Thumb Code    34  gd32f10x_fmc.o(i.fmc_bank0_ready_wait)
    fmc_bank0_state_get                      0x08003cad   Thumb Code    44  gd32f10x_fmc.o(i.fmc_bank0_state_get)
    fmc_bank1_ready_wait                     0x08003cdd   Thumb Code    34  gd32f10x_fmc.o(i.fmc_bank1_ready_wait)
    fmc_bank1_state_get                      0x08003d01   Thumb Code    44  gd32f10x_fmc.o(i.fmc_bank1_state_get)
    fmc_lock                                 0x08003d31   Thumb Code    34  gd32f10x_fmc.o(i.fmc_lock)
    fmc_page_erase                           0x08003d5d   Thumb Code   234  gd32f10x_fmc.o(i.fmc_page_erase)
    fmc_unlock                               0x08003e55   Thumb Code    52  gd32f10x_fmc.o(i.fmc_unlock)
    fmc_word_program                         0x08003e99   Thumb Code   178  gd32f10x_fmc.o(i.fmc_word_program)
    gpio_bit_reset                           0x08003f59   Thumb Code     4  gd32f10x_gpio.o(i.gpio_bit_reset)
    gpio_bit_set                             0x08003f5d   Thumb Code     4  gd32f10x_gpio.o(i.gpio_bit_set)
    gpio_deinit                              0x08003f61   Thumb Code   186  gd32f10x_gpio.o(i.gpio_deinit)
    gpio_init                                0x08004025   Thumb Code   172  gd32f10x_gpio.o(i.gpio_init)
    gpio_input_bit_get                       0x080040d1   Thumb Code    16  gd32f10x_gpio.o(i.gpio_input_bit_get)
    main                                     0x080040e1   Thumb Code   582  main.o(i.main)
    nvic_irq_enable                          0x080043e9   Thumb Code   162  gd32f10x_misc.o(i.nvic_irq_enable)
    nvic_priority_group_set                  0x08004495   Thumb Code    10  gd32f10x_misc.o(i.nvic_priority_group_set)
    nvic_vector_table_set                    0x080044a9   Thumb Code    16  gd32f10x_misc.o(i.nvic_vector_table_set)
    rcu_clock_freq_get                       0x080044c1   Thumb Code   264  gd32f10x_rcu.o(i.rcu_clock_freq_get)
    rcu_periph_clock_enable                  0x080045e5   Thumb Code    28  gd32f10x_rcu.o(i.rcu_periph_clock_enable)
    rcu_periph_reset_disable                 0x08004605   Thumb Code    28  gd32f10x_rcu.o(i.rcu_periph_reset_disable)
    rcu_periph_reset_enable                  0x08004625   Thumb Code    28  gd32f10x_rcu.o(i.rcu_periph_reset_enable)
    spi_enable                               0x08004645   Thumb Code    10  gd32f10x_spi.o(i.spi_enable)
    spi_i2s_data_receive                     0x0800464f   Thumb Code     8  gd32f10x_spi.o(i.spi_i2s_data_receive)
    spi_i2s_data_transmit                    0x08004657   Thumb Code     4  gd32f10x_spi.o(i.spi_i2s_data_transmit)
    spi_i2s_deinit                           0x0800465d   Thumb Code    82  gd32f10x_spi.o(i.spi_i2s_deinit)
    spi_i2s_flag_get                         0x080046b5   Thumb Code    16  gd32f10x_spi.o(i.spi_i2s_flag_get)
    spi_init                                 0x080046c5   Thumb Code    50  gd32f10x_spi.o(i.spi_init)
    systick_clksource_set                    0x080047c5   Thumb Code    40  gd32f10x_misc.o(i.systick_clksource_set)
    usart_baudrate_set                       0x080047ed   Thumb Code   136  gd32f10x_usart.o(i.usart_baudrate_set)
    usart_data_receive                       0x0800487d   Thumb Code    10  gd32f10x_usart.o(i.usart_data_receive)
    usart_data_transmit                      0x08004887   Thumb Code     8  gd32f10x_usart.o(i.usart_data_transmit)
    usart_deinit                             0x08004891   Thumb Code   136  gd32f10x_usart.o(i.usart_deinit)
    usart_dma_receive_config                 0x08004921   Thumb Code    20  gd32f10x_usart.o(i.usart_dma_receive_config)
    usart_enable                             0x08004935   Thumb Code    10  gd32f10x_usart.o(i.usart_enable)
    usart_flag_get                           0x0800493f   Thumb Code    30  gd32f10x_usart.o(i.usart_flag_get)
    usart_interrupt_enable                   0x0800495d   Thumb Code    26  gd32f10x_usart.o(i.usart_interrupt_enable)
    usart_interrupt_flag_get                 0x08004977   Thumb Code    56  gd32f10x_usart.o(i.usart_interrupt_flag_get)
    usart_parity_config                      0x080049af   Thumb Code    16  gd32f10x_usart.o(i.usart_parity_config)
    usart_receive_config                     0x080049bf   Thumb Code    16  gd32f10x_usart.o(i.usart_receive_config)
    usart_stop_bit_set                       0x080049cf   Thumb Code    16  gd32f10x_usart.o(i.usart_stop_bit_set)
    usart_transmit_config                    0x080049df   Thumb Code    16  gd32f10x_usart.o(i.usart_transmit_config)
    usart_word_length_set                    0x080049ef   Thumb Code    16  gd32f10x_usart.o(i.usart_word_length_set)
    _get_lc_numeric                          0x08004a01   Thumb Code    44  lc_numeric_c.o(locale$$code)
    _get_lc_ctype                            0x08004a2d   Thumb Code    44  lc_ctype_c.o(locale$$code)
    _printf_fp_dec                           0x08004a59   Thumb Code     4  printf1.o(x$fpl$printf1)
    _printf_fp_hex                           0x08004a5d   Thumb Code     4  printf2.o(x$fpl$printf2)
    __I$use$fp                               0x08004a60   Number         0  usenofp.o(x$fpl$usenofp)
    Region$$Table$$Base                      0x08004c58   Number         0  anon$$obj.o(Region$$Table)
    Region$$Table$$Limit                     0x08004c78   Number         0  anon$$obj.o(Region$$Table)
    __ctype                                  0x08004ca1   Data           0  lc_ctype_c.o(locale$$data)
    BootStatusFlag                           0x20000000   Data           4  main.o(.data)
    my_app                                   0x20000004   Data           4  boot.o(.data)
    ota_info                                 0x20000008   Data          80  main.o(.bss)
    updataA                                  0x20000058   Data        1040  main.o(.bss)
    U0_RxBuff                                0x20000468   Data        2048  usart.o(.bss)
    U0_TxBuff                                0x20000c68   Data        2048  usart.o(.bss)
    U0_ControlBlock                          0x20001468   Data          96  usart.o(.bss)
    U2_RxBuff                                0x200014c8   Data        2048  usart.o(.bss)
    U2_TxBuff                                0x20001cc8   Data        2048  usart.o(.bss)
    U2_ControlBlock                          0x200024c8   Data          96  usart.o(.bss)
    __libspace_start                         0x20002528   Data          96  libspace.o(.bss)
    __temporary_stack_top$libspace           0x20002588   Data           0  libspace.o(.bss)



==============================================================================

Memory Map of the image

  Image Entry point : 0x08000105

  Load Region LR_IROM1 (Base: 0x08000000, Size: 0x00004dac, Max: 0x00010000, ABSOLUTE)

    Execution Region ER_IROM1 (Exec base: 0x08000000, Load base: 0x08000000, Size: 0x00004da4, Max: 0x00010000, ABSOLUTE)

    Exec Addr    Load Addr    Size         Type   Attr      Idx    E Section Name        Object

    0x08000000   0x08000000   0x00000104   Data   RO          209    RESET               startup_gd32f10x_md.o
    0x08000104   0x08000104   0x00000008   Code   RO         2697  * !!!main             c_w.l(__main.o)
    0x0800010c   0x0800010c   0x00000034   Code   RO         3032    !!!scatter          c_w.l(__scatter.o)
    0x08000140   0x08000140   0x0000001a   Code   RO         3034    !!handler_copy      c_w.l(__scatter_copy.o)
    0x0800015a   0x0800015a   0x00000002   PAD
    0x0800015c   0x0800015c   0x0000001c   Code   RO         3036    !!handler_zi        c_w.l(__scatter_zi.o)
    0x08000178   0x08000178   0x00000000   Code   RO         2781    .ARM.Collect$$_printf_percent$$00000000  c_w.l(_printf_percent.o)
    0x08000178   0x08000178   0x00000006   Code   RO         2770    .ARM.Collect$$_printf_percent$$00000001  c_w.l(_printf_n.o)
    0x0800017e   0x0800017e   0x00000006   Code   RO         2772    .ARM.Collect$$_printf_percent$$00000002  c_w.l(_printf_p.o)
    0x08000184   0x08000184   0x00000006   Code   RO         2777    .ARM.Collect$$_printf_percent$$00000003  c_w.l(_printf_f.o)
    0x0800018a   0x0800018a   0x00000006   Code   RO         2778    .ARM.Collect$$_printf_percent$$00000004  c_w.l(_printf_e.o)
    0x08000190   0x08000190   0x00000006   Code   RO         2779    .ARM.Collect$$_printf_percent$$00000005  c_w.l(_printf_g.o)
    0x08000196   0x08000196   0x00000006   Code   RO         2780    .ARM.Collect$$_printf_percent$$00000006  c_w.l(_printf_a.o)
    0x0800019c   0x0800019c   0x0000000a   Code   RO         2785    .ARM.Collect$$_printf_percent$$00000007  c_w.l(_printf_ll.o)
    0x080001a6   0x080001a6   0x00000006   Code   RO         2774    .ARM.Collect$$_printf_percent$$00000008  c_w.l(_printf_i.o)
    0x080001ac   0x080001ac   0x00000006   Code   RO         2775    .ARM.Collect$$_printf_percent$$00000009  c_w.l(_printf_d.o)
    0x080001b2   0x080001b2   0x00000006   Code   RO         2776    .ARM.Collect$$_printf_percent$$0000000A  c_w.l(_printf_u.o)
    0x080001b8   0x080001b8   0x00000006   Code   RO         2773    .ARM.Collect$$_printf_percent$$0000000B  c_w.l(_printf_o.o)
    0x080001be   0x080001be   0x00000006   Code   RO         2771    .ARM.Collect$$_printf_percent$$0000000C  c_w.l(_printf_x.o)
    0x080001c4   0x080001c4   0x00000006   Code   RO         2782    .ARM.Collect$$_printf_percent$$0000000D  c_w.l(_printf_lli.o)
    0x080001ca   0x080001ca   0x00000006   Code   RO         2783    .ARM.Collect$$_printf_percent$$0000000E  c_w.l(_printf_lld.o)
    0x080001d0   0x080001d0   0x00000006   Code   RO         2784    .ARM.Collect$$_printf_percent$$0000000F  c_w.l(_printf_llu.o)
    0x080001d6   0x080001d6   0x00000006   Code   RO         2789    .ARM.Collect$$_printf_percent$$00000010  c_w.l(_printf_llo.o)
    0x080001dc   0x080001dc   0x00000006   Code   RO         2790    .ARM.Collect$$_printf_percent$$00000011  c_w.l(_printf_llx.o)
    0x080001e2   0x080001e2   0x0000000a   Code   RO         2786    .ARM.Collect$$_printf_percent$$00000012  c_w.l(_printf_l.o)
    0x080001ec   0x080001ec   0x00000006   Code   RO         2768    .ARM.Collect$$_printf_percent$$00000013  c_w.l(_printf_c.o)
    0x080001f2   0x080001f2   0x00000006   Code   RO         2769    .ARM.Collect$$_printf_percent$$00000014  c_w.l(_printf_s.o)
    0x080001f8   0x080001f8   0x00000006   Code   RO         2787    .ARM.Collect$$_printf_percent$$00000015  c_w.l(_printf_lc.o)
    0x080001fe   0x080001fe   0x00000006   Code   RO         2788    .ARM.Collect$$_printf_percent$$00000016  c_w.l(_printf_ls.o)
    0x08000204   0x08000204   0x00000004   Code   RO         2839    .ARM.Collect$$_printf_percent$$00000017  c_w.l(_printf_percent_end.o)
    0x08000208   0x08000208   0x00000002   Code   RO         2890    .ARM.Collect$$libinit$$00000000  c_w.l(libinit.o)
    0x0800020a   0x0800020a   0x00000000   Code   RO         2907    .ARM.Collect$$libinit$$00000002  c_w.l(libinit2.o)
    0x0800020a   0x0800020a   0x00000000   Code   RO         2909    .ARM.Collect$$libinit$$00000004  c_w.l(libinit2.o)
    0x0800020a   0x0800020a   0x00000000   Code   RO         2912    .ARM.Collect$$libinit$$0000000A  c_w.l(libinit2.o)
    0x0800020a   0x0800020a   0x00000000   Code   RO         2914    .ARM.Collect$$libinit$$0000000C  c_w.l(libinit2.o)
    0x0800020a   0x0800020a   0x00000000   Code   RO         2916    .ARM.Collect$$libinit$$0000000E  c_w.l(libinit2.o)
    0x0800020a   0x0800020a   0x00000006   Code   RO         2917    .ARM.Collect$$libinit$$0000000F  c_w.l(libinit2.o)
    0x08000210   0x08000210   0x00000000   Code   RO         2919    .ARM.Collect$$libinit$$00000011  c_w.l(libinit2.o)
    0x08000210   0x08000210   0x0000000c   Code   RO         2920    .ARM.Collect$$libinit$$00000012  c_w.l(libinit2.o)
    0x0800021c   0x0800021c   0x00000000   Code   RO         2921    .ARM.Collect$$libinit$$00000013  c_w.l(libinit2.o)
    0x0800021c   0x0800021c   0x00000000   Code   RO         2923    .ARM.Collect$$libinit$$00000015  c_w.l(libinit2.o)
    0x0800021c   0x0800021c   0x0000000a   Code   RO         2924    .ARM.Collect$$libinit$$00000016  c_w.l(libinit2.o)
    0x08000226   0x08000226   0x00000000   Code   RO         2925    .ARM.Collect$$libinit$$00000017  c_w.l(libinit2.o)
    0x08000226   0x08000226   0x00000000   Code   RO         2927    .ARM.Collect$$libinit$$00000019  c_w.l(libinit2.o)
    0x08000226   0x08000226   0x00000000   Code   RO         2929    .ARM.Collect$$libinit$$0000001B  c_w.l(libinit2.o)
    0x08000226   0x08000226   0x00000000   Code   RO         2931    .ARM.Collect$$libinit$$0000001D  c_w.l(libinit2.o)
    0x08000226   0x08000226   0x00000000   Code   RO         2933    .ARM.Collect$$libinit$$0000001F  c_w.l(libinit2.o)
    0x08000226   0x08000226   0x00000000   Code   RO         2935    .ARM.Collect$$libinit$$00000021  c_w.l(libinit2.o)
    0x08000226   0x08000226   0x00000000   Code   RO         2937    .ARM.Collect$$libinit$$00000023  c_w.l(libinit2.o)
    0x08000226   0x08000226   0x00000000   Code   RO         2939    .ARM.Collect$$libinit$$00000025  c_w.l(libinit2.o)
    0x08000226   0x08000226   0x00000000   Code   RO         2943    .ARM.Collect$$libinit$$0000002C  c_w.l(libinit2.o)
    0x08000226   0x08000226   0x00000000   Code   RO         2945    .ARM.Collect$$libinit$$0000002E  c_w.l(libinit2.o)
    0x08000226   0x08000226   0x00000000   Code   RO         2947    .ARM.Collect$$libinit$$00000030  c_w.l(libinit2.o)
    0x08000226   0x08000226   0x00000000   Code   RO         2949    .ARM.Collect$$libinit$$00000032  c_w.l(libinit2.o)
    0x08000226   0x08000226   0x00000002   Code   RO         2950    .ARM.Collect$$libinit$$00000033  c_w.l(libinit2.o)
    0x08000228   0x08000228   0x00000002   Code   RO         2970    .ARM.Collect$$libshutdown$$00000000  c_w.l(libshutdown.o)
    0x0800022a   0x0800022a   0x00000000   Code   RO         2983    .ARM.Collect$$libshutdown$$00000002  c_w.l(libshutdown2.o)
    0x0800022a   0x0800022a   0x00000000   Code   RO         2985    .ARM.Collect$$libshutdown$$00000004  c_w.l(libshutdown2.o)
    0x0800022a   0x0800022a   0x00000000   Code   RO         2987    .ARM.Collect$$libshutdown$$00000006  c_w.l(libshutdown2.o)
    0x0800022a   0x0800022a   0x00000000   Code   RO         2990    .ARM.Collect$$libshutdown$$00000009  c_w.l(libshutdown2.o)
    0x0800022a   0x0800022a   0x00000000   Code   RO         2993    .ARM.Collect$$libshutdown$$0000000C  c_w.l(libshutdown2.o)
    0x0800022a   0x0800022a   0x00000000   Code   RO         2995    .ARM.Collect$$libshutdown$$0000000E  c_w.l(libshutdown2.o)
    0x0800022a   0x0800022a   0x00000000   Code   RO         2998    .ARM.Collect$$libshutdown$$00000011  c_w.l(libshutdown2.o)
    0x0800022a   0x0800022a   0x00000002   Code   RO         2999    .ARM.Collect$$libshutdown$$00000012  c_w.l(libshutdown2.o)
    0x0800022c   0x0800022c   0x00000000   Code   RO         2699    .ARM.Collect$$rtentry$$00000000  c_w.l(__rtentry.o)
    0x0800022c   0x0800022c   0x00000000   Code   RO         2808    .ARM.Collect$$rtentry$$00000002  c_w.l(__rtentry2.o)
    0x0800022c   0x0800022c   0x00000006   Code   RO         2820    .ARM.Collect$$rtentry$$00000004  c_w.l(__rtentry4.o)
    0x08000232   0x08000232   0x00000000   Code   RO         2810    .ARM.Collect$$rtentry$$00000009  c_w.l(__rtentry2.o)
    0x08000232   0x08000232   0x00000004   Code   RO         2811    .ARM.Collect$$rtentry$$0000000A  c_w.l(__rtentry2.o)
    0x08000236   0x08000236   0x00000000   Code   RO         2813    .ARM.Collect$$rtentry$$0000000C  c_w.l(__rtentry2.o)
    0x08000236   0x08000236   0x00000008   Code   RO         2814    .ARM.Collect$$rtentry$$0000000D  c_w.l(__rtentry2.o)
    0x0800023e   0x0800023e   0x00000002   Code   RO         2899    .ARM.Collect$$rtexit$$00000000  c_w.l(rtexit.o)
    0x08000240   0x08000240   0x00000000   Code   RO         2952    .ARM.Collect$$rtexit$$00000002  c_w.l(rtexit2.o)
    0x08000240   0x08000240   0x00000004   Code   RO         2953    .ARM.Collect$$rtexit$$00000003  c_w.l(rtexit2.o)
    0x08000244   0x08000244   0x00000006   Code   RO         2954    .ARM.Collect$$rtexit$$00000004  c_w.l(rtexit2.o)
    0x0800024a   0x0800024a   0x00000002   PAD
    0x0800024c   0x0800024c   0x00000006   Code   RO          605    .emb_text           boot.o
    0x08000252   0x08000252   0x00000002   PAD
    0x08000254   0x08000254   0x00000040   Code   RO          210    .text               startup_gd32f10x_md.o
    0x08000294   0x08000294   0x00000024   Code   RO         2681    .text               c_w.l(vsprintf.o)
    0x080002b8   0x080002b8   0x0000003c   Code   RO         2683    .text               c_w.l(__0sscanf.o)
    0x080002f4   0x080002f4   0x0000014c   Code   RO         2685    .text               c_w.l(_scanf_int.o)
    0x08000440   0x08000440   0x00000058   Code   RO         2687    .text               c_w.l(memcmp.o)
    0x08000498   0x08000498   0x0000003e   Code   RO         2689    .text               c_w.l(strlen.o)
    0x080004d6   0x080004d6   0x0000008a   Code   RO         2691    .text               c_w.l(rt_memcpy_v6.o)
    0x08000560   0x08000560   0x0000004e   Code   RO         2693    .text               c_w.l(rt_memclr_w.o)
    0x080005ae   0x080005ae   0x00000006   Code   RO         2695    .text               c_w.l(heapauxi.o)
    0x080005b4   0x080005b4   0x0000004e   Code   RO         2702    .text               c_w.l(_printf_pad.o)
    0x08000602   0x08000602   0x00000024   Code   RO         2704    .text               c_w.l(_printf_truncate.o)
    0x08000626   0x08000626   0x00000052   Code   RO         2706    .text               c_w.l(_printf_str.o)
    0x08000678   0x08000678   0x00000078   Code   RO         2708    .text               c_w.l(_printf_dec.o)
    0x080006f0   0x080006f0   0x00000028   Code   RO         2710    .text               c_w.l(_printf_charcount.o)
    0x08000718   0x08000718   0x00000030   Code   RO         2712    .text               c_w.l(_printf_char_common.o)
    0x08000748   0x08000748   0x0000000a   Code   RO         2714    .text               c_w.l(_sputc.o)
    0x08000752   0x08000752   0x00000002   PAD
    0x08000754   0x08000754   0x000000bc   Code   RO         2716    .text               c_w.l(_printf_wctomb.o)
    0x08000810   0x08000810   0x0000007c   Code   RO         2719    .text               c_w.l(_printf_longlong_dec.o)
    0x0800088c   0x0800088c   0x00000070   Code   RO         2725    .text               c_w.l(_printf_oct_int_ll.o)
    0x080008fc   0x080008fc   0x00000094   Code   RO         2745    .text               c_w.l(_printf_hex_int_ll_ptr.o)
    0x08000990   0x08000990   0x00000188   Code   RO         2765    .text               c_w.l(__printf_flags_ss_wp.o)
    0x08000b18   0x08000b18   0x0000001c   Code   RO         2791    .text               c_w.l(_chval.o)
    0x08000b34   0x08000b34   0x0000002c   Code   RO         2793    .text               c_w.l(scanf_char.o)
    0x08000b60   0x08000b60   0x00000040   Code   RO         2795    .text               c_w.l(_sgetc.o)
    0x08000ba0   0x08000ba0   0x00000064   Code   RO         2797    .text               c_w.l(rt_memcpy_w.o)
    0x08000c04   0x08000c04   0x0000008a   Code   RO         2822    .text               c_w.l(lludiv10.o)
    0x08000c8e   0x08000c8e   0x00000012   Code   RO         2824    .text               c_w.l(isspace.o)
    0x08000ca0   0x08000ca0   0x000000b2   Code   RO         2826    .text               c_w.l(_printf_intcommon.o)
    0x08000d52   0x08000d52   0x0000041e   Code   RO         2828    .text               c_w.l(_printf_fp_dec.o)
    0x08001170   0x08001170   0x000002fc   Code   RO         2830    .text               c_w.l(_printf_fp_hex.o)
    0x0800146c   0x0800146c   0x0000002c   Code   RO         2835    .text               c_w.l(_printf_char.o)
    0x08001498   0x08001498   0x0000002c   Code   RO         2837    .text               c_w.l(_printf_wchar.o)
    0x080014c4   0x080014c4   0x00000374   Code   RO         2840    .text               c_w.l(_scanf.o)
    0x08001838   0x08001838   0x00000040   Code   RO         2842    .text               c_w.l(_wcrtomb.o)
    0x08001878   0x08001878   0x0000004a   Code   RO         2844    .text               c_w.l(sys_stackheap_outer.o)
    0x080018c2   0x080018c2   0x00000002   PAD
    0x080018c4   0x080018c4   0x00000010   Code   RO         2846    .text               c_w.l(rt_ctype_table.o)
    0x080018d4   0x080018d4   0x00000008   Code   RO         2851    .text               c_w.l(rt_locale_intlibspace.o)
    0x080018dc   0x080018dc   0x00000080   Code   RO         2853    .text               c_w.l(_printf_fp_infnan.o)
    0x0800195c   0x0800195c   0x000000e4   Code   RO         2855    .text               c_w.l(bigflt0.o)
    0x08001a40   0x08001a40   0x00000012   Code   RO         2883    .text               c_w.l(exit.o)
    0x08001a52   0x08001a52   0x00000002   PAD
    0x08001a54   0x08001a54   0x00000008   Code   RO         2896    .text               c_w.l(libspace.o)
    0x08001a5c   0x08001a5c   0x00000080   Code   RO         2904    .text               c_w.l(strcmpv7m.o)
    0x08001adc   0x08001adc   0x0000000c   Code   RO         2962    .text               c_w.l(sys_exit.o)
    0x08001ae8   0x08001ae8   0x00000002   Code   RO         2973    .text               c_w.l(use_no_semi.o)
    0x08001aea   0x08001aea   0x00000000   Code   RO         2975    .text               c_w.l(indicate_semi.o)
    0x08001aea   0x08001aea   0x0000003e   Code   RO         2858    CL$$btod_d2e        c_w.l(btod.o)
    0x08001b28   0x08001b28   0x00000046   Code   RO         2860    CL$$btod_d2e_denorm_low  c_w.l(btod.o)
    0x08001b6e   0x08001b6e   0x00000060   Code   RO         2859    CL$$btod_d2e_norm_op1  c_w.l(btod.o)
    0x08001bce   0x08001bce   0x00000338   Code   RO         2868    CL$$btod_div_common  c_w.l(btod.o)
    0x08001f06   0x08001f06   0x000000dc   Code   RO         2865    CL$$btod_e2e        c_w.l(btod.o)
    0x08001fe2   0x08001fe2   0x0000002a   Code   RO         2862    CL$$btod_ediv       c_w.l(btod.o)
    0x0800200c   0x0800200c   0x0000002a   Code   RO         2861    CL$$btod_emul       c_w.l(btod.o)
    0x08002036   0x08002036   0x00000244   Code   RO         2867    CL$$btod_mult_common  c_w.l(btod.o)
    0x0800227a   0x0800227a   0x00000002   PAD
    0x0800227c   0x0800227c   0x00000784   Code   RO          606    i.BootLoaderCommandChoose  boot.o
    0x08002a00   0x08002a00   0x00000024   Code   RO          607    i.BootLoader_Clear  boot.o
    0x08002a24   0x08002a24   0x00000038   Code   RO          608    i.BootLoader_Enter_Notify  boot.o
    0x08002a5c   0x08002a5c   0x000000c8   Code   RO          609    i.Bootloader_Branch_Judge  boot.o
    0x08002b24   0x08002b24   0x00000004   Code   RO          216    i.BusFault_Handler  gd32f10x_it.o
    0x08002b28   0x08002b28   0x000000c0   Code   RO          299    i.DMA_Init          usart.o
    0x08002be8   0x08002be8   0x00000004   Code   RO          217    i.DebugMon_Handler  gd32f10x_it.o
    0x08002bec   0x08002bec   0x0000001a   Code   RO          365    i.Delay_Ms          delay.o
    0x08002c06   0x08002c06   0x0000003a   Code   RO          366    i.Delay_Us          delay.o
    0x08002c40   0x08002c40   0x0000000a   Code   RO          367    i.Deley_Init        delay.o
    0x08002c4a   0x08002c4a   0x0000002a   Code   RO          579    i.GD32_EraseFalash  fmc.o
    0x08002c74   0x08002c74   0x00000026   Code   RO          580    i.GD32_WriteFlash   fmc.o
    0x08002c9a   0x08002c9a   0x00000002   PAD
    0x08002c9c   0x08002c9c   0x00000068   Code   RO          674    i.GM_4G_Init        4g.o
    0x08002d04   0x08002d04   0x00000004   Code   RO          218    i.HardFault_Handler  gd32f10x_it.o
    0x08002d08   0x08002d08   0x00000038   Code   RO          397    i.IIC_Init          iic.o
    0x08002d40   0x08002d40   0x000000a4   Code   RO          398    i.IIC_Read_Byte     iic.o
    0x08002de4   0x08002de4   0x0000005c   Code   RO          399    i.IIC_Send_Byte     iic.o
    0x08002e40   0x08002e40   0x00000034   Code   RO          400    i.IIC_Start         iic.o
    0x08002e74   0x08002e74   0x00000028   Code   RO          401    i.IIC_Stop          iic.o
    0x08002e9c   0x08002e9c   0x00000058   Code   RO          402    i.IIC_Wait_Ack      iic.o
    0x08002ef4   0x08002ef4   0x0000006c   Code   RO          610    i.LOAD_App          boot.o
    0x08002f60   0x08002f60   0x00000072   Code   RO          447    i.M24C02_ReadData   m24c02.o
    0x08002fd2   0x08002fd2   0x00000002   PAD
    0x08002fd4   0x08002fd4   0x0000001c   Code   RO          448    i.M24C02_ReadOTAInfo  m24c02.o
    0x08002ff0   0x08002ff0   0x00000030   Code   RO          450    i.M24C02_WriteOTAInfo  m24c02.o
    0x08003020   0x08003020   0x00000056   Code   RO          451    i.M24C02_WritePage  m24c02.o
    0x08003076   0x08003076   0x00000004   Code   RO          219    i.MemManage_Handler  gd32f10x_it.o
    0x0800307a   0x0800307a   0x00000004   Code   RO          220    i.NMI_Handler       gd32f10x_it.o
    0x0800307e   0x0800307e   0x00000002   PAD
    0x08003080   0x08003080   0x00000028   Code   RO          611    i.NVIC_SystemReset  boot.o
    0x080030a8   0x080030a8   0x00000004   Code   RO          221    i.PendSV_Handler    gd32f10x_it.o
    0x080030ac   0x080030ac   0x000000f4   Code   RO          612    i.Print_BootLoader_Control_Info  boot.o
    0x080031a0   0x080031a0   0x00000068   Code   RO          491    i.SPI0_Init         spi.o
    0x08003208   0x08003208   0x0000001c   Code   RO          492    i.SPI0_Read         spi.o
    0x08003224   0x08003224   0x00000038   Code   RO          493    i.SPI0_TransmitAndReceive  spi.o
    0x0800325c   0x0800325c   0x0000001a   Code   RO          494    i.SPI0_Write        spi.o
    0x08003276   0x08003276   0x00000004   Code   RO          222    i.SVC_Handler       gd32f10x_it.o
    0x0800327a   0x0800327a   0x00000002   Code   RO          223    i.SysTick_Handler   gd32f10x_it.o
    0x0800327c   0x0800327c   0x000000d4   Code   RO          169    i.SystemInit        system_gd32f10x.o
    0x08003350   0x08003350   0x0000005c   Code   RO          300    i.U0_MyPrintf       usart.o
    0x080033ac   0x080033ac   0x00000020   Code   RO          301    i.U0_RxPtrInit      usart.o
    0x080033cc   0x080033cc   0x000000cc   Code   RO          675    i.U2_Event          4g.o
    0x08003498   0x08003498   0x0000005c   Code   RO          302    i.U2_MyPrintf       usart.o
    0x080034f4   0x080034f4   0x00000020   Code   RO          303    i.U2_RxPtrInit      usart.o
    0x08003514   0x08003514   0x000000cc   Code   RO          224    i.USART0_IRQHandler  gd32f10x_it.o
    0x080035e0   0x080035e0   0x000000cc   Code   RO          225    i.USART2_IRQHandler  gd32f10x_it.o
    0x080036ac   0x080036ac   0x00000004   Code   RO          226    i.UsageFault_Handler  gd32f10x_it.o
    0x080036b0   0x080036b0   0x000000a4   Code   RO          304    i.Usart0_Init       usart.o
    0x08003754   0x08003754   0x00000098   Code   RO          305    i.Usart2_Init       usart.o
    0x080037ec   0x080037ec   0x00000024   Code   RO          529    i.W25Q64_Enable     w25q64.o
    0x08003810   0x08003810   0x0000004c   Code   RO          530    i.W25Q64_Erase64k   w25q64.o
    0x0800385c   0x0800385c   0x00000028   Code   RO          531    i.W25Q64_Init       w25q64.o
    0x08003884   0x08003884   0x00000054   Code   RO          532    i.W25Q64_PageWrite  w25q64.o
    0x080038d8   0x080038d8   0x0000004c   Code   RO          533    i.W25Q64_ReadData   w25q64.o
    0x08003924   0x08003924   0x00000030   Code   RO          534    i.W25Q64_WaitBusy   w25q64.o
    0x08003954   0x08003954   0x00000044   Code   RO          613    i.Xmodem_CRC16      boot.o
    0x08003998   0x08003998   0x00000028   Code   RO         2894    i.__ARM_fpclassify  m_ws.l(fpclassify.o)
    0x080039c0   0x080039c0   0x0000000e   Code   RO         2758    i._is_digit         c_w.l(__printf_wp.o)
    0x080039ce   0x080039ce   0x00000032   Code   RO         2282    i.dma_channel_disable  gd32f10x_dma.o
    0x08003a00   0x08003a00   0x00000032   Code   RO         2283    i.dma_channel_enable  gd32f10x_dma.o
    0x08003a32   0x08003a32   0x00000032   Code   RO         2284    i.dma_circulation_disable  gd32f10x_dma.o
    0x08003a64   0x08003a64   0x00000070   Code   RO         2286    i.dma_deinit        gd32f10x_dma.o
    0x08003ad4   0x08003ad4   0x0000012e   Code   RO         2289    i.dma_init          gd32f10x_dma.o
    0x08003c02   0x08003c02   0x00000024   Code   RO         2294    i.dma_memory_address_config  gd32f10x_dma.o
    0x08003c26   0x08003c26   0x00000002   PAD
    0x08003c28   0x08003c28   0x00000018   Code   RO         2301    i.dma_periph_and_channel_check  gd32f10x_dma.o
    0x08003c40   0x08003c40   0x00000026   Code   RO         2308    i.dma_transfer_number_config  gd32f10x_dma.o
    0x08003c66   0x08003c66   0x00000022   Code   RO         2309    i.dma_transfer_number_get  gd32f10x_dma.o
    0x08003c88   0x08003c88   0x00000022   Code   RO         2465    i.fmc_bank0_ready_wait  gd32f10x_fmc.o
    0x08003caa   0x08003caa   0x00000002   PAD
    0x08003cac   0x08003cac   0x00000030   Code   RO         2466    i.fmc_bank0_state_get  gd32f10x_fmc.o
    0x08003cdc   0x08003cdc   0x00000022   Code   RO         2470    i.fmc_bank1_ready_wait  gd32f10x_fmc.o
    0x08003cfe   0x08003cfe   0x00000002   PAD
    0x08003d00   0x08003d00   0x00000030   Code   RO         2471    i.fmc_bank1_state_get  gd32f10x_fmc.o
    0x08003d30   0x08003d30   0x0000002c   Code   RO         2480    i.fmc_lock          gd32f10x_fmc.o
    0x08003d5c   0x08003d5c   0x000000f8   Code   RO         2482    i.fmc_page_erase    gd32f10x_fmc.o
    0x08003e54   0x08003e54   0x00000044   Code   RO         2483    i.fmc_unlock        gd32f10x_fmc.o
    0x08003e98   0x08003e98   0x000000c0   Code   RO         2484    i.fmc_word_program  gd32f10x_fmc.o
    0x08003f58   0x08003f58   0x00000004   Code   RO          787    i.gpio_bit_reset    gd32f10x_gpio.o
    0x08003f5c   0x08003f5c   0x00000004   Code   RO          788    i.gpio_bit_set      gd32f10x_gpio.o
    0x08003f60   0x08003f60   0x000000c4   Code   RO          790    i.gpio_deinit       gd32f10x_gpio.o
    0x08004024   0x08004024   0x000000ac   Code   RO          795    i.gpio_init         gd32f10x_gpio.o
    0x080040d0   0x080040d0   0x00000010   Code   RO          796    i.gpio_input_bit_get  gd32f10x_gpio.o
    0x080040e0   0x080040e0   0x00000308   Code   RO            3    i.main              main.o
    0x080043e8   0x080043e8   0x000000ac   Code   RO         1103    i.nvic_irq_enable   gd32f10x_misc.o
    0x08004494   0x08004494   0x00000014   Code   RO         1104    i.nvic_priority_group_set  gd32f10x_misc.o
    0x080044a8   0x080044a8   0x00000018   Code   RO         1105    i.nvic_vector_table_set  gd32f10x_misc.o
    0x080044c0   0x080044c0   0x00000124   Code   RO         1166    i.rcu_clock_freq_get  gd32f10x_rcu.o
    0x080045e4   0x080045e4   0x00000020   Code   RO         1183    i.rcu_periph_clock_enable  gd32f10x_rcu.o
    0x08004604   0x08004604   0x00000020   Code   RO         1186    i.rcu_periph_reset_disable  gd32f10x_rcu.o
    0x08004624   0x08004624   0x00000020   Code   RO         1187    i.rcu_periph_reset_enable  gd32f10x_rcu.o
    0x08004644   0x08004644   0x0000000a   Code   RO         1403    i.spi_enable        gd32f10x_spi.o
    0x0800464e   0x0800464e   0x00000008   Code   RO         1405    i.spi_i2s_data_receive  gd32f10x_spi.o
    0x08004656   0x08004656   0x00000004   Code   RO         1406    i.spi_i2s_data_transmit  gd32f10x_spi.o
    0x0800465a   0x0800465a   0x00000002   PAD
    0x0800465c   0x0800465c   0x00000058   Code   RO         1407    i.spi_i2s_deinit    gd32f10x_spi.o
    0x080046b4   0x080046b4   0x00000010   Code   RO         1408    i.spi_i2s_flag_get  gd32f10x_spi.o
    0x080046c4   0x080046c4   0x00000032   Code   RO         1412    i.spi_init          gd32f10x_spi.o
    0x080046f6   0x080046f6   0x00000002   PAD
    0x080046f8   0x080046f8   0x000000c4   Code   RO          170    i.system_clock_108m_hxtal  system_gd32f10x.o
    0x080047bc   0x080047bc   0x00000008   Code   RO          171    i.system_clock_config  system_gd32f10x.o
    0x080047c4   0x080047c4   0x00000028   Code   RO         1108    i.systick_clksource_set  gd32f10x_misc.o
    0x080047ec   0x080047ec   0x00000090   Code   RO         2011    i.usart_baudrate_set  gd32f10x_usart.o
    0x0800487c   0x0800487c   0x0000000a   Code   RO         2012    i.usart_data_receive  gd32f10x_usart.o
    0x08004886   0x08004886   0x00000008   Code   RO         2013    i.usart_data_transmit  gd32f10x_usart.o
    0x0800488e   0x0800488e   0x00000002   PAD
    0x08004890   0x08004890   0x00000090   Code   RO         2014    i.usart_deinit      gd32f10x_usart.o
    0x08004920   0x08004920   0x00000014   Code   RO         2016    i.usart_dma_receive_config  gd32f10x_usart.o
    0x08004934   0x08004934   0x0000000a   Code   RO         2018    i.usart_enable      gd32f10x_usart.o
    0x0800493e   0x0800493e   0x0000001e   Code   RO         2020    i.usart_flag_get    gd32f10x_usart.o
    0x0800495c   0x0800495c   0x0000001a   Code   RO         2027    i.usart_interrupt_enable  gd32f10x_usart.o
    0x08004976   0x08004976   0x00000038   Code   RO         2029    i.usart_interrupt_flag_get  gd32f10x_usart.o
    0x080049ae   0x080049ae   0x00000010   Code   RO         2039    i.usart_parity_config  gd32f10x_usart.o
    0x080049be   0x080049be   0x00000010   Code   RO         2041    i.usart_receive_config  gd32f10x_usart.o
    0x080049ce   0x080049ce   0x00000010   Code   RO         2047    i.usart_stop_bit_set  gd32f10x_usart.o
    0x080049de   0x080049de   0x00000010   Code   RO         2051    i.usart_transmit_config  gd32f10x_usart.o
    0x080049ee   0x080049ee   0x00000010   Code   RO         2052    i.usart_word_length_set  gd32f10x_usart.o
    0x080049fe   0x080049fe   0x00000002   PAD
    0x08004a00   0x08004a00   0x0000002c   Code   RO         2881    locale$$code        c_w.l(lc_numeric_c.o)
    0x08004a2c   0x08004a2c   0x0000002c   Code   RO         2902    locale$$code        c_w.l(lc_ctype_c.o)
    0x08004a58   0x08004a58   0x00000004   Code   RO         2799    x$fpl$printf1       fz_ws.l(printf1.o)
    0x08004a5c   0x08004a5c   0x00000004   Code   RO         2801    x$fpl$printf2       fz_ws.l(printf2.o)
    0x08004a60   0x08004a60   0x00000000   Code   RO         2893    x$fpl$usenofp       fz_ws.l(usenofp.o)
    0x08004a60   0x08004a60   0x00000008   Data   RO         2717    .constdata          c_w.l(_printf_wctomb.o)
    0x08004a68   0x08004a68   0x00000028   Data   RO         2746    .constdata          c_w.l(_printf_hex_int_ll_ptr.o)
    0x08004a90   0x08004a90   0x00000011   Data   RO         2766    .constdata          c_w.l(__printf_flags_ss_wp.o)
    0x08004aa1   0x08004aa1   0x00000026   Data   RO         2831    .constdata          c_w.l(_printf_fp_hex.o)
    0x08004ac7   0x08004ac7   0x00000001   PAD
    0x08004ac8   0x08004ac8   0x00000094   Data   RO         2856    .constdata          c_w.l(bigflt0.o)
    0x08004b5c   0x08004b5c   0x000000fa   Data   RO          614    .conststring        boot.o
    0x08004c56   0x08004c56   0x00000002   PAD
    0x08004c58   0x08004c58   0x00000020   Data   RO         3030    Region$$Table       anon$$obj.o
    0x08004c78   0x08004c78   0x0000001c   Data   RO         2880    locale$$data        c_w.l(lc_numeric_c.o)
    0x08004c94   0x08004c94   0x00000110   Data   RO         2901    locale$$data        c_w.l(lc_ctype_c.o)


    Execution Region RW_IRAM1 (Exec base: 0x20000000, Load base: 0x08004da4, Size: 0x00002b88, Max: 0x00005000, ABSOLUTE)

    Exec Addr    Load Addr    Size         Type   Attr      Idx    E Section Name        Object

    0x20000000   0x08004da4   0x00000004   Data   RW            5    .data               main.o
    0x20000004   0x08004da8   0x00000004   Data   RW          615    .data               boot.o
    0x20000008        -       0x00000460   Zero   RW            4    .bss                main.o
    0x20000468        -       0x000020c0   Zero   RW          306    .bss                usart.o
    0x20002528        -       0x00000060   Zero   RW         2897    .bss                c_w.l(libspace.o)
    0x20002588        -       0x00000200   Zero   RW          208    HEAP                startup_gd32f10x_md.o
    0x20002788        -       0x00000400   Zero   RW          207    STACK               startup_gd32f10x_md.o


==============================================================================

Image component sizes


      Code (inc. data)   RO Data    RW Data    ZI Data      Debug   Object Name

       308        158          0          0          0       1436   4g.o
      2682       1170        250          4          0       5912   boot.o
        94          0          0          0          0       1327   delay.o
        80          0          0          0          0       1661   fmc.o
       696          6          0          0          0       5880   gd32f10x_dma.o
       716         62          0          0          0       4446   gd32f10x_fmc.o
       392         10          0          0          0       2939   gd32f10x_gpio.o
       442         44          0          0          0       4750   gd32f10x_it.o
       256         28          0          0          0       2276   gd32f10x_misc.o
       388         40          0          0          0       2556   gd32f10x_rcu.o
       176          6          0          0          0       3919   gd32f10x_spi.o
       528         16          0          0          0       7844   gd32f10x_usart.o
       492         26          0          0          0       3021   iic.o
       276         10          0          0          0       3056   m24c02.o
       776        194          0          4       1120      68104   main.o
       214         16          0          0          0       2627   spi.o
        64         26        260          0       1536        844   startup_gd32f10x_md.o
       416         30          0          0          0       2333   system_gd32f10x.o
       756         72          0          0       8384       5167   usart.o
       360         30          0          0          0       3567   w25q64.o

    ----------------------------------------------------------------------
     10134       1944        544          8      11040     133665   Object Totals
         0          0         32          0          0          0   (incl. Generated)
        22          0          2          0          0          0   (incl. Padding)

    ----------------------------------------------------------------------

      Code (inc. data)   RO Data    RW Data    ZI Data      Debug   Library Member Name

        60          8          0          0          0         84   __0sscanf.o
         8          0          0          0          0         68   __main.o
       392          4         17          0          0         92   __printf_flags_ss_wp.o
        14          0          0          0          0         68   __printf_wp.o
         0          0          0          0          0          0   __rtentry.o
        12          0          0          0          0          0   __rtentry2.o
         6          0          0          0          0          0   __rtentry4.o
        52          8          0          0          0          0   __scatter.o
        26          0          0          0          0          0   __scatter_copy.o
        28          0          0          0          0          0   __scatter_zi.o
        28          0          0          0          0         68   _chval.o
         6          0          0          0          0          0   _printf_a.o
         6          0          0          0          0          0   _printf_c.o
        44          0          0          0          0        108   _printf_char.o
        48          6          0          0          0         96   _printf_char_common.o
        40          0          0          0          0         68   _printf_charcount.o
         6          0          0          0          0          0   _printf_d.o
       120         16          0          0          0         92   _printf_dec.o
         6          0          0          0          0          0   _printf_e.o
         6          0          0          0          0          0   _printf_f.o
      1054          0          0          0          0        216   _printf_fp_dec.o
       764          8         38          0          0        100   _printf_fp_hex.o
       128         16          0          0          0         84   _printf_fp_infnan.o
         6          0          0          0          0          0   _printf_g.o
       148          4         40          0          0        160   _printf_hex_int_ll_ptr.o
         6          0          0          0          0          0   _printf_i.o
       178          0          0          0          0         88   _printf_intcommon.o
        10          0          0          0          0          0   _printf_l.o
         6          0          0          0          0          0   _printf_lc.o
        10          0          0          0          0          0   _printf_ll.o
         6          0          0          0          0          0   _printf_lld.o
         6          0          0          0          0          0   _printf_lli.o
         6          0          0          0          0          0   _printf_llo.o
         6          0          0          0          0          0   _printf_llu.o
         6          0          0          0          0          0   _printf_llx.o
       124         16          0          0          0         92   _printf_longlong_dec.o
         6          0          0          0          0          0   _printf_ls.o
         6          0          0          0          0          0   _printf_n.o
         6          0          0          0          0          0   _printf_o.o
       112         10          0          0          0        124   _printf_oct_int_ll.o
         6          0          0          0          0          0   _printf_p.o
        78          0          0          0          0        108   _printf_pad.o
         0          0          0          0          0          0   _printf_percent.o
         4          0          0          0          0          0   _printf_percent_end.o
         6          0          0          0          0          0   _printf_s.o
        82          0          0          0          0         80   _printf_str.o
        36          0          0          0          0         84   _printf_truncate.o
         6          0          0          0          0          0   _printf_u.o
        44          0          0          0          0        108   _printf_wchar.o
       188          6          8          0          0         92   _printf_wctomb.o
         6          0          0          0          0          0   _printf_x.o
       884          4          0          0          0        100   _scanf.o
       332          0          0          0          0         96   _scanf_int.o
        64          0          0          0          0         84   _sgetc.o
        10          0          0          0          0         68   _sputc.o
        64          0          0          0          0         92   _wcrtomb.o
       228          4        148          0          0         96   bigflt0.o
      1936        128          0          0          0        672   btod.o
        18          0          0          0          0         80   exit.o
         6          0          0          0          0        152   heapauxi.o
         0          0          0          0          0          0   indicate_semi.o
        18          0          0          0          0         76   isspace.o
        44         10        272          0          0         76   lc_ctype_c.o
        44         10         28          0          0         76   lc_numeric_c.o
         2          0          0          0          0          0   libinit.o
        30          0          0          0          0          0   libinit2.o
         2          0          0          0          0          0   libshutdown.o
         2          0          0          0          0          0   libshutdown2.o
         8          4          0          0         96         68   libspace.o
       138          0          0          0          0         80   lludiv10.o
        88          0          0          0          0         76   memcmp.o
        16          4          0          0          0         76   rt_ctype_table.o
         8          4          0          0          0         68   rt_locale_intlibspace.o
        78          0          0          0          0         80   rt_memclr_w.o
       138          0          0          0          0         68   rt_memcpy_v6.o
       100          0          0          0          0         80   rt_memcpy_w.o
         2          0          0          0          0          0   rtexit.o
        10          0          0          0          0          0   rtexit2.o
        44          8          0          0          0         84   scanf_char.o
       128          0          0          0          0         68   strcmpv7m.o
        62          0          0          0          0         76   strlen.o
        12          4          0          0          0         68   sys_exit.o
        74          0          0          0          0         80   sys_stackheap_outer.o
         2          0          0          0          0         68   use_no_semi.o
        36          4          0          0          0         76   vsprintf.o
         4          0          0          0          0         68   printf1.o
         4          0          0          0          0         68   printf2.o
         0          0          0          0          0          0   usenofp.o
        40          0          0          0          0         68   fpclassify.o

    ----------------------------------------------------------------------
      8646        286        552          0         96       5068   Library Totals
        12          0          1          0          0          0   (incl. Padding)

    ----------------------------------------------------------------------

      Code (inc. data)   RO Data    RW Data    ZI Data      Debug   Library Name

      8586        286        551          0         96       4864   c_w.l
         8          0          0          0          0        136   fz_ws.l
        40          0          0          0          0         68   m_ws.l

    ----------------------------------------------------------------------
      8646        286        552          0         96       5068   Library Totals

    ----------------------------------------------------------------------

==============================================================================


      Code (inc. data)   RO Data    RW Data    ZI Data      Debug   

     18780       2230       1096          8      11136     130461   Grand Totals
     18780       2230       1096          8      11136     130461   ELF Image Totals
     18780       2230       1096          8          0          0   ROM Totals

==============================================================================

    Total RO  Size (Code + RO Data)                19876 (  19.41kB)
    Total RW  Size (RW Data + ZI Data)             11144 (  10.88kB)
    Total ROM Size (Code + RO Data + RW Data)      19884 (  19.42kB)

==============================================================================

